BEGIN:VCALENDAR
VERSION:2.0
PRODID:-//algoo.fr//NONSGML Open Calendar v0.9//EN
BEGIN:VTIMEZONE
TZID:Europe/Paris
LAST-MODIFIED:20250523T094234Z
BEGIN:STANDARD
DTSTART:19701025T030000Z
RRULE:FREQ=YEARLY;BYDAY=-1SU;BYMONTH=10
TZNAME:CET
TZOFFSETFROM:+0200
TZOFFSETTO:+0100
END:STANDARD
BEGIN:DAYLIGHT
DTSTART:19700329T020000Z
RRULE:FREQ=YEARLY;BYDAY=-1SU;BYMONTH=3
TZNAME:CEST
TZOFFSETFROM:+0100
TZOFFSETTO:+0200
END:DAYLIGHT
END:VTIMEZONE
BEGIN:VEVENT
UID:f5b69821-addc-4010-9ab8-891df1c33c01
DTSTART;TZID=Europe/Paris;VALUE=DATE-TIME:20250925T093000
DTEND;TZID=Europe/Paris;VALUE=DATE-TIME:20250925T140000
DTSTAMP:20250923T114003Z
SUMMARY:event from opencalendar
END:VEVENT
END:VCALENDAR

