BEGIN:VCALENDAR
VERSION:2.0
PRODID:-//ABC Corporation//NONSGML My Product//EN
BEGIN:VJOURNAL
DTSTAMP:19970324T120000Z
UID:uid5@example.com
ORGANIZER:mailto:jsmith@example.com
STATUS:DRAFT
CLASS:PUBLIC
CATEGORIES:Project Report,XYZ,Weekly Meeting
DESCRIPTION:Project xyz Review Meeting Minutes\nAgenda\n1. Review of projec
 t version 1.0 requirements.\n2.Definitionof project processes.\n3. Review 
 of project schedule.\nParticipants: John Smith\, Jane Doe\, Jim Dandy\n-It
  wasdecided that the requirements need to be signed off byproduct marketin
 g.\n-Project processes were accepted.\n-Project schedule needs to account 
 for scheduled holidaysand employee vacation time. Check with HR for specif
 icdates.\n-New schedule will be distributed by Friday.\n-Next weeks meetin
 g is cancelled. No meeting until 3/23.
END:VJOURNAL
END:VCALENDAR

