BEGIN:VCALENDAR
VERSION:2.0
PRODID:-//Apple Inc.//iCal 4.0.4//EN
CALSCALE:GREGORIAN
BEGIN:VTIMEZONE
TZID:US/Pacific
BEGIN:DAYLIGHT
TZOFFSETFROM:-0800
RRULE:FREQ=YEARLY;BYDAY=2SU;BYMONTH=3
DTSTART:20070311T020000
TZNAME:PDT
TZOFFSETTO:-0700
END:DAYLIGHT
BEGIN:STANDARD
TZOFFSETFROM:-0700
RRULE:FREQ=YEARLY;BYDAY=1SU;BYMONTH=11
DTSTART:20071104T020000
TZNAME:PST
TZOFFSETTO:-0800
END:STANDARD
END:VTIMEZONE
BEGIN:VEVENT
CREATED:20110516T033401Z
UID:39F43724-3103-4379-9A0A-11FAD4FF542A
DTEND;TZID=US/Pacific:20110516T114500
TRANSP:OPAQUE
SUMMARY:Third Event
DTSTART;TZID=US/Pacific:20110516T104500
DTSTAMP:20110516T033404Z
SEQUENCE:2
END:VEVENT
END:VCALENDAR

