BEGIN:VCALENDAR
VERSION:2.0
PRODID:-//sebbo.net//ical-generator.tests//EN
METHOD:PUBLISH
BEGIN:VEVENT
UID:123
SEQUENCE:0
DTSTAMP:20131004T233453Z
DTSTART:20131004T223930Z
DTEND:20131004T233930Z
SUMMARY:Sample Event
LOCATION:Apple Store Kurfürstendamm\nKurfürstendamm 26\, 10719 Berlin\, D
 eutschland
X-APPLE-STRUCTURED-LOCATION;X-ADDRESS="Kurfürstendamm 26, 10719 Berlin, De
 utschland";X-APPLE-RADIUS=141.1751386318387;X-TITLE="Apple Store Kurfürst
 endamm";VALUE=URI:geo:52.50363\,13.32865
GEO:52.50363;13.32865
X-APPLE-TRAVEL-DURATION;VALUE=DURATION:PT30M
X-APPLE-TRAVEL-ADVISORY-BEHAVIOR:ENABLED
X-APPLE-TRAVEL-START;ROUTING=BICYCLE;X-ADDRESS="Turmstr. 39, 10551 Berlin, 
 Deutschland";X-TITLE="Private address";VALUE=URI:geo:52.52683\,13.336345
URL;VALUE=URI:http://sebbo.net/
END:VEVENT
END:VCALENDAR

