BEGIN:VCALENDAR
PRODID:-//Apple Inc.//iPhone OS 26.4.2//EN
VERSION:2.0
CALSCALE:GREGORIAN
BEGIN:VTIMEZONE
TZID:Europe/Vienna
BEGIN:DAYLIGHT
DTSTART:19810329T020000
RRULE:FREQ=YEARLY;BYDAY=-1SU;BYMONTH=3
TZNAME:CEST
TZOFFSETFROM:+0100
TZOFFSETTO:+0200
END:DAYLIGHT
BEGIN:STANDARD
DTSTART:19961027T030000
RRULE:FREQ=YEARLY;BYDAY=-1SU;BYMONTH=10
TZNAME:CET
TZOFFSETFROM:+0200
TZOFFSETTO:+0100
END:STANDARD
END:VTIMEZONE
BEGIN:VEVENT
CLASS:PUBLIC
DESCRIPTION:Passwesen\nAntrag auf ID Austria
DTEND;TZID=Europe/Vienna:20260522T104000
DTSTAMP:20260522T062118Z
DTSTART;TZID=Europe/Vienna:20260522T103000
LAST-MODIFIED:20260522T062116Z
LOCATION:Hauptstraße 1-5\; 4041 Linz
SEQUENCE:0
SUMMARY:Antrag auf ID Austria
TRANSP:OPAQUE
UID:af64eb20-7d10-4482-8b22-921f7656390a
X-APPLE-STRUCTURED-LOCATION;X-APPLE-MAPKIT-HANDLE="CAES1AEI2TIaEgnLfRdbrSdI
 QBHpqcQr/5AsQCJVCgdBdXN0cmlhEgJBVBoNVXBwZXIgQXVzdHJpYTIETGluejoENDA0MEIGVX
 JmYWhyUgxIYXVwdHN0cmHDn2VaAzEtNWIQSGF1cHRzdHJhw59lIDEtNSoQSGF1cHRzdHJhw59l
 IDEtNTIQSGF1cHRzdHJhw59lIDEtNTIJNDA0MCBMaW56MgdBdXN0cmlhODlAAFABWiYKJBISCc
 t9F1utJ0hAEempxCv/kCxAGNkyIO+4lcqkp+25AZADAQ==";X-APPLE-REFERENCEFRAME=1;
 X-TITLE="Hauptstraße 1-5; 4041 Linz";X-APPLE-RADIUS=70.58736402610756;
 VALUE=URI:geo:48.309978\,14.283197
END:VEVENT
END:VCALENDAR

