BEGIN:VCALENDAR
PRODID:-//Google Inc//Google Calendar 70.9054//EN
VERSION:2.0
CALSCALE:GREGORIAN
METHOD:PUBLISH
BEGIN:VTIMEZONE
TZID:America/New_York
X-LIC-LOCATION:America/New_York
BEGIN:DAYLIGHT
TZOFFSETFROM:-0500
TZOFFSETTO:-0400
TZNAME:EDT
DTSTART:19700308T020000
RRULE:FREQ=YEARLY;BYDAY=2SU;BYMONTH=3
END:DAYLIGHT
BEGIN:STANDARD
TZOFFSETFROM:-0400
TZOFFSETTO:-0500
TZNAME:EST
DTSTART:19701101T020000
RRULE:FREQ=YEARLY;BYDAY=1SU;BYMONTH=11
END:STANDARD
END:VTIMEZONE
BEGIN:VEVENT
DTSTART;VALUE=DATE:20200610
DTEND;VALUE=DATE:20200611
RRULE:FREQ=WEEKLY;UNTIL=20200614T030303Z;BYDAY=FR,MO,WE;WKST=SU
DTSTAMP:20200213T202351Z
UID:blahblahblahuid@google.com
CREATED:20190809T165706Z
DESCRIPTION:
LAST-MODIFIED:20190809T165731Z
LOCATION:
SEQUENCE:1
STATUS:CONFIRMED
SUMMARY:MyEvent
TRANSP:OPAQUE
END:VEVENT
END:VCALENDAR

