BEGIN:VCALENDAR
CALSCALE:GREGORIAN
PRODID:-//Apple Inc.//iOS 5.0.1//EN
VERSION:2.0
BEGIN:VTIMEZONE
TZID:Europe/Berlin
BEGIN:DAYLIGHT
DTSTART:19810329T020000
RRULE:FREQ=YEARLY;BYDAY=-1SU;BYMONTH=3
TZNAME:CEST
TZOFFSETFROM:+0100
TZOFFSETTO:+0200
END:DAYLIGHT
BEGIN:STANDARD
DTSTART:19961027T030000
RRULE:FREQ=YEARLY;BYDAY=-1SU;BYMONTH=10
TZNAME:CET
TZOFFSETFROM:+0200
TZOFFSETTO:+0100
END:STANDARD
END:VTIMEZONE
BEGIN:VEVENT
CREATED:20120322T111346Z
DTEND;TZID=Europe/Berlin:20120527T140000
DTSTAMP:20120323T092243Z
DTSTART;TZID=Europe/Berlin:20120527T130000
LAST-MODIFIED:20120322T111346Z
SEQUENCE:0
SUMMARY:🐎Hoppegarten Day
TRANSP:OPAQUE
UID:05D94964-F0A9-47B0-9433-D5E12EB140FA
END:VEVENT
END:VCALENDAR

