BEGIN:VCALENDAR
CALSCALE:GREGORIAN
PRODID:-//Apple Inc.//iCal 3.0m//EN
VERSION:2.0
BEGIN:VTIMEZONE
TZID:Europe/Berlin
BEGIN:DAYLIGHT
DTSTART:19810329T020000
RRULE:FREQ=YEARLY;BYDAY=-1SU;BYMONTH=3
TZNAME:CEST
TZOFFSETFROM:+0100
TZOFFSETTO:+0200
END:DAYLIGHT
BEGIN:STANDARD
DTSTART:19961027T030000
RRULE:FREQ=YEARLY;BYDAY=-1SU;BYMONTH=10
TZNAME:CET
TZOFFSETFROM:+0200
TZOFFSETTO:+0100
END:STANDARD
END:VTIMEZONE
BEGIN:VEVENT
DTEND;TZID=Europe/Berlin:20111020T100000
DTSTAMP:20111020T064721Z
DTSTART;TZID=Europe/Berlin:20111020T090000
LOCATION:1. Rufen Sie folgende Seite auf: https://xxxxxxxxxxxxxx.webex.xxxx
 xxxxxxxxxxxxxxx/j.php?ED=180021367&UID=1242xxxxxx&PW=xxxxxxxxxxxxxxxT=OCMy
 Mg%3D%3D\; 2. Falls erforderlich\; 3. Falls ein Passwort erforderlich ist
 \; 4. Klicken Sie auf "Teilnehmen".\; geben Sie bitte Ihren Namen und Ihre
  E-Mail-Adresse ein.\; geben Sie das Meeting-Passwort ein: xxxx
SEQUENCE:0
SUMMARY:Finanz-IT anrufen
UID:631C01AB-0FE0-4E37-B774-56F05DDAD1E6
END:VEVENT
END:VCALENDAR

