BEGIN:VCALENDAR
VERSION:2.0
PRODID:-//Apple Inc.//iCal 5.0.3//EN
CALSCALE:GREGORIAN
BEGIN:VTIMEZONE
TZID:Europe/Berlin
BEGIN:DAYLIGHT
TZOFFSETFROM:+0100
RRULE:FREQ=YEARLY;BYDAY=-1SU;BYMONTH=3
DTSTART:19810329T020000
TZNAME:CEST
TZOFFSETTO:+0200
END:DAYLIGHT
BEGIN:STANDARD
TZOFFSETFROM:+0200
RRULE:FREQ=YEARLY;BYDAY=-1SU;BYMONTH=10
DTSTART:19961027T030000
TZNAME:CET
TZOFFSETTO:+0100
END:STANDARD
END:VTIMEZONE
BEGIN:VEVENT
DTSTART;TZID=Europe/Berlin:20131126T090000
DTEND;TZID=Europe/Berlin:20131126T120000
TRANSP:OPAQUE
UID:86311155-2891-4AEF-9D99-3D47418FF709
DTSTAMP:20131122T100127Z
X-BUSYMAC-LASTMODBY:jeanette
SEQUENCE:6
SUMMARY:Mail an Frau LaLiLoLu ging am 4.11 raus\, dass du später zur Ralf 
 Sitzung kommst (joda) RALF-Sitzung (bleibt trotz Ausfall des Frühstücks 
 - laut telefonischer Info von Frau LaLiLoLu am 25.10 (joda) Themen:       
                               1. Begrüßung und Eröffnung\n1.1 Begrü
 ßung der Gäste\n1.2 Feststellung der Anwesenheit\n1.3 Eingaben zu TOP 12
                   Verschiedenes (Zeit: 10 Minuten\, Person: Sandra Sulle) 
                                 2. Protokoll der letzten Sitzung (Zeit: 5 
 Minuten\, Ziel: Genehmigung)                         3. Geschlossene Unter
 bringung\,\nEingabe vom PPK-Landesverband\nBayern\n(Zeit: nach Bedarf\, Zi
 el: Information Diskussion\, Person: Sandra Poliz)                        
               4. Vorläufige Festlegung des\nWirtschaftsplanes\n(30 Minute
 n\, Ziel: Information Festlegung\, Person: Präsidium) 5. Eingaben aus der
  Sitzung vom 23.09.2013\n5.1 \n->Lokale Mitgliedschaften für\nKita-Träg
 er (Zeit: 20 Minuten\, Ziel: Information\, Person: Präsidium)\n5.2 ->Rahm
 enverträgePPK-Landesverband\nNordrhein-Westfalen (Zeit: 5 Minuten\, Ziel:
  Information\, Person: Paul Haustie\nZoschke)                             
         6. Vorbereitung von Veranstaltungen\n6.1 ->Delegiertenversammlung 
 und\nPODIUM\, 28.-30.04.2014 in\nHannover\n->DJHT\, 03.-05.06.2014 in Berl
 in (Zeit: 30 Minuten\, Ziel: Information\, Person: Präsidium) 7. Unterneh
 merlöhne (Zeit: nach Bedarf\, Ziel: Information\nDiskussion\, Person: \nO
 leks Schuster)                           8. Arbeitsgruppen\n8.1 ->AG Beitr
 agsordnung\n8.2 ->AG AVE/Tarifvertrag\n(Zeit: 15 Minuten\, Ziel: Bericht\,
  Person: Pauler Paul)                9. Mitarbeiterbefragung (Zeit: 10 Min
 uten\, Ziel: Information\, Person: Präsidium)                   10. Stati
 stische Grunddaten (Zeit: 10 Minuten\, Ziel: Information\, Person: Präsid
 ium)       11. Bericht des Präsidiums (Zeit: 30 Minuten\, Ziel: Bericht\,
  Person: Präsidium)                  12. Verschiedenes (Zeit: 30 Minuten
 \, Ziel: Information)    13. Orte und Termine der nächsten Sitzungen\n(Ze
 it: 10 Minuten\, Ziel: Information)
LAST-MODIFIED:20131104T115830Z
CREATED:20120926T092233Z
BEGIN:VALARM
UID:89774719-61CB-4971-BE9D-2695DA1C500D
ACTION:DISPLAY
DESCRIPTION:
TRIGGER;VALUE=DATE-TIME:19760401T005545Z
X-WR-ALARMUID:B11CCE60-6F7A-4CD1-96BB-717B10C30CEB
X-APPLE-DEFAULT-ALARM:TRUE
END:VALARM
END:VEVENT
END:VCALENDAR

