BEGIN:VCALENDAR
VERSION:2.0
PRODID:-//tine20.org//Tine 2.0 Tasks V7.2//EN
CALSCALE:GREGORIAN
BEGIN:VTIMEZONE
TZID:Europe/Berlin
BEGIN:DAYLIGHT
TZOFFSETFROM:+0100
RRULE:FREQ=YEARLY;BYDAY=-1SU;BYMONTH=3
DTSTART:19810329T020000
TZNAME:CEST
TZOFFSETTO:+0200
END:DAYLIGHT
BEGIN:STANDARD
TZOFFSETFROM:+0200
RRULE:FREQ=YEARLY;BYDAY=-1SU;BYMONTH=10
DTSTART:19961027T030000
TZNAME:CET
TZOFFSETTO:+0100
END:STANDARD
END:VTIMEZONE
BEGIN:VTODO
CREATED;VALUE=DATE-TIME:20130812T110650Z
LAST-MODIFIED;VALUE=DATE-TIME:20130812T110720Z
DTSTAMP;VALUE=DATE-TIME:20130812T110835Z
UID:329DC114-8B59-4D2A-84BD-EB0121108533
SEQUENCE:5
DUE;TZID=Europe/Berlin;VALUE=DATE-TIME:20130812T140000
PRIORITY:0
ORGANIZER;CN="Admin Account, Tine 2.0";EMAIL=unittest@tine20.org:mailto:uni
 ttest@tine20.org
CLASS:PUBLIC
SUMMARY:daily recurring reminder
STATUS:NEEDS-ACTION
X-MOZ-LASTACK;VALUE=DATE-TIME:20130812T110650Z
X-TINE20-CONTAINER:575
BEGIN:VALARM
ACTION:DISPLAY
DESCRIPTION:daily recurring reminder
TRIGGER;VALUE=DATE-TIME:20130812T120000Z
END:VALARM
BEGIN:VALARM
ACTION:DISPLAY
DESCRIPTION:daily recurring reminder
TRIGGER;VALUE=DATE-TIME:20130812T120000Z
END:VALARM
END:VTODO
END:VCALENDAR

