BEGIN:VCALENDAR
PRODID:-//citadel.org//NONSGML Citadel calendar//EN
VERSION:2.0
BEGIN:VTIMEZONE
TZID:/citadel.org/20260108_1/America/Halifax
LAST-MODIFIED:20260108T152803Z
X-LIC-LOCATION:America/Halifax
X-PROLEPTIC-TZNAME:LMT
BEGIN:STANDARD
TZNAME:AST
TZOFFSETFROM:-0414
TZOFFSETTO:-0400
DTSTART:19020615T000000
END:STANDARD
BEGIN:DAYLIGHT
TZNAME:ADT
TZOFFSETFROM:-0400
TZOFFSETTO:-0300
DTSTART:19160401T000000
RDATE:19180414T020000
RDATE:19200509T000000
RDATE:19210506T000000
RDATE:19220430T000000
RDATE:19260516T000000
RDATE:19270501T000000
RDATE:19320501T000000
RDATE:19330430T000000
RDATE:19340520T000000
RDATE:19350602T000000
RDATE:19360601T000000
RDATE:19390528T000000
END:DAYLIGHT
BEGIN:STANDARD
TZNAME:AST
TZOFFSETFROM:-0300
TZOFFSETTO:-0400
DTSTART:19161001T000000
RDATE:19181027T020000
RDATE:19200829T000000
RDATE:19230904T000000
RDATE:19240915T000000
RDATE:19250928T000000
RDATE:19260913T000000
RDATE:19270926T000000
RDATE:19280909T000000
RDATE:19290903T000000
RDATE:19300915T000000
RDATE:19331002T000000
RDATE:19340916T000000
RDATE:19350930T000000
RDATE:19360914T000000
RDATE:19450930T020000
END:STANDARD
BEGIN:STANDARD
TZNAME:AST
TZOFFSETFROM:-0300
TZOFFSETTO:-0400
DTSTART:19210905T000000
RRULE:FREQ=YEARLY;UNTIL=19220905T030000Z
END:STANDARD
BEGIN:DAYLIGHT
TZNAME:ADT
TZOFFSETFROM:-0400
TZOFFSETTO:-0300
DTSTART:19230506T000000
RRULE:FREQ=YEARLY;UNTIL=19250503T040000Z;BYDAY=1SU;BYMONTH=5
END:DAYLIGHT
BEGIN:DAYLIGHT
TZNAME:ADT
TZOFFSETFROM:-0400
TZOFFSETTO:-0300
DTSTART:19280513T000000
RRULE:FREQ=YEARLY;UNTIL=19310510T040000Z;BYDAY=2SU;BYMONTH=5
END:DAYLIGHT
BEGIN:STANDARD
TZNAME:AST
TZOFFSETFROM:-0300
TZOFFSETTO:-0400
DTSTART:19310928T000000
RRULE:FREQ=YEARLY;UNTIL=19320926T030000Z;BYDAY=-1MO;BYMONTH=9
END:STANDARD
BEGIN:DAYLIGHT
TZNAME:ADT
TZOFFSETFROM:-0400
TZOFFSETTO:-0300
DTSTART:19370502T000000
RRULE:FREQ=YEARLY;UNTIL=19380501T040000Z;BYDAY=1SU;BYMONTH=5
END:DAYLIGHT
BEGIN:STANDARD
TZNAME:AST
TZOFFSETFROM:-0300
TZOFFSETTO:-0400
DTSTART:19370927T000000
RRULE:FREQ=YEARLY;UNTIL=19410929T030000Z;BYDAY=-1MO;BYMONTH=9
END:STANDARD
BEGIN:DAYLIGHT
TZNAME:ADT
TZOFFSETFROM:-0400
TZOFFSETTO:-0300
DTSTART:19400505T000000
RRULE:FREQ=YEARLY;UNTIL=19410504T040000Z;BYDAY=1SU;BYMONTH=5
END:DAYLIGHT
BEGIN:DAYLIGHT
TZNAME:AWT
TZOFFSETFROM:-0400
TZOFFSETTO:-0300
DTSTART:19420209T020000
END:DAYLIGHT
BEGIN:DAYLIGHT
TZNAME:APT
TZOFFSETFROM:-0300
TZOFFSETTO:-0300
DTSTART:19450814T200000
END:DAYLIGHT
BEGIN:DAYLIGHT
TZNAME:ADT
TZOFFSETFROM:-0400
TZOFFSETTO:-0300
DTSTART:19460428T020000
RRULE:FREQ=YEARLY;UNTIL=19490424T060000Z;BYDAY=-1SU;BYMONTH=4
END:DAYLIGHT
BEGIN:STANDARD
TZNAME:AST
TZOFFSETFROM:-0300
TZOFFSETTO:-0400
DTSTART:19460929T020000
RRULE:FREQ=YEARLY;UNTIL=19490925T050000Z;BYDAY=-1SU;BYMONTH=9
END:STANDARD
BEGIN:DAYLIGHT
TZNAME:ADT
TZOFFSETFROM:-0400
TZOFFSETTO:-0300
DTSTART:19510429T020000
RRULE:FREQ=YEARLY;UNTIL=19540425T060000Z;BYDAY=-1SU;BYMONTH=4
END:DAYLIGHT
BEGIN:STANDARD
TZNAME:AST
TZOFFSETFROM:-0300
TZOFFSETTO:-0400
DTSTART:19510930T020000
RRULE:FREQ=YEARLY;UNTIL=19540926T050000Z;BYDAY=-1SU;BYMONTH=9
END:STANDARD
BEGIN:DAYLIGHT
TZNAME:ADT
TZOFFSETFROM:-0400
TZOFFSETTO:-0300
DTSTART:19560429T020000
RRULE:FREQ=YEARLY;UNTIL=19590426T060000Z;BYDAY=-1SU;BYMONTH=4
END:DAYLIGHT
BEGIN:STANDARD
TZNAME:AST
TZOFFSETFROM:-0300
TZOFFSETTO:-0400
DTSTART:19560930T020000
RRULE:FREQ=YEARLY;UNTIL=19590927T050000Z;BYDAY=-1SU;BYMONTH=9
END:STANDARD
BEGIN:DAYLIGHT
TZNAME:ADT
TZOFFSETFROM:-0400
TZOFFSETTO:-0300
DTSTART:19620429T020000
RRULE:FREQ=YEARLY;UNTIL=19860427T060000Z;BYDAY=-1SU;BYMONTH=4
END:DAYLIGHT
BEGIN:STANDARD
TZNAME:AST
TZOFFSETFROM:-0300
TZOFFSETTO:-0400
DTSTART:19621028T020000
RRULE:FREQ=YEARLY;UNTIL=20061029T050000Z;BYDAY=-1SU;BYMONTH=10
END:STANDARD
BEGIN:DAYLIGHT
TZNAME:ADT
TZOFFSETFROM:-0400
TZOFFSETTO:-0300
DTSTART:19870405T020000
RRULE:FREQ=YEARLY;UNTIL=20060402T060000Z;BYDAY=1SU;BYMONTH=4
END:DAYLIGHT
BEGIN:DAYLIGHT
TZNAME:ADT
TZOFFSETFROM:-0400
TZOFFSETTO:-0300
DTSTART:20070311T020000
RRULE:FREQ=YEARLY;BYDAY=2SU;BYMONTH=3
END:DAYLIGHT
BEGIN:STANDARD
TZNAME:AST
TZOFFSETFROM:-0300
TZOFFSETTO:-0400
DTSTART:20071104T020000
RRULE:FREQ=YEARLY;BYDAY=1SU;BYMONTH=11
END:STANDARD
END:VTIMEZONE
END:VCALENDAR

