BEGIN:VCALENDAR
PRODID:-//citadel.org//NONSGML Citadel calendar//EN
VERSION:2.0
BEGIN:VTIMEZONE
TZID:/citadel.org/20260108_1/America/Indiana/Vevay
LAST-MODIFIED:20260108T152803Z
X-LIC-LOCATION:America/Indiana/Vevay
X-PROLEPTIC-TZNAME:LMT
BEGIN:STANDARD
TZNAME:CST
TZOFFSETFROM:-0540
TZOFFSETTO:-0600
DTSTART:18831118T121944
END:STANDARD
BEGIN:DAYLIGHT
TZNAME:CDT
TZOFFSETFROM:-0600
TZOFFSETTO:-0500
DTSTART:19180331T020000
RRULE:FREQ=YEARLY;UNTIL=19190330T080000Z;BYDAY=-1SU;BYMONTH=3
END:DAYLIGHT
BEGIN:STANDARD
TZNAME:CST
TZOFFSETFROM:-0500
TZOFFSETTO:-0600
DTSTART:19181027T020000
RRULE:FREQ=YEARLY;UNTIL=19191026T070000Z;BYDAY=-1SU;BYMONTH=10
END:STANDARD
BEGIN:DAYLIGHT
TZNAME:CWT
TZOFFSETFROM:-0600
TZOFFSETTO:-0500
DTSTART:19420209T020000
END:DAYLIGHT
BEGIN:DAYLIGHT
TZNAME:CPT
TZOFFSETFROM:-0500
TZOFFSETTO:-0500
DTSTART:19450814T180000
END:DAYLIGHT
BEGIN:STANDARD
TZNAME:CST
TZOFFSETFROM:-0500
TZOFFSETTO:-0600
DTSTART:19450930T020000
END:STANDARD
BEGIN:STANDARD
TZNAME:EST
TZOFFSETFROM:-0600
TZOFFSETTO:-0500
DTSTART:19540425T020000
END:STANDARD
BEGIN:DAYLIGHT
TZNAME:EDT
TZOFFSETFROM:-0500
TZOFFSETTO:-0400
DTSTART:19690427T020000
RRULE:FREQ=YEARLY;UNTIL=19720430T070000Z;BYDAY=-1SU;BYMONTH=4
END:DAYLIGHT
BEGIN:STANDARD
TZNAME:EST
TZOFFSETFROM:-0400
TZOFFSETTO:-0500
DTSTART:19691026T020000
RRULE:FREQ=YEARLY;UNTIL=19721029T060000Z;BYDAY=-1SU;BYMONTH=10
END:STANDARD
BEGIN:DAYLIGHT
TZNAME:EDT
TZOFFSETFROM:-0500
TZOFFSETTO:-0400
DTSTART:20060402T020000
END:DAYLIGHT
BEGIN:STANDARD
TZNAME:EST
TZOFFSETFROM:-0400
TZOFFSETTO:-0500
DTSTART:20061029T020000
END:STANDARD
BEGIN:DAYLIGHT
TZNAME:EDT
TZOFFSETFROM:-0500
TZOFFSETTO:-0400
DTSTART:20070311T020000
RRULE:FREQ=YEARLY;BYDAY=2SU;BYMONTH=3
END:DAYLIGHT
BEGIN:STANDARD
TZNAME:EST
TZOFFSETFROM:-0400
TZOFFSETTO:-0500
DTSTART:20071104T020000
RRULE:FREQ=YEARLY;BYDAY=1SU;BYMONTH=11
END:STANDARD
END:VTIMEZONE
END:VCALENDAR

