BEGIN:VCALENDAR
PRODID:-//citadel.org//NONSGML Citadel calendar//EN
VERSION:2.0
BEGIN:VTIMEZONE
TZID:/citadel.org/20260108_1/America/Scoresbysund
LAST-MODIFIED:20260108T152803Z
X-LIC-LOCATION:America/Scoresbysund
X-PROLEPTIC-TZNAME:LMT
BEGIN:STANDARD
TZNAME:-02
TZOFFSETFROM:-0127
TZOFFSETTO:-0200
DTSTART:19160728T000000
END:STANDARD
BEGIN:DAYLIGHT
TZNAME:-01
TZOFFSETFROM:-0200
TZOFFSETTO:-0100
DTSTART:19800406T020000
END:DAYLIGHT
BEGIN:STANDARD
TZNAME:-02
TZOFFSETFROM:-0100
TZOFFSETTO:-0200
DTSTART:19800928T030000
END:STANDARD
BEGIN:DAYLIGHT
TZNAME:+00
TZOFFSETFROM:-0200
TZOFFSETTO:+0000
DTSTART:19810329T000000
END:DAYLIGHT
BEGIN:STANDARD
TZNAME:-01
TZOFFSETFROM:+0000
TZOFFSETTO:-0100
DTSTART:19810927T010000
RRULE:FREQ=YEARLY;UNTIL=19950924T010000Z;BYDAY=-1SU;BYMONTH=9
END:STANDARD
BEGIN:DAYLIGHT
TZNAME:+00
TZOFFSETFROM:-0100
TZOFFSETTO:+0000
DTSTART:19820328T000000
RRULE:FREQ=YEARLY;UNTIL=20230326T010000Z;BYDAY=-1SU;BYMONTH=3
END:DAYLIGHT
BEGIN:STANDARD
TZNAME:-01
TZOFFSETFROM:+0000
TZOFFSETTO:-0100
DTSTART:19961027T010000
RRULE:FREQ=YEARLY;UNTIL=20231029T010000Z;BYDAY=-1SU;BYMONTH=10
END:STANDARD
BEGIN:DAYLIGHT
TZNAME:-01
TZOFFSETFROM:-0100
TZOFFSETTO:-0100
DTSTART:20240331T000000
END:DAYLIGHT
BEGIN:STANDARD
TZNAME:-02
TZOFFSETFROM:-0100
TZOFFSETTO:-0200
DTSTART:20241027T000000
RRULE:FREQ=YEARLY;BYDAY=-1SU;BYMONTH=10
END:STANDARD
BEGIN:DAYLIGHT
TZNAME:-01
TZOFFSETFROM:-0200
TZOFFSETTO:-0100
DTSTART:20250329T230000
RRULE:FREQ=YEARLY;BYDAY=SA;BYMONTHDAY=24,25,26,27,28,29,30;BYMONTH=3
END:DAYLIGHT
END:VTIMEZONE
END:VCALENDAR

