BEGIN:VCALENDAR
PRODID:-//citadel.org//NONSGML Citadel calendar//EN
VERSION:2.0
BEGIN:VTIMEZONE
TZID:/citadel.org/20260108_1/Africa/Windhoek
LAST-MODIFIED:20260108T152803Z
X-LIC-LOCATION:Africa/Windhoek
X-PROLEPTIC-TZNAME:LMT
BEGIN:STANDARD
TZNAME:+0130
TZOFFSETFROM:+0108
TZOFFSETTO:+0130
DTSTART:18920208T000000
END:STANDARD
BEGIN:STANDARD
TZNAME:SAST
TZOFFSETFROM:+0130
TZOFFSETTO:+0200
DTSTART:19030301T000000
END:STANDARD
BEGIN:DAYLIGHT
TZNAME:SAST
TZOFFSETFROM:+0200
TZOFFSETTO:+0300
DTSTART:19420920T020000
END:DAYLIGHT
BEGIN:STANDARD
TZNAME:SAST
TZOFFSETFROM:+0300
TZOFFSETTO:+0200
DTSTART:19430321T020000
END:STANDARD
BEGIN:STANDARD
TZNAME:CAT
TZOFFSETFROM:+0200
TZOFFSETTO:+0200
DTSTART:19900321T000000
END:STANDARD
BEGIN:DAYLIGHT
TZNAME:WAT
TZOFFSETFROM:+0200
TZOFFSETTO:+0100
DTSTART:19940321T000000
END:DAYLIGHT
BEGIN:STANDARD
TZNAME:CAT
TZOFFSETFROM:+0100
TZOFFSETTO:+0200
DTSTART:19940904T020000
RRULE:FREQ=YEARLY;UNTIL=20170903T010000Z;BYDAY=1SU;BYMONTH=9
END:STANDARD
BEGIN:DAYLIGHT
TZNAME:WAT
TZOFFSETFROM:+0200
TZOFFSETTO:+0100
DTSTART:19950402T020000
RRULE:FREQ=YEARLY;UNTIL=20170402T000000Z;BYDAY=1SU;BYMONTH=4
END:DAYLIGHT
END:VTIMEZONE
END:VCALENDAR

