BEGIN:VCALENDAR
PRODID:-//tzurl.org//NONSGML Olson 2025a//EN
VERSION:2.0
BEGIN:VTIMEZONE
TZID:/tzurl.org/2025a/Europe/Andorra
LAST-MODIFIED:20250121T082934Z
TZURL:https://www.tzurl.org/zoneinfo-global/Europe/Andorra
X-LIC-LOCATION:Europe/Andorra
X-PROLEPTIC-TZNAME:LMT
BEGIN:STANDARD
TZNAME:WET
TZOFFSETFROM:+0006
TZOFFSETTO:+0000
DTSTART:19010101T000000
END:STANDARD
BEGIN:STANDARD
TZNAME:CET
TZOFFSETFROM:+0000
TZOFFSETTO:+0100
DTSTART:19460930T000000
END:STANDARD
BEGIN:DAYLIGHT
TZNAME:CEST
TZOFFSETFROM:+0100
TZOFFSETTO:+0200
DTSTART:19850331T020000
RRULE:FREQ=YEARLY;BYDAY=-1SU;BYMONTH=3
END:DAYLIGHT
BEGIN:STANDARD
TZNAME:CET
TZOFFSETFROM:+0200
TZOFFSETTO:+0100
DTSTART:19850929T030000
RRULE:FREQ=YEARLY;UNTIL=19950924T010000Z;BYDAY=-1SU;BYMONTH=9
END:STANDARD
BEGIN:STANDARD
TZNAME:CET
TZOFFSETFROM:+0200
TZOFFSETTO:+0100
DTSTART:19961027T030000
RRULE:FREQ=YEARLY;BYDAY=-1SU;BYMONTH=10
END:STANDARD
END:VTIMEZONE
END:VCALENDAR

