BEGIN:VCALENDAR
PRODID:-//tzurl.org//NONSGML Olson 2025a//EN
VERSION:2.0
BEGIN:VTIMEZONE
TZID:/tzurl.org/2025a/Pacific/Rarotonga
LAST-MODIFIED:20250121T082934Z
TZURL:https://www.tzurl.org/zoneinfo-global/Pacific/Rarotonga
X-LIC-LOCATION:Pacific/Rarotonga
X-PROLEPTIC-TZNAME:LMT
BEGIN:STANDARD
TZNAME:LMT
TZOFFSETFROM:+1320
TZOFFSETTO:-1039
DTSTART:18991226T000000
END:STANDARD
BEGIN:STANDARD
TZNAME:-1030
TZOFFSETFROM:-1039
TZOFFSETTO:-1030
DTSTART:19521016T000000
END:STANDARD
BEGIN:DAYLIGHT
TZNAME:-0930
TZOFFSETFROM:-1030
TZOFFSETTO:-0930
DTSTART:19781112T000000
END:DAYLIGHT
BEGIN:STANDARD
TZNAME:-10
TZOFFSETFROM:-0930
TZOFFSETTO:-1000
DTSTART:19790304T000000
RRULE:FREQ=YEARLY;UNTIL=19910303T093000Z;BYDAY=1SU;BYMONTH=3
END:STANDARD
BEGIN:DAYLIGHT
TZNAME:-0930
TZOFFSETFROM:-1000
TZOFFSETTO:-0930
DTSTART:19791028T000000
RRULE:FREQ=YEARLY;UNTIL=19901028T100000Z;BYDAY=-1SU;BYMONTH=10
END:DAYLIGHT
END:VTIMEZONE
END:VCALENDAR

