BEGIN:VCALENDAR
PRODID:-//citadel.org//NONSGML Citadel calendar//EN
VERSION:2.0
BEGIN:VTIMEZONE
TZID:/citadel.org/20260108_1/Africa/Maseru
TZID-ALIAS-OF:/citadel.org/20260108_1/Africa/Johannesburg
LAST-MODIFIED:20260108T152803Z
X-LIC-LOCATION:Africa/Maseru
X-PROLEPTIC-TZNAME:LMT
BEGIN:STANDARD
TZNAME:SAST
TZOFFSETFROM:+0152
TZOFFSETTO:+0130
DTSTART:18920208T000000
END:STANDARD
BEGIN:STANDARD
TZNAME:SAST
TZOFFSETFROM:+0130
TZOFFSETTO:+0200
DTSTART:19030301T000000
END:STANDARD
BEGIN:DAYLIGHT
TZNAME:SAST
TZOFFSETFROM:+0200
TZOFFSETTO:+0300
DTSTART:19420920T020000
RRULE:FREQ=YEARLY;UNTIL=19430919T000000Z;BYDAY=3SU;BYMONTH=9
END:DAYLIGHT
BEGIN:STANDARD
TZNAME:SAST
TZOFFSETFROM:+0300
TZOFFSETTO:+0200
DTSTART:19430321T020000
RRULE:FREQ=YEARLY;UNTIL=19440318T230000Z;BYDAY=3SU;BYMONTH=3
END:STANDARD
END:VTIMEZONE
END:VCALENDAR

