BEGIN:VCALENDAR
PRODID:-//tzurl.org//NONSGML Olson 2025a//EN
VERSION:2.0
BEGIN:VTIMEZONE
TZID:/tzurl.org/2025a/America/La_Paz
LAST-MODIFIED:20250121T082934Z
TZURL:https://www.tzurl.org/zoneinfo-global/America/La_Paz
X-LIC-LOCATION:America/La_Paz
X-PROLEPTIC-TZNAME:LMT
BEGIN:STANDARD
TZNAME:CMT
TZOFFSETFROM:-0432
TZOFFSETTO:-0432
DTSTART:18900101T000000
END:STANDARD
BEGIN:DAYLIGHT
TZNAME:BST
TZOFFSETFROM:-0432
TZOFFSETTO:-0332
DTSTART:19311015T000000
END:DAYLIGHT
BEGIN:STANDARD
TZNAME:-04
TZOFFSETFROM:-0332
TZOFFSETTO:-0400
DTSTART:19320321T000000
END:STANDARD
END:VTIMEZONE
END:VCALENDAR

