BEGIN:VCALENDAR
PRODID:-//citadel.org//NONSGML Citadel calendar//EN
VERSION:2.0
BEGIN:VTIMEZONE
TZID:/citadel.org/20260108_1/America/La_Paz
LAST-MODIFIED:20260108T152803Z
X-LIC-LOCATION:America/La_Paz
X-PROLEPTIC-TZNAME:LMT
BEGIN:STANDARD
TZNAME:CMT
TZOFFSETFROM:-0432
TZOFFSETTO:-0432
DTSTART:18900101T000000
END:STANDARD
BEGIN:DAYLIGHT
TZNAME:BST
TZOFFSETFROM:-0432
TZOFFSETTO:-0332
DTSTART:19311015T000000
END:DAYLIGHT
BEGIN:STANDARD
TZNAME:-04
TZOFFSETFROM:-0332
TZOFFSETTO:-0400
DTSTART:19320321T000000
END:STANDARD
END:VTIMEZONE
END:VCALENDAR

