BEGIN:VCALENDAR
PRODID:-//citadel.org//NONSGML Citadel calendar//EN
VERSION:2.0
BEGIN:VTIMEZONE
TZID:/citadel.org/20260108_1/America/Adak
LAST-MODIFIED:20260108T152933Z
X-LIC-LOCATION:America/Adak
BEGIN:DAYLIGHT
TZNAME:HDT
TZOFFSETFROM:-1000
TZOFFSETTO:-0900
DTSTART:19700308T020000
RRULE:FREQ=YEARLY;BYDAY=2SU;BYMONTH=3
END:DAYLIGHT
BEGIN:STANDARD
TZNAME:HST
TZOFFSETFROM:-0900
TZOFFSETTO:-1000
DTSTART:19701101T020000
RRULE:FREQ=YEARLY;BYDAY=1SU;BYMONTH=11
END:STANDARD
END:VTIMEZONE
END:VCALENDAR

