BEGIN:VCARD
VERSION:3.0
N:Gump;Forrest
FN:Forrest Gump
ORG:Bubba Gump Shrimp Co.
TITLE:Shrimp Man
PHOTO;TYPE=GIF;VALUE=URL:http://upload.wikimedia.org/wikipedia/commons/thum
 b/a/a5/Example_svg.svg/200px-Example_svg.svg.png
TEL;TYPE=WORK,VOICE:(111) 555-1212
TEL;TYPE=HOME,VOICE:(404) 555-1212
TEL;TYPE=HOME,"TYPE=VOICE":(404) 555-1213
ADR;TYPE=WORK:;;100 Waters Edge;Baytown;LA;30314;United States of America
LABEL;TYPE=WORK:100 Waters Edge\nBaytown\, LA 30314\nUnited States of Ameri
 ca
ADR;TYPE=HOME:;;42 Plantation St.;Baytown;LA;30314;United States of America
LABEL;TYPE=HOME:42 Plantation St.\nBaytown\, LA 30314\nUnited States of Ame
 rica
EMAIL;TYPE=PREF,INTERNET:forrestgump@example.com
AGENT;VALUE=URI:CID:JQPUBLIC.part3.960129T083020.xyzMail@host3.com
AGENT:BEGIN:VCARDVERSION:3.0N:Gump\;ForrestFN:Forrest GumpORG:Bubba Gump Sh
 rimp Co.TITLE:Shrimp ManPHOTO\;VALUE=URL\;TYPE=GIF:http://upload.wikimedia
 .org/wikipedia/commons/thumb/a/a5/Example_svg.svg/200px-Example_svg.svg.pn
 gTEL\;TYPE=WORK\,VOICE:(111) 555-1212TEL\;TYPE=HOME\,VOICE:(404) 555-1212T
 EL\;TYPE=HOME\,TYPE=VOICE:(404) 555-1213ADR\;TYPE=WORK:\;\;100 Waters Edge
 \;Baytown\;LA\;30314\;United States of AmericaLABEL\;TYPE=WORK:100 Waters 
 Edge\nBaytown\, LA 30314\nUnited States of AmericaADR\;TYPE=HOME:\;\;42 Pl
 antation St.\;Baytown\;LA\;30314\;United States of AmericaLABEL\;TYPE=HOME
 :42 Plantation St.\nBaytown\, LA 30314\nUnited States of AmericaEMAIL\;TYP
 E=PREF\,INTERNET:forrestgump@example.comREV:20080424T195243ZEND:VCARD
REV:20080424T195243Z
END:VCARD

