BEGIN:VCARD
VERSION:2.1
FN:John Doe
N:Doe;john;;;
ORG:Acme Solutions
TEL;TYPE=CELL:+96123456789
PHOTO;ENCODING=BASE64:/9j/4QFaRXhpZgAASUkqAAgAAAAAABABAgABAAAAAAAAABIBAwABA
 AAAAQAAABoBBQABAAAAhgAAABsBBQABAAAAjgAAACgBAwABAAAAAgAAADEBAgAWAAAAlgAAADI
 BAgABAAAAAAAAABMCAwABAAAAAQAAAGmHBAABAAAArAAAAAAAAABIAAAAAQAAAEgAAAABAAAAU
 mltIEV4aWYgVmVyc2lvbjEuMDBhAAwAmoIFAAEAAABCAQAAAJAHAAQAAAAwMjIwA5ACAAEAAAA
 AAAAAAZEHAAQAAAABAgMABpIFAAEAAABKAQAACJIDAAEAAAAAAAAACZIDAAEAAAAgAAAAfJIHA
 AAAAAAAAAAAAaADAAEAAAABAAAAAqADAAEAAABCAAAAA6ADAAEAAABkAAAAC6QHAAAAAAAAAAA
 AAAAAAAAAAAABAAAAAAAAAAEAAAD/2wCEABIMDRANCxIQDhAUExIVGywdGxgYGzYnKSAsQDlEQ
 z85Pj1HUGZXR0thTT0+WXlaYWltcnNyRVV9hnxvhWZwcm4BExQUGxcbNB0dNG5JPklubm5ubm5
 ubm5ubm5ubm5ubm5ubm5ubm5ubm5ubm5ubm5ubm5ubm5ubm5ubm5ubm5ubv/EAaIAAAEFAQEBA
 QEBAAAAAAAAAAABAgMEBQYHCAkKCwEAAwEBAQEBAQEBAQAAAAAAAAECAwQFBgcICQoLEAACAQM
 DAgQDBQUEBAAAAX0BAgMABBEFEiExQQYTUWEHInEUMoGRoQgjQrHBFVLR8CQzYnKCCQoWFxgZG
 iUmJygpKjQ1Njc4OTpDREVGR0hJSlNUVVZXWFlaY2RlZmdoaWpzdHV2d3h5eoOEhYaHiImKkpO
 UlZaXmJmaoqOkpaanqKmqsrO0tba3uLm6wsPExcbHyMnK0tPU1dbX2Nna4eLj5OXm5+jp6vHy8
 /T19vf4+foRAAIBAgQEAwQHBQQEAAECdwABAgMRBAUhMQYSQVEHYXETIjKBCBRCkaGxwQkjM1L
 wFWJy0QoWJDThJfEXGBkaJicoKSo1Njc4OTpDREVGR0hJSlNUVVZXWFlaY2RlZmdoaWpzdHV2d
 3h5eoKDhIWGh4iJipKTlJWWl5iZmqKjpKWmp6ipqrKztLW2t7i5usLDxMXGx8jJytLT1NXW19j
 Z2uLj5OXm5+jp6vLz9PX29/j5+v/AABEIAGQAQgMBEQACEQEDEQH/2gAMAwEAAhEDEQA/AOGoA
 KACgBQCTgdaAHmFlHIoAYaAAEjpQAlABQAUAFABQB0mh6MHtvPn4L8gegoAl1G0tUhb5gD2oA5
 mRQrkA5oAZQAUAFABQAUAS20XmzKCGK5G7b1xQB3s1tJHpymzTduUbR6UAczqOl6wsZluIn8v2
 xgUAYjAgkHOfegBKACgAoAKACgC/o09xDeYtnRGcYZnAIA68/lQBq6j4quHIisyI40GC2PvH19
 qAJpnv7/TP7Q88mNlIeJJCQGHHTt9KAOYdtzZIwaAGkYoASgAoAKACgDp5tKWHwtayxOsZufml
 aU4zzwPpQBiS6fcRywx7Qxmx5ZU5D5OODQB0GpwPoFiLaNiN4y/fJxzQBy8rB2yOvegBlACUAF
 ABQAo6igD0a1jnurJGk8n7OsKJFG65xgD5vr1oAybCyvbTUoZt4mUPzzu2j2oAt+NkW4sUlH3l
 HNAHCUAFACUAFABQAo6igD0qyfzdCiS7SMK0QGNp6fnQBy4W10/URNHK6orcLnAIoAm13VBcbV
 iIMLKpz6UAczJjzGx0zQA2gBKAFoAKAFXgjNAHZ6hrNuNNjWJvmKAcHp/nigDkZpWduSaAGCVg
 uM8UAMoASgAoAKAHqOM0ANNADg7KBzkDsaALWba7ljjjh8h3IUncSufX1/nQBZvfDt/ZffRXHq
 hzQBmPGyHDAg0ANKkdQaAEoAKAH5wuKAFXnk0AMbrQAqEqQwOCDkfWgD0TT9Xs9WsI98sYnCgS
 Ix2898Z6igDL1b7HArHfEh9iCf8aAOWup1lc+X09aAK4GRmgA/GgBQMtg0APXk80AMYfNQAh64
 FADvagBMUALjH1oAQ+goAdt96ADHGWoAXkDNADDwOepoAaOtADyeaAFxt/wB7+VAAqknmgCWC2
 lnfbGhZsgYHv0pqLlsJtLcGgkRinyMLoiz61elAEJ5OaAEBe3tQAuOc0AShQBxx70ASafqD2E3
 mois2QRuVyeQ+ZIzkLliSeta8zJ5Uf/9k

NOTE:
END:VCARD

