BEGIN:VCARD
VERSION:2.1
N:Doe;John;;Mr.;III
FN:John Doe III
NICKNAME:Joey
ORG:Company\, The;TheDepartment
TITLE:The Job Title
NOTE:This is the note field!!\r\nSecond line\r\n\r\nThird line is empty\r\n
TEL;TYPE=WORK,VOICE:BusinessPhone
TEL;TYPE=HOME,VOICE:HomePhone
TEL;TYPE=CELL,VOICE:MobilePhone
TEL;TYPE=WORK,FAX:BusinessFaxPhone
ADR;TYPE=WORK:;TheOffice;123 Main St;Austin;TX;12345;United States of Ameri
 ca
LABEL;TYPE=WORK:TheOffice\r\n123 Main St\r\nAustin\, TX 12345\r\nUnited Sta
 tes of America
URL;TYPE=WORK:http://web-page-address.com
ROLE:TheProfession
BDAY:1980-03-21
KEY;X509;ENCODING=BASE64:MIIDITCCAoqgAwIBAgIQT52W2WawmStUwpV8tBV9TTANBgkqhk
 iG9w0BAQUFADBMMQswCQYDVQQGEwJaQTElMCMGA1UEChMcVGhhd3RlIENvbnN1bHRpbmcgKFB0
 eSkgTHRkLjEWMBQGA1UEAxMNVGhhd3RlIFNHQyBDQTAeFw0xMTEwMjYwMDAwMDBaFw0xMzA5Mz
 AyMzU5NTlaMGgxCzAJBgNVBAYTAlVTMRMwEQYDVQQIEwpDYWxpZm9ybmlhMRYwFAYDVQQHFA1N
 b3VudGFpbiBWaWV3MRMwEQYDVQQKFApHb29nbGUgSW5jMRcwFQYDVQQDFA53d3cuZ29vZ2xlLm
 NvbTCBnzANBgkqhkiG9w0BAQEFAAOBjQAwgYkCgYEA3rcmQ6aZhc04pxUJuc8PycNVjIjujI0o
 JyRLKl6g2Bb6YRhLz21ggNM1QDJywI8S2OVOj7my9tkVXlqGMaO6hqpryNlxjMzNJxMenUJdOP
 anrO/6YvMYgdQkRn8Bd3zGKokUmbuYOR2oGfs5AER9G5RqeC1prcB6LPrQ2iASmNMCAwEAAaOB
 5zCB5DAMBgNVHRMBAf8EAjAAMDYGA1UdHwQvMC0wK6ApoCeGJWh0dHA6Ly9jcmwudGhhd3RlLm
 NvbS9UaGF3dGVTR0NDQS5jcmwwKAYDVR0lBCEwHwYIKwYBBQUHAwEGCCsGAQUFBwMCBglghkgB
 hvhCBAEwcgYIKwYBBQUHAQEEZjBkMCIGCCsGAQUFBzABhhZodHRwOi8vb2NzcC50aGF3dGUuY2
 9tMD4GCCsGAQUFBzAChjJodHRwOi8vd3d3LnRoYXd0ZS5jb20vcmVwb3NpdG9yeS9UaGF3dGVf
 U0dDX0NBLmNydDANBgkqhkiG9w0BAQUFAAOBgQAhrNWuyjSJWsKrUtKyNGadeqvu5nzVfsJcKL
 t0AMkQH0IT/GmKHiSgAgDpulvKGQSy068Bsn5fFNum21K5mvMSf3yinDtvmX3qUA12IxL/92Zz
 KbeVCq3Yi7LeIOkKcGQRCMha8X2e7GmlpdWC1ycenlbN0nbVeSv3JUMcafC4+Q==

EMAIL;PREF;INTERNET:jdoe@hotmail.com
FBURL:????????????????s????????????
REV:20121012T210525Z
END:VCARD

