BEGIN:VCARD
VERSION:4.0
SOURCE:ldap://cn=Meister%20Berger,o=Universitaet%20Goerlitz,c=DE
name:Meister Berger
FN:Meister Berger
N:Berger;Meister
BDAY;VALUE=DATE:1963-09
o:Universit=E6t G=F6rlitz
TITLE:Mayor
TITLE;LANGUAGE=de;VALUE=TEXT:Burgermeister
NOTE:The Mayor of the great city of Goerlitz in the great country of Germany
 .
EMAIL;internet:mb@goerlitz.de
home.TEL;TYPE=FAX,VOICE,msg:+49 3581 123456
home.label:Hufenshlagel 1234\n02828 Goerlitz\nDeutschland
KEY;TYPE=X509:data:;base64\,MIICajCCAdOgAwIBAgICBEUwDQYJKoZIhvcNAQEEBQAwdzEL
 MAkGA1UEBhMCVVMxLDAqBgNVBAoTI05ldHNjYXBlIENvbW11bmljYXRpb25zIENvcnBvcmF0aW
 9uMRwwGgYDVQQLExNJbmZvcm1hdGlvbiBTeXN0ZW1zMRwwGgYDVQQDExNyb290Y2EubmV0c2Nh
 cGUuY29tMB4XDTk3MDYwNjE5NDc1OVoXDTk3MTIwMzE5NDc1OVowgYkxCzAJBgNVBAYTAlVTMS
 YwJAYDVQQKEx1OZXRzY2FwZSBDb21tdW5pY2F0aW9ucyBDb3JwLjEYMBYGA1UEAxMPVGltb3Ro
 eSBBIEhvd2VzMSEwHwYJKoZIhvcNAQkBFhJob3dlc0BuZXRzY2FwZS5jb20xFTATBgoJkiaJk/
 IsZAEBEwVob3dlczBcMA0GCSqGSIb3DQEBAQUAA0sAMEgCQQC0JZf6wkg8pLMXHHCUvMfL5H6z
 jSk4vTTXZpYyrdN2dXcoX49LKiOmgeJSzoiFKHtLOIboyludF90CgqcxtwKnAgMBAAGjNjA0MB
 EGCWCGSAGG+EIBAQQEAwIAoDAfBgNVHSMEGDAWgBT84FToB/GV3jr3mcau+hUMbsQukjANBgkq
 hkiG9w0BAQQFAAOBgQBexv7o7mi3PLXadkmNP9LcIPmx93HGp0Kgyx1jIVMyNgsemeAwBM+MSl
 hMfcpbTrONwNjZYW8vJDSoi//yrZlVt9bJbs7MNYZVsyF1unsqaln4/vy6Uawfg8VUMk1U7jt8
 LYpo4YULU7UZHPYVUaSgVttImOHZIKi4hlPXBOhcUQ==
END:VCARD

