BEGIN:VCARD
VERSION:3.0
N:01;User;;;
FN:User 01
EMAIL;TYPE=INTERNET,WORK,pref:user01@example.com
TEL;TYPE=WORK,pref:1-555-555-5555
TEL;TYPE=CELL:1-444-444-4444
ADR;TYPE=WORK,pref:;;1245 Test;Sesame Street;California;11111;USA
UID:user01-uid01
END:VCARD

BEGIN:VCARD
VERSION:3.0
N:02;User;;;
FN:User 02
EMAIL;TYPE=INTERNET,WORK,pref:user02@example.com
TEL;TYPE=WORK,pref:1-555-555-5555
TEL;TYPE=CELL:1-444-444-4444
ADR;TYPE=WORK,pref:;;1245 Test;Sesame Street;California;11111;USA
UID:user01-uid02
END:VCARD

