BEGIN:VCARD
VERSION:3.0
N;CHARSET=UTF-8:Ňug;Źacc;;;
FN;CHARSET=UTF-8:Źacc Ňug
ORG:;59910056
EMAIL;TYPE=INTERNET,WORK,pref:adamczyk@example.com
item1.X-JABBER;TYPE=pref:adamczyk@example.com
item1.X-ABLabel:_$!<Other>!$_
PHOTO;ENCODING=b:/9j/4AAQSkZJRgABAQAAAQABAAD/4QBARXhpZgAATU0AKgAAAAgAAYdpAA
 QAAAABAAAAGgAAAAAAAqACAAQAAAABAAAAQKADAAQAAAABAAAAQAAAAAD/2wBDAAIBAQIBAQIC
 AQICAgICAwUDAwMDAwYEBAMFBwYHBwcGBgYHCAsJBwgKCAYGCQ0JCgsLDAwMBwkNDg0MDgsMDA
 v/2wBDAQICAgMCAwUDAwULCAYICwsLCwsLCwsLCwsLCwsLCwsLCwsLCwsLCwsLCwsLCwsLCwsL
 CwsLCwsLCwsLCwsLCwv/wAARCABAAEADASIAAhEBAxEB/8QAHwAAAQUBAQEBAQEAAAAAAAAAAA
 ECAwQFBgcICQoL/8QAtRAAAgEDAwIEAwUFBAQAAAF9AQIDAAQRBRIhMUEGE1FhByJxFDKBkaEI
 I0KxwRVS0fAkM2JyggkKFhcYGRolJicoKSo0NTY3ODk6Q0RFRkdISUpTVFVWV1hZWmNkZWZnaG
 lqc3R1dnd4eXqDhIWGh4iJipKTlJWWl5iZmqKjpKWmp6ipqrKztLW2t7i5usLDxMXGx8jJytLT
 1NXW19jZ2uHi4+Tl5ufo6erx8vP09fb3+Pn6/8QAHwEAAwEBAQEBAQEBAQAAAAAAAAECAwQFBg
 cICQoL/8QAtREAAgECBAQDBAcFBAQAAQJ3AAECAxEEBSExBhJBUQdhcRMiMoEIFEKRobHBCSMz
 UvAVYnLRChYkNOEl8RcYGRomJygpKjU2Nzg5OkNERUZHSElKU1RVVldYWVpjZGVmZ2hpanN0dX
 Z3eHl6goOEhYaHiImKkpOUlZaXmJmaoqOkpaanqKmqsrO0tba3uLm6wsPExcbHyMnK0tPU1dbX
 2Nna4uPk5ebn6Onq8vP09fb3+Pn6/9oADAMBAAIRAxEAPwD9/KKKRm2jNAHmn7TX7TfhD9kP4T
 X/AIz+N+qHT9FsWWIAJvnvJ2+5Bbx/xyNtbav+yzMyqrNX5kfHz/gux47+JH2uf4CJY+BdHhX9
 xvig1DVZvm+9Is37uP8A3UVtu77zVQ/4LSfFC8/au/bt8L/BzSpmt/Dvgtt1/N/D9oeBZ5mVf4
 mWNoIlb+Hc/wDerC8J/wDBPPwktjDqGt2t5OGb90Xn2xsq/wAW2vnc0zOWHfJBnuZZk88fHnRq
 /Dr/AIODviB8Krzf8adGtfG2iwxL9tljsP7OvLVuz+bFuiZf95Fr7z/4J4/8FOPCv/BQi01MeG
 bJtF1XTI1uPsD3H2nzrdvl81X2L91jtK/7S18PX37N3hzw3p9ymg2Nuouk2OJfm8xP7vzfw1y/
 /BFj4T3PwA/4Kga14e0ceTolxYahLAPm+WJ4opdn+6rfd/3azyvN3iJxps1zXI3l1JTufthRSJ
 92lr6Y+eCmz/6pqdTJvu0Afi/+0v4Qurr/AIKsfEzVLO1uE0yO4V/teP3Uj/ZYEeJf9tW3bl/3
 f9mtj/hsTRYZrDTbbR9W1ORp0RrkKy23zsyKsbNtVvmjb7u77v8ADWT8V/2y/BH7Vf7Uvj3Wvg
 Fra3Ol6Lr02hzwblVpriBEV7xV+80Uvl/JJ/sNVr4ia3pGl6fo934b0Rb+8miaWeYxbvsvy/M8
 a/3vu/d+avhsy1xMoyifoWT0HTw8J05eZt/H79oa0+G+sabpVnoH9uNrW1YJLdmeS3/ib/vncv
 zNW7+wkz2X/BQPwd4saGaGw1/S7vS9krlZY7hkbYWj2/d2wybv9rbXk9n8XNC8RR2L2FrdX8ka
 7pYr+yaBodqr8u5v+Wn3v++a7XwD+1r8MvgH+0R8Ntf+OXjLRfA+g396y282pS+XEzeU67dy/d
 VWZVaRvlXd8zLuqMtvTxEI2N86oqph5zqT0P2ATpTqwPBHjvQfiZ4ZtdZ+G+uaV4g0i8G6C/0y
 8S6trhf+mcsbMrf8Bat+vvD82CviD/gvF/wUDsf2Bv2BPFF7o+o2sPjnxpbvoHhe0eXbPJPOvl
 zXEar822CJ2k3fd3bF/iWvT/8Agof/AMFKPhp/wTW+EDeKP2hNSkkvrvKaRoVjtfUtalXqsEbM
 qqq7hulbaq/721W/lm/4KJ/8FAfGf/BR/wDaP1X4h/GadYQy/ZdJ0mF2a10OyVv3VvFu+997c8
 n3nfc3y/KqgD/+CcvxwX4P/H+/025ZUj8WWqQW8kjbV+0RNviVm/290i/7zLX6YeFfiBZ/Fa1+
 yNcataX1ujKv2S6aCSP+Jf7y7l/2lr8WLXQ5tS0+8urbzFk0lUuFdN3yrv2t8y/d+8rf8Br7N/
 Y9+MusfF21NtZ6r9j8ZafBxKfl/tCL7u7/AGn/ALy/8C/irwczwalL2qPoMnzJ0V7KR93f8I5c
 3E0B8VNqX9m6WrIsdxMv+mP/AH5tv+sb+Lb93/Zr81P+CqXxom8XfHTTfDdtKraP4R05bSAJ93
 zpVWWVv++fK/75r69+Fc3i3VPE09h481CS4dW2tEHZd3+0y7f/AEJq+S/2vvgTB4q/awkkvJZm
 0HxVrMWkvfW/zNp98sUG5f7u7ZNHIsbfeXf/AHdy8mWxjHEczPQz3Eyr4f3I2iedfsh/t8fFr9
 g/xM+r/so+ONY8IS3Dq11aQFZdPvtv8M9pMrRSf7zLu/2q/ob/AOCDn/BbPxP/AMFNdK8Q6N+0
 H4Z0LQdf8Li3jTWNPvPIttcll3fuo7KZmkjlVV8xtryLtb5dv3a/nB+PX7L3if4A6hcp4hgXUN
 HhnMX9qWas0GVZl2TL96CT5f8AVv8AN/d3V+pf7E3wx0H/AIJs/sT6R48+N7alBcrLb+I/EFvY
 bfPkW5liWGBd23c8UTLtXcu13evoq1aNPla6nxlz89/+Cgn7b3ir/goR+0p4i+JfxUdre41ZlT
 TtMjunnttFtY1VUt4Gk+7H8rSN8q7pHZv4q8Dtz9ommifcHjRnTHzeZ81WbiVWmC42Nu6Gqd0F
 3bk3K/3cj+9/C1bln0P/AME9vhyfj9408WfD1INyeINDa+S4+bbay2rblaRV+8jLPIvy/Nu27f
 7tfY/hX/g32+KPwdmXWPDHj/S7nxFZ2aatpEGkWL/8TBN22VVkmZfmVWjZo2XayvXxP/wTv/bA
 0r9kP9oIeJviLpsl7pmoabNpN1PbL+/t0ldGZ1j+6zfu1X+H5Wb/AHq/ob/Zb/aW8M/tjfsx6f
 4p+A+vWuvX/g2VZYjE/wC//drtaCeP70bPB8rK38SbvmrkvFz5ZmNSU4y5onx34y0nTdN8I6jd
 3mk3nhXxT4bX/ibWd/qNvPLfWu1UW9ijjVWhj83crRtu27l+Zq8x/Zq8BWuif8EkP2ovjR4p8N
 2viV7rU0v9GF2xjjtZbO4tlW8iZfm82LdJIu3bu27G+Vmr72/4KCfDzwnrXwB1jx7oPgWHWJvE
 mh3Vlq2qWk9vaXOm2T2rrvkaT95Kqz+Qqxp/Ey/3avfF79lWw+GP/BFLxH8ItGgWL+zfhVcWd0
 qLuaS9+wNPM7f3ma58xqwhgYUq3PDQ9Cpm86+Ejh6msr7+R+aX2LTvGn7UVp4buYY7jQvjIuk6
 k43bkkhTc16n/Avs0Xzf9NVrU/4OCvGEvgX4C+D/AA9bSsi+KtZaeWNPu+TZxbv++fMnh/74rz
 n4c+KX0n9mH9nv4x2z5/4Q3UrL7cQu7bazyrZ3qM391ZGglX+789cz/wAHDXxnXxd8Xvh74YsX
 32+h6HLft/F+9vJ9q/8AkO0X/vqlGHNVRwxjqf/Z
UID:758A985D-4887-4FC4-A670-3D7BC920D2A1:ABPerson
END:VCARD

