BEGIN:VCARD
VERSION:3.0
N:Here;Custom;Fields;All;
FN:All Custom Fields Here
NICKNAME:custome
ORG:Major League Co.;Macosx server group
TITLE:QA Engineer
EMAIL;TYPE=INTERNET,WORK,pref:custom@example.com
TEL;TYPE=WORK,pref:555-555-5555
TEL;TYPE=CELL:555-555-5555
item1.ADR;TYPE=WORK,pref:;;1 Gor St.;Mountain Top;CA;99999;USA
item1.X-ABADR:us
NOTE: Many custome fields are added
item2.URL;TYPE=pref:http://www.example.jp/~magic
item2.X-ABLabel:_$!<HomePage>!$_
BDAY;VALUE=DATE:1999-03-18
X-AIM;TYPE=WORK,pref:custom@example.com
item3.X-ABDATE;TYPE=pref:1995-05-21
item3.X-ABLabel:_$!<Anniversary>!$_
item4.X-ABRELATEDNAMES;TYPE=pref:Aho Sak
item4.X-ABLabel:_$!<Friend>!$_
item5.X-ABRELATEDNAMES:Sanma
item5.X-ABLabel:_$!<Assistant>!$_
UID:AFBB77B8-0438-4825-A1DB-A75D76B6C3A8:ABPerson
END:VCARD

