BEGIN:VCARD
VERSION:3.0
N;CHARSET=UTF-8:山口;ももえ;;;
FN;CHARSET=UTF-8:ももえ 山口
NICKNAME;CHARSET=UTF-8:モモエチャン
ORG:;59620056
EMAIL;TYPE=INTERNET,WORK,pref:jarch_apple@example.com
item1.ADR;TYPE=WORK,pref;CHARSET=UTF-8:;;１−３−２　一丁目３番
 地　マンション新宿５号室;新宿;東京;934−8783;日本
item1.X-ABADR:us
item2.URL;TYPE=pref:http://www.example.jp
item2.X-ABLabel:_$!<HomePage>!$_
item3.X-JABBER;TYPE=pref:jarch_apple@example.com
item3.X-ABLabel:_$!<Other>!$_
PHOTO;ENCODING=b:/9j/4AAQSkZJRgABAQAAAQABAAD/7QA8UGhvdG9zaG9wIDMuMAA4QklNBA
 QAAAAAAB8cAVoAAxslRxwCAAACAAIcAhkAC1Bob3RvIEJvb3RoAP/iG6hJQ0NfUFJPRklMRQAB
 AQAAG5hhcHBsAgAAAG1udHJSR0IgWFlaIAfaAAEAEwAJADEABGFjc3BBUFBMAAAAAAAAAAAAAA
 AAAAAAAAAAAAAAAAAAAAD21gABAAAAANMtYXBwbFYcEOZVYuhIRg5LwLIi62wAAAAAAAAAAAAA
 AAAAAAAAAAAAAAAAAAAAAAAAAAAAEXJYWVoAAAFQAAAAFGdYWVoAAAFkAAAAFGJYWVoAAAF4AA
 AAFHd0cHQAAAGMAAAAFGNoYWQAAAGgAAAALHJUUkMAAAHMAAAIDGdUUkMAAAnYAAAIDGJUUkMA
 ABHkAAAIDGFhcmcAABnwAAAAIGFhZ2cAABoQAAAAIGFhYmcAABowAAAAIHZjZ3QAABpQAAAAMG
 5kaW4AABqAAAAAOGRlc2MAABq4AAAAZGRzY20AABscAAAALm1tb2QAABtMAAAAKGNwcnQAABt0
 AAAAJFhZWiAAAAAAAAB7vQAAQXsAAAJLWFlaIAAAAAAAAFYqAACp0AAAFF9YWVogAAAAAAAAJO
 8AABS1AAC8glhZWiAAAAAAAADz2AABAAAAARYIc2YzMgAAAAAAAQu3AAAFlv//81cAAAcpAAD9
 1///+7f///2mAAAD2gAAwPZjdXJ2AAAAAAAABAAAAAAFAAoADwAUABkAHgAjACgALQAyADcAOw
 BAAEUASgBPAFQAWQBeAGMAaABtAHIAdwB8AIEAhgCLAJAAlQCaAJ8ApACpAK4AsgC3ALwAwQDG
 AMsA0ADVANoA4ADlAOoA8AD1APsBAQEHAQwBEgEYAR4BJQErATEBOAE+AUUBSwFSAVkBYAFmAW
 0BdQF8AYMBigGSAZkBoQGoAbABuAHAAcgB0AHYAeAB6QHxAfoCAgILAhQCHAIlAi4CNwJAAkoC
 UwJcAmYCcAJ5AoMCjQKXAqECqwK1Ar8CygLUAt8C6gL0Av8DCgMVAyADKwM3A0IDTQNZA2UDcA
 N8A4gDlAOgA6wDuQPFA9ID3gPrA/gEBAQRBB4ELAQ5BEYEVARhBG8EfASKBJgEpgS0BMIE0QTf
 BO4E/AULBRoFKAU3BUcFVgVlBXQFhAWTBaMFswXDBdMF4wXzBgMGFAYkBjUGRQZWBmcGeAaJBp
 oGqwa9Bs4G4AbyBwMHFQcnBzkHTAdeB3AHgweWB6gHuwfOB+EH9AgICBsILwhCCFYIagh+CJII
 pgi6CM4I4wj3CQwJIQk2CUsJYAl1CYoJoAm1CcsJ4An2CgwKIgo5Ck8KZQp8CpIKqQrACtcK7g
 sFCx0LNAtLC2MLewuTC6sLwwvbC/MMDAwkDD0MVgxuDIcMoQy6DNMM7Q0GDSANOg1UDW4NiA2i
 DbwN1w3xDgwOJw5CDl0OeA6TDq8Oyg7mDwIPHg86D1YPcg+OD6sPyA/kEAEQHhA7EFgQdhCTEL
 EQzhDsEQoRKBFGEWQRgxGhEcAR3xH+Eh0SPBJbEnoSmhK5EtkS+RMZEzkTWRN6E5oTuxPbE/wU
 HRQ+FF8UgRSiFMQU5RUHFSkVSxVtFZAVshXVFfcWGhY9FmAWgxanFsoW7hcSFzUXWRd9F6IXxh
 fqGA8YNBhZGH0YoxjIGO0ZExk4GV4ZhBmqGdAZ9hodGkMaahqQGrca3hsGGy0bVBt8G6Mbyxvz
 HBscQxxsHJQcvRzmHQ4dNx1gHYodsx3dHgYeMB5aHoQerh7YHwMfLR9YH4Mfrh/ZIAQgMCBbII
 cgsyDeIQohNyFjIY8hvCHpIhUiQiJwIp0iyiL4IyUjUyOBI68j3SQMJDokaSSXJMYk9SUkJVQl
 gyWzJeImEiZCJnImoybTJwMnNCdlJ5Ynxyf4KCooWyiNKL4o8CkiKVUphym5KewqHypSKoUquC
 rrKx4rUiuGK7or7iwiLFYsiiy/LPQtKS1eLZMtyC39LjMuaS6eLtQvCy9BL3cvri/kMBswUjCJ
 MMEw+DEwMWcxnzHXMg8ySDKAMrgy8TMqM2MznDPVNA80SDSCNLw09jUwNWo1pTXfNho2VTaQNs
 s3BjdCN343uTf1ODE4bTiqOOY5IzlgOZ052joXOlQ6kjrPOw07SzuJO8c8BjxEPIM8wj0BPUA9
 fz2/Pf4+Pj5+Pr4+/j8/P38/wEAAQEFAgkDEQQVBR0GIQcpCDEJOQpFC00MWQ1hDm0PeRCFEZU
 SoROxFMEV0RbhF/EZARoVGykcOR1NHmUfeSCNIaUivSPVJO0mBScdKDkpVSptK4ksqS3FLuEwA
 TEhMkEzYTSBNaE2xTfpOQk6MTtVPHk9nT7FP+1BFUI9Q2VEkUW5RuVIEUk9SmlLlUzFTfFPIVB
 RUYFStVPlVRlWSVd9WLFZ6VsdXFFdiV7BX/lhMWJpY6Vk4WYZZ1VokWnRaw1sTW2NbslwDXFNc
 o1z0XURdlV3mXjdeiV7aXyxffl/QYCJgdGDHYRlhbGG/YhJiZWK5YwxjYGO0ZAhkXGSxZQVlWm
 WvZgRmWWavZwRnWmewaAZoXGiyaQlpX2m2ag1qZGq8axNra2vDbBtsc2zLbSNtfG3Vbi5uh27g
 bzpvk2/tcEdwoXD7cVZxsHILcmZywXMcc3hz03QvdIt053VDdaB1/HZZdrZ3E3dwd854K3iJeO
 d5RXmjegJ6YHq/ex57fXvcfDx8m3z7fVt9u34bfnx+3H89f55//4BggMKBI4GFgeeCSYKrgw6D
 cIPThDaEmYT8hWCFw4YnhouG74dUh7iIHYiBiOaJTImxihaKfIrii0iLrowUjHuM4o1Ija+OF4
 5+juWPTY+1kB2QhZDukVaRv5IokpGS+pNkk82UN5ShlQuVdZXglkqWtZcgl4uX95himM6ZOpmm
 mhKafprrm1ebxJwxnJ+dDJ15neeeVZ7DnzGfoKAPoH2g7KFbocuiOqKqoxqjiqP6pGqk26VMpb
 ymLqafpxCngqf0qGWo2KlKqbyqL6qiqxWriKv7rG+s461WrcuuP66zryivnbARsIew/LFxseey
 XbLTs0mzv7Q2tK21JLWbthK2ibcBt3m38bhpuOG5WrnSuku6xLs+u7e8MLyqvSS9nr4ZvpO/Dr
 +JwATAf8D6wXbB8cJtwunDZsPixF/E3MVZxdbGU8bRx07HzMhKyMnJR8nGykXKxMtDy8LMQszB
 zUHNwc5CzsLPQ8/D0ETQxtFH0cjSStLM007T0NRT1NbVWNXb1l7W4tdl1+nYbdjx2XXZ+tp/2w
 PbiNwO3JPdGd2e3iTeqt8x37fgPuDF4Uzh0+Ja4uLjauPy5HrlAuWL5hPmnOcl56/oOOjC6Uzp
 1upg6urrdev/7IrtFu2h7izuuO9E79DwXPDp8XXyAvKP8xzzqvQ39MX1U/Xh9m/2/veM+Bv4qv
 k5+cn6Wfro+3j8CPyZ/Sn9uv5L/tz/bmN1cnYAAAAAAAAEAAAAAAUACgAPABQAGQAeACMAKAAt
 ADIANwA7AEAARQBKAE8AVABZAF4AYwBoAG0AcgB3AHwAgQCGAIsAkACVAJoAnwCkAKkArgCyAL
 cAvADBAMYAywDQANUA2gDgAOUA6gDwAPUA+wEBAQcBDAESARgBHgElASsBMQE4AT4BRQFLAVIB
 WQFgAWYBbQF1AXwBgwGKAZIBmQGhAagBsAG4AcAByAHQAdgB4AHpAfEB+gICAgsCFAIcAiUCLg
 I3AkACSgJTAlwCZgJwAnkCgwKNApcCoQKrArUCvwLKAtQC3wLqAvQC/wMKAxUDIAMrAzcDQgNN
 A1kDZQNwA3wDiAOUA6ADrAO5A8UD0gPeA+sD+AQEBBEEHgQsBDkERgRUBGEEbwR8BIoEmASmBL
 QEwgTRBN8E7gT8BQsFGgUoBTcFRwVWBWUFdAWEBZMFowWzBcMF0wXjBfMGAwYUBiQGNQZFBlYG
 ZwZ4BokGmgarBr0GzgbgBvIHAwcVBycHOQdMB14HcAeDB5YHqAe7B84H4Qf0CAgIGwgvCEIIVg
 hqCH4IkgimCLoIzgjjCPcJDAkhCTYJSwlgCXUJigmgCbUJywngCfYKDAoiCjkKTwplCnwKkgqp
 CsAK1wruCwULHQs0C0sLYwt7C5MLqwvDC9sL8wwMDCQMPQxWDG4MhwyhDLoM0wztDQYNIA06DV
 QNbg2IDaINvA3XDfEODA4nDkIOXQ54DpMOrw7KDuYPAg8eDzoPVg9yD44Pqw/ID+QQARAeEDsQ
 WBB2EJMQsRDOEOwRChEoEUYRZBGDEaERwBHfEf4SHRI8ElsSehKaErkS2RL5ExkTORNZE3oTmh
 O7E9sT/BQdFD4UXxSBFKIUxBTlFQcVKRVLFW0VkBWyFdUV9xYaFj0WYBaDFqcWyhbuFxIXNRdZ
 F30XohfGF+oYDxg0GFkYfRijGMgY7RkTGTgZXhmEGaoZ0Bn2Gh0aQxpqGpAatxreGwYbLRtUG3
 wboxvLG/McGxxDHGwclBy9HOYdDh03HWAdih2zHd0eBh4wHloehB6uHtgfAx8tH1gfgx+uH9kg
 BCAwIFsghyCzIN4hCiE3IWMhjyG8IekiFSJCInAinSLKIvgjJSNTI4EjryPdJAwkOiRpJJckxi
 T1JSQlVCWDJbMl4iYSJkImciajJtMnAyc0J2UnlifHJ/goKihbKI0ovijwKSIpVSmHKbkp7Cof
 KlIqhSq4KusrHitSK4YruivuLCIsViyKLL8s9C0pLV4tky3ILf0uMy5pLp4u1C8LL0Evdy+uL+
 QwGzBSMIkwwTD4MTAxZzGfMdcyDzJIMoAyuDLxMyozYzOcM9U0DzRINII0vDT2NTA1ajWlNd82
 GjZVNpA2yzcGN0I3fje5N/U4MThtOKo45jkjOWA5nTnaOhc6VDqSOs87DTtLO4k7xzwGPEQ8gz
 zCPQE9QD1/Pb89/j4+Pn4+vj7+Pz8/fz/AQABAQUCCQMRBBUFHQYhBykIMQk5CkULTQxZDWEOb
 Q95EIURlRKhE7EUwRXRFuEX8RkBGhUbKRw5HU0eZR95II0hpSK9I9Uk7SYFJx0oOSlVKm0riSy
 pLcUu4TABMSEyQTNhNIE1oTbFN+k5CToxO1U8eT2dPsU/7UEVQj1DZUSRRblG5UgRST1KaUuVT
 MVN8U8hUFFRgVK1U+VVGVZJV31YsVnpWx1cUV2JXsFf+WExYmljpWThZhlnVWiRadFrDWxNbY1
 uyXANcU1yjXPRdRF2VXeZeN16JXtpfLF9+X9BgImB0YMdhGWFsYb9iEmJlYrljDGNgY7RkCGRc
 ZLFlBWVaZa9mBGZZZq9nBGdaZ7BoBmhcaLJpCWlfabZqDWpkarxrE2tra8NsG2xzbMttI218bd
 VuLm6HbuBvOm+Tb+1wR3ChcPtxVnGwcgtyZnLBcxxzeHPTdC90i3TndUN1oHX8dll2tncTd3B3
 zngreIl453lFeaN6Anpger97Hnt9e9x8PHybfPt9W327fht+fH7cfz1/nn//gGCAwoEjgYWB54
 JJgquDDoNwg9OENoSZhPyFYIXDhieGi4bvh1SHuIgdiIGI5olMibGKFop8iuKLSIuujBSMe4zi
 jUiNr44Xjn6O5Y9Nj7WQHZCFkO6RVpG/kiiSkZL6k2STzZQ3lKGVC5V1leCWSpa1lyCXi5f3mG
 KYzpk6maaaEpp+muubV5vEnDGcn50MnXmd555VnsOfMZ+goA+gfaDsoVuhy6I6oqqjGqOKo/qk
 aqTbpUylvKYupp+nEKeCp/SoZajYqUqpvKovqqKrFauIq/usb6zjrVaty64/rrOvKK+dsBGwh7
 D8sXGx57JdstOzSbO/tDa0rbUktZu2EraJtwG3ebfxuGm44blaudK6S7rEuz67t7wwvKq9JL2e
 vhm+k78Ov4nABMB/wPrBdsHxwm3C6cNmw+LEX8TcxVnF1sZTxtHHTsfMyErIyclHycbKRcrEy0
 PLwsxCzMHNQc3BzkLOws9Dz8PQRNDG0UfRyNJK0szTTtPQ1FPU1tVY1dvWXtbi12XX6dht2PHZ
 ddn62n/bA9uI3A7ck90Z3Z7eJN6q3zHft+A+4MXhTOHT4lri4uNq4/LkeuUC5YvmE+ac5yXnr+
 g46MLpTOnW6mDq6ut16//siu0W7aHuLO6470Tv0PBc8OnxdfIC8o/zHPOq9Df0xfVT9eH2b/b+
 94z4G/iq+Tn5yfpZ+uj7ePwI/Jn9Kf26/kv+3P9uY3VydgAAAAAAAAQAAAAABQAKAA8AFAAZAB
 4AIwAoAC0AMgA3ADsAQABFAEoATwBUAFkAXgBjAGgAbQByAHcAfACBAIYAiwCQAJUAmgCfAKQA
 qQCuALIAtwC8AMEAxgDLANAA1QDaAOAA5QDqAPAA9QD7AQEBBwEMARIBGAEeASUBKwExATgBPg
 FFAUsBUgFZAWABZgFtAXUBfAGDAYoBkgGZAaEBqAGwAbgBwAHIAdAB2AHgAekB8QH6AgICCwIU
 AhwCJQIuAjcCQAJKAlMCXAJmAnACeQKDAo0ClwKhAqsCtQK/AsoC1ALfAuoC9AL/AwoDFQMgAy
 sDNwNCA00DWQNlA3ADfAOIA5QDoAOsA7kDxQPSA94D6wP4BAQEEQQeBCwEOQRGBFQEYQRvBHwE
 igSYBKYEtATCBNEE3wTuBPwFCwUaBSgFNwVHBVYFZQV0BYQFkwWjBbMFwwXTBeMF8wYDBhQGJA
 Y1BkUGVgZnBngGiQaaBqsGvQbOBuAG8gcDBxUHJwc5B0wHXgdwB4MHlgeoB7sHzgfhB/QICAgb
 CC8IQghWCGoIfgiSCKYIugjOCOMI9wkMCSEJNglLCWAJdQmKCaAJtQnLCeAJ9goMCiIKOQpPCm
 UKfAqSCqkKwArXCu4LBQsdCzQLSwtjC3sLkwurC8ML2wvzDAwMJAw9DFYMbgyHDKEMugzTDO0N
 Bg0gDToNVA1uDYgNog28DdcN8Q4MDicOQg5dDngOkw6vDsoO5g8CDx4POg9WD3IPjg+rD8gP5B
 ABEB4QOxBYEHYQkxCxEM4Q7BEKESgRRhFkEYMRoRHAEd8R/hIdEjwSWxJ6EpoSuRLZEvkTGRM5
 E1kTehOaE7sT2xP8FB0UPhRfFIEUohTEFOUVBxUpFUsVbRWQFbIV1RX3FhoWPRZgFoMWpxbKFu
 4XEhc1F1kXfReiF8YX6hgPGDQYWRh9GKMYyBjtGRMZOBleGYQZqhnQGfYaHRpDGmoakBq3Gt4b
 BhstG1QbfBujG8sb8xwbHEMcbByUHL0c5h0OHTcdYB2KHbMd3R4GHjAeWh6EHq4e2B8DHy0fWB
 +DH64f2SAEIDAgWyCHILMg3iEKITchYyGPIbwh6SIVIkIicCKdIsoi+CMlI1MjgSOvI90kDCQ6
 JGkklyTGJPUlJCVUJYMlsyXiJhImQiZyJqMm0ycDJzQnZSeWJ8cn+CgqKFsojSi+KPApIilVKY
 cpuSnsKh8qUiqFKrgq6yseK1Irhiu6K+4sIixWLIosvyz0LSktXi2TLcgt/S4zLmkuni7ULwsv
 QS93L64v5DAbMFIwiTDBMPgxMDFnMZ8x1zIPMkgygDK4MvEzKjNjM5wz1TQPNEg0gjS8NPY1MD
 VqNaU13zYaNlU2kDbLNwY3Qjd+N7k39TgxOG04qjjmOSM5YDmdOdo6FzpUOpI6zzsNO0s7iTvH
 PAY8RDyDPMI9AT1APX89vz3+Pj4+fj6+Pv4/Pz9/P8BAAEBBQIJAxEEFQUdBiEHKQgxCTkKRQt
 NDFkNYQ5tD3kQhRGVEqETsRTBFdEW4RfxGQEaFRspHDkdTR5lH3kgjSGlIr0j1STtJgUnHSg5K
 VUqbSuJLKktxS7hMAExITJBM2E0gTWhNsU36TkJOjE7VTx5PZ0+xT/tQRVCPUNlRJFFuUblSBF
 JPUppS5VMxU3xTyFQUVGBUrVT5VUZVklXfVixWelbHVxRXYlewV/5YTFiaWOlZOFmGWdVaJFp0
 WsNbE1tjW7JcA1xTXKNc9F1EXZVd5l43Xole2l8sX35f0GAiYHRgx2EZYWxhv2ISYmViuWMMY2
 BjtGQIZFxksWUFZVplr2YEZllmr2cEZ1pnsGgGaFxosmkJaV9ptmoNamRqvGsTa2trw2wbbHNs
 y20jbXxt1W4ubodu4G86b5Nv7XBHcKFw+3FWcbByC3JmcsFzHHN4c9N0L3SLdOd1Q3Wgdfx2WX
 a2dxN3cHfOeCt4iXjneUV5o3oCemB6v3see3173Hw8fJt8+31bfbt+G358ftx/PX+ef/+AYIDC
 gSOBhYHngkmCq4MOg3CD04Q2hJmE/IVghcOGJ4aLhu+HVIe4iB2IgYjmiUyJsYoWinyK4otIi6
 6MFIx7jOKNSI2vjheOfo7lj02PtZAdkIWQ7pFWkb+SKJKRkvqTZJPNlDeUoZULlXWV4JZKlrWX
 IJeLl/eYYpjOmTqZppoSmn6a65tXm8ScMZyfnQydeZ3nnlWew58xn6CgD6B9oOyhW6HLojqiqq
 Mao4qj+qRqpNulTKW8pi6mn6cQp4Kn9KhlqNipSqm8qi+qoqsVq4ir+6xvrOOtVq3Lrj+us68o
 r52wEbCHsPyxcbHnsl2y07NJs7+0NrSttSS1m7YStom3Abd5t/G4abjhuVq50rpLusS7Pru3vD
 C8qr0kvZ6+Gb6Tvw6/icAEwH/A+sF2wfHCbcLpw2bD4sRfxNzFWcXWxlPG0cdOx8zISsjJyUfJ
 xspFysTLQ8vCzELMwc1BzcHOQs7Cz0PPw9BE0MbRR9HI0krSzNNO09DUU9TW1VjV29Ze1uLXZd
 fp2G3Y8dl12fraf9sD24jcDtyT3Rndnt4k3qrfMd+34D7gxeFM4dPiWuLi42rj8uR65QLli+YT
 5pznJeev6DjowulM6dbqYOrq63Xr/+yK7Rbtoe4s7rjvRO/Q8Fzw6fF18gLyj/Mc86r0N/TF9V
 P14fZv9v73jPgb+Kr5OfnJ+ln66Pt4/Aj8mf0p/br+S/7c/25wYXJhAAAAAAADAAAAAmZmAADy
 pwAADVkAABPQAAALA3BhcmEAAAAAAAMAAAACZmYAAPKnAAANWQAAE9AAAAsDcGFyYQAAAAAAAw
 AAAAJmZgAA8qcAAA1ZAAAT0AAACwN2Y2d0AAAAAAAAAAEAAQAAAAAAAAABAAAAAQAAAAAAAAAB
 AAAAAQAAAAAAAAABAABuZGluAAAAAAAAADAAAKPAAABXwAAASsAAAJ5AAAAlQAAAEwAAAFBAAA
 BUQAACMzMAAjMzAAIzM2Rlc2MAAAAAAAAACkNpbmVtYSBIRAAAAAAAAAAAAAAAAAAAAAAAAAAA
 AAAAAAAAAAAAAAAAAAAAAAAAAAAAAAAAAAAAAAAAAAAAAAAAAAAAAAAAAAAAAAAAAAAAAAAAAA
 AAAABtbHVjAAAAAAAAAAEAAAAMZW5VUwAAABIAAAAcAEMAaQBuAGUAbQBhACAASABEAABtbW9k
 AAAAAAAABhAAAJIjAgAqqcBCT4AAAAAAAAAAAAAAAAAAAAAAdGV4dAAAAABDb3B5cmlnaHQgQX
 BwbGUsIEluYy4sIDIwMTAA/+EAQEV4aWYAAE1NACoAAAAIAAGHaQAEAAAAAQAAABoAAAAAAAKg
 AgAEAAAAAQAAAoCgAwAEAAAAAQAAAeAAAAAA/9sAQwACAgICAgECAgICAgICAwMGBAMDAwMHBQ
 UEBggHCAgIBwgICQoNCwkJDAoICAsPCwwNDg4ODgkLEBEPDhENDg4O/9sAQwECAgIDAwMGBAQG
 DgkICQ4ODg4ODg4ODg4ODg4ODg4ODg4ODg4ODg4ODg4ODg4ODg4ODg4ODg4ODg4ODg4ODg4O/8
 AAEQgB4AKAAwEiAAIRAQMRAf/EAB8AAAEFAQEBAQEBAAAAAAAAAAABAgMEBQYHCAkKC//EALUQ
 AAIBAwMCBAMFBQQEAAABfQECAwAEEQUSITFBBhNRYQcicRQygZGhCCNCscEVUtHwJDNicoIJCh
 YXGBkaJSYnKCkqNDU2Nzg5OkNERUZHSElKU1RVVldYWVpjZGVmZ2hpanN0dXZ3eHl6g4SFhoeI
 iYqSk5SVlpeYmZqio6Slpqeoqaqys7S1tre4ubrCw8TFxsfIycrS09TV1tfY2drh4uPk5ebn6O
 nq8fLz9PX29/j5+v/EAB8BAAMBAQEBAQEBAQEAAAAAAAABAgMEBQYHCAkKC//EALURAAIBAgQE
 AwQHBQQEAAECdwABAgMRBAUhMQYSQVEHYXETIjKBCBRCkaGxwQkjM1LwFWJy0QoWJDThJfEXGB
 kaJicoKSo1Njc4OTpDREVGR0hJSlNUVVZXWFlaY2RlZmdoaWpzdHV2d3h5eoKDhIWGh4iJipKT
 lJWWl5iZmqKjpKWmp6ipqrKztLW2t7i5usLDxMXGx8jJytLT1NXW19jZ2uLj5OXm5+jp6vLz9P
 X29/j5+v/aAAwDAQACEQMRAD8A+To438n5HVipGCR1q/Em6JiwOc9PrUEKbY8KCd3SrsUZUfNk
 7sZA9ayje2jCbjHboWoh5gIJCsp71PHErQltrDcfXrTQvz4I4zwAeasLE8bcA4HTNNU07u+ooK
 Ld0yaJFEWQCGwCD6CtJBFsOCSx6nNVwuxE+Q5HC59KsxxuACNufUjpWjp33ZLm0TwpsdgnO3HG
 fWrSjEnG7nr+VQRIWYqQ3J4q7GMNnOCTilaNxzaT1Y+NWSJQw6Lipo13RM3pgfjUa5RzuO5asx
 KikEkYA6VqtI+pLaWhZZRJFGDlyMkY71MgUIecgjn61HbguCjoyg9+lSxoVbDHbnkkjpWaj0fQ
 ldrig52+4yaFj2y8AqvbmlCls4ODnAJ9Ksqylxxz0Fa81mrIt3jHTqKkW/DZ5PJxUgQhmByXBz
 +lAAUAk9D2qcbAFZTuPcntUOUm7Iq17SYigNGoYbiF7UhGJfQAZz2zUiliduRwdtTkYQhSFXd1
 NDk927lRScit85kG3gnHFLhwAFHOc/Wp4wNuVHHc1IACxB7D16VE2+a6QX3uiEJlD8pyTkj0p2
 394QQSQMYFSnOSMhe3Sm7Cjqmecck1fNeOpMoprRgFOCOetOcMSrHg9elPAxIN2MHkcdqcRltu
 Dg85rG0m9EFuzI/LRWwAScZJz1qdYQ6EkYZe1KiFnG0qPXNPwSQpJI7Y705yfRltSe5XdHLbu2
 enpT1HzorHOBjHtUmxhkkPj+VTJGwYFgNp6k9qXncIzTViAxgAjsPU0Kn4euas+WcOx4GaBHk7
 sL1GM96q65Xd3KjFW0ZFjaSQQ425NSrGSARwTkA9s0qRqCSenQVZCrsO0MOelRKSTSSM3q9Csy
 5Us3LnH51IYyYs5zg8U4JyTtJwanCsEwMHDZxjkD3q4JNle8rscgySOM/xe9O2sMdTjJx9KmSJ
 t7FgASevtT1j3MCucg9/SpcnfVGcVGz1K5A3K5545+tChshh1PUmrYjUxlQCy57elBSQPwowDj
 mm9VuNP3WV+EYEhsZwD71J5J8hPmBPU+9WFBEhLAcgHkd6MFQvTI45PQVV9dUOzbuiqy7QY14w
 c59qV41LYHJz61Oqqck5Ck5570BAH3N+B9aXMloWm4+RD5fBU8Z70/CGIIRkgCpH+UZYZUd6RE
 ClRz64PUVUWum5Ls3e40KOWPJJySO1O2ARk7SecjHrUx4G7aCuc1IIt5G3PqwpXfVA1FSRXXPk
 ruO3PApArlxhgFAw1WOA4UgLzyT/ACppUuu3B2selWvd3RDTTd1Yr/OZM54PU+1QqDu5OwDocd
 auldockfTNQAttBlAKdiB1pdW2i3HmV0tCA9HwDgNjFVHAM24Da2CRn0q80eWPGFIz9DVdo+u7
 5h0yKiN4PRgrRV73KgDbl24B5xnvUbB9x2jAH86uBBgsM5XvnpUBDEE7lJ7itLoEkiIKwO5Dgn
 1HWlbywxDk5HQ+9TE7odqDaucjPUVGw+UtwxPYCsVBbBy8xG65jcHJycDHeq4j3LuHAA+6fX1q
 9jeMgDJ6HFQbSYsZ6frXRBNJ3JbtuisBiTK88jj3pXZyjsOCCOoqfaDKCo+975pxVhHtwAMYJN
 Z631FzK+xS2hgxYcqvr1qIYDbiCMj86uGPDBWHTuO9Q+UCgC/fz1NaXhs2a+0SVkQBR5me5/Wo
 2CkMGyvHU/WrRTM23DZzyewprKwKbgSMdMVlzLWxGiaZWZjgncMdAKh2MZPu4wME5qw6cL8v3R
 SNteQqnUD5qSduhUndaFJ0zDg9R1xUBjDJtwdpXIIq4yb3L7H9wTTHXbBtTHzdCaq/K77icVoo
 meYiybHO0d6rSJt6EEdiexrTKtxsXLY5Paq7RMJgSAV9AO9aRloxwhzbsoup2LzkHjFV5EJCg4
 Cgg5J71ovHvZQT8oyenJqJok3spy2RkUmna19yNFKyZmkFQp77TkfWmYAUKwK854rQ8tGiBLLn
 uPU01kXG/cCc8nHFRey1KbVrWM4oPvAhWB4J7etV2RfkUckNlauunm4JAHJOMVXlj2gEHoM5qK
 cYq/mVDkdmys20naecZGRVcqQAduATyPStJAB8q7Xz6dxULsm0gRk49T1pTcl0M5rXRGaYwqAs
 chhgjpz2pohVSH5DAYPPerk4Aj2k8KPkJqMqhVsjA+8aykoyV1qyKrbdmcPbIxtyuVDk8fnU6r
 IGwdofkdO3rTIInVztB4HrV6AMW3Pznnnr9K0Ti/e6lxS2JI0CpuxuI6Cre1WXBIyM8jtUaBWc
 FM4PcnirO35gvOSMgY61cZrZjcHGWwi7iuCcj+Ee1X9hXaW4GOcnvUSqDtAIYDgEVbRCBubJwc
 VSkk77EX5unyFQnapVjwfWrigjkHDcHJ5qFVIjD4G0jgkd6srGGm5IU4yea05+idg93axKCN6k
 rvBPIFWU2iR8grn7opIIwTtDAgc4qYRESj5DhelJVOgRkh6K5X5uFHT3NWM5D56ds0kSkCMEdu
 hqVEEm4ZAb+lNpLV7DhK716CAgAZIXb6ipCSUYfx54I9KcEGdzfMO3vUwUsQdp9zUOSvciDs7i
 RhfJAI3AEDOeasEqVZQhB3YzTFXksFOMAjPQ1KuWl5GOetOUrlNSXoBQHaOjcfnUka5U8YHbPe
 nlOeDnjipowcruCliMAAVkqivoTKWtyNFwrZHy+3rTRlnYpww9RVlk25yehAxTdv8AdGQD0qlO
 +xoprls9xrMCB8wyf0pCuWHfHenCPMuzGOeuKmSM7kBIZTyfX6VF9GPVOxCvLZPOD27VKEbIJy
 pB4PtTyquWCgkcdOtSohG35WbB4FKLk7hLyIwrGU7umck461OqnIBABxxgUoV15QBhyRxU6eYe
 oyMfLxRe1rpBza3bsQZQjcfu9TUygsrkKewB7U7CBcbcZOOaeyB9wG4ZYdDilLlRLV43aITGuP
 mJ6cD0p21sBODjgcdqnxmPIU8cD6UuTtw2D6cYzQ46FySk1cjCfu8MMgHjFAQlNoGVz1q4qghS
 VyT2oC4QYVjk5JHalC9rijOMVpoVkUhyQC4x0FWQB5bYG3d1Y/yp+z+JAct/KpnX5Azjbz0NNT
 aYk4vcr7ZNoyQwHT61NtO44OM/p7U5doVdx5IPSpgCEAGCTxWmluxUdFqyMAhcHO3GKcSfJORk
 Ajp6U9cFgMH/AGs96fszGV2n1xUzXSwKdyIE7GUjjqPWmMMjoTk8+9TjG7ZyzY5FLt3KNwwR29
 KXw9AcbNELITCVOGbsQKaAxkI6AdzVkgliFU7R3pdqm4YlSoOMZp82gcyk7EGNyjcQwxggU0A+
 aXCYY+tWlTO3b3PXFKEKJwCcVSfvWsVztIgbe23cPy70/Y2CBnPXr0qVfmBVl4JyMU9IwAR0Hb
 J6Ucz6IzTa1kyLYMDncWHTHU0NkAKFxjjOOlP2Ethn4HpSAbnz144BPNNy1CMdddSsWy43jdj2
 6UhH948jsBUpQtIwxtIPT0pWX94GUHO386huI3Ho0UXjV3ZS5Uk5AzTRGFkJOcdvarGBvxgk7e
 D6VHs3RKTuDZwc96J3ve5bTatcpMSrPgD73PFJJHnHG47cjjvVh4w82GO3NN2lmbkbRwvrRGpZ
 ak8qbK4RdoPc56U1Yssc8Lj8an2FWA2kDrmjaSJF7Acgd6qE2nZAoroVzkRhMHryR601lLK/Re
 cdKsbVQhs5BOMZppUDLDoWyM/zpuUn5lUuVN6FFDhsgcKecUOQVODhifu1bKjcSBt9TUJQqRlc
 E8Z60m1fUUpq2xAQxG4YyM5yKiY8jcV6YOBirexgvIyvUkVXKhotuNp7E+9J27ExlddyJkzGqA
 8g4+opgQ+YTuyoOfc1MQm/axIIXtSIqHDchgp4zS5ujJcXazKnl43NnILfjTCWBJ+UZzxire0O
 MgYXnPNRMpZQNpx9KtSuh3KpQH0BA4Gar/NuJVlK5wAfSr5HAJwQOw6ioiBsJI2nODx1pqL6FO
 S27lRlj3ZUnntmogqtuyCBwTV4qBDwPusB7moggxgMApOSKz5o3sDirXKJiGAD/A3B9cVG4zCC
 AADkZx61oFi2F2NtyeSKg6wfKowD0I6+9a03fWRn71ym0YEW3AyOp9aq7Au4ckdh6f8A160Xj/
 dDdnPbNQeSCDuJIz69TVWuro0VmUHC7AuGG3pVfyQ1xt3YBB4NaDQ7Mt1LHHNRybWK7mULjhhw
 BUPmbuiZtRdkzLwF2quA5GR9KrvG29lYckdfStJkJj3BVYLxkVCVdUBxuycnik5a3BN82hQ2c/
 N8317VAY2JZuMY45q+6b0Jyc+npVRl2AbuF6hu2ayjPmlpv6BNyscWkR3jy2LAnB9quLjesZZX
 +nGDTY1jLkYZT6E9asDHnMccqeKelryZTjL1FjYKFB7cYq2u1Su70xn29KYqLlTtPIz06VONzn
 DHCYHUd61cby00RKcXezJgQASANuMgDrU6FimEyVwBmmIMbVyB2JI4qwmVOM454GOoqXZIlOUV
 oTJhjtY8A4/GrCqC+FPze/NV0CEMNxGfSrKAL8oyW65PaiKTWzE27WluWgxVtnG4kc46+1Wgrn
 7o4zwT2qqh+QO3UNjOPWrhP7kBWUELzSu001oRy20SJ0VVG7JYHoKkjAAdz8pNNjKsFVVZiF69
 qVmDBAM5x2rSMeZe87lXT0JFXmMs4GB/KnLkRhgxyR2/Wl2guoxyeeakj27UGQp64PaovJO6Qk
 3HbUWP7/Xv8ue9TkOzPtA4PpQEBnDg8Dr6GpSPkLA8YxijnTZq7qwJnYA+SSOwxzUwVlkG44OM
 /SowMptTjB6mpwoZSTnI7Z7VTb6iWj2H5wDlctjIPpTRywzn3xT1RSRklcdc1IFCsGzjI9O9Zx
 UNbAnbWxXCKThSR3GT0zU5XaVXOWPp3pwX93uCk/NyalRRyWypBOM9jROS66E8zvoNU4I+Vl55
 JqULnc/IYniiMeZHuHQHk9jT1x5mARzzjHIp8umxq3roPXBVQMgjv2qQLu3jBUfWpPLOVw67Sv
 I9akXaRxlm74PWnLTUjpdkIiHnsDkgHIqdFYxFmVcjvilCsMSLxz1NSspDc4xjJFQotyuLV69C
 GMkPyOnftineWwkIC5FPKDY69SDSKjFzjKgf3jRbRtsbgl5Cbdy4YEYABqTaCjIOdvB9alVG8x
 sLlcYA9akCYIAOecDNPmu97FJx7kYwD042kcdqVc7djfMAOB3p3zbgOPfjrUobLDK9tpx2pRi7
 aohNX1GgKAoIB9Tj9Kbty6gZHGf/AK1WNoQhscA09VHILA5746VVkXGViEr84VO1WAFADt0xg+
 1TBQCCRnjOaDGrx/KOSOM9KhN3DmVyodyvlRkg56cmnsN8gYqykjBx61N5W5lHLEccdTStGQQA
 hD9GJqrpyDroQfO0ez15/AUpOTt2HINSiLPAzuwe9PIIBADZI4/xofI1sNMhKYkB/g6/So1VPM
 U/MCw/vVcyWhIBDY4IqIgAqMHjP+RUwV2xvfcRP9Y3QkYwaXG+ZW3Acf8A6qGUlAFwCD940Z28
 7d+ey0cvYjldrpjH+/k/dJzSIcHd/CR8pqZQCxdl3Hdzjpmoir8jrk4A9PWtFcE00MIABLN8xP
 6VEdwZW4wPxqc4Uj5fl7Z7VEyjcSu7BPU9AaUtgcrtXehCQxcE460wuRKqEdRgVOR84Bx0/P3p
 rYAUYDY6kVCk7lOGlyFolCbm5btUBBVs42qvT6mpMNwwbryBUwAywyCSfyrR3jZkxauVAoK4bO
 M8HNC4yybfmPUipNuUAYZOfzoCsZAOAev/ANamo33L+FXW5WZFEhHX0BpxXzHcgDdx19BUzEbi
 WXBJPHeo0UtJvCsgHBU+lTL4dTOfe5XdB5pZuMHIUd6iYZbvgkVbkG1TznHf0qFkzI46D+92qe
 Z7iSRWcZn2nIbODzTCpGSMHB61YZf3bZGAO+eTVd4yA2MnPvQk927DVlKxG6jBJwcnk+lQmMFT
 jJA79KlkBWLnO3pinEfIQpHT8qpNtINU79Cru2odvA6NSMjcBTkY61JtJhDNjlhkAdKeU+UgOF
 bPJP8AKrejuOL10RVK7IyGI64B9Kj2Ah9wPTKk1O0bFgjnbu6d6btAdhtLc4P+NLRa9yb62bKm
 3EQDA4xkketMaM43Y/i6Y5FW2UHGBmo34PAy9KU7i1asirIGKY7kjgVEQSp3HbjjPqKsSKQTj0
 BNMPzbsYLd89Kq+qsVfuQk5YFunQAjioyp2KQDyc1aZThkG3JHSo/4FTBOD8xH6UlG6egnLQol
 N2dvQDnNVGBC4AUg9citd1YLjKnJxgcVUkiUQMG4YccU4ya06Cg0tWZ3lLu+X7uM4BqrInzttc
 H6VpHcG/2T271WaMoF55Kk+9Sk3rsaK6bszPkiITczAFuQPQVUMSlPmOQvH1rSePMALZLH37VW
 kiXJ2HaOvNVzWRPNb1OQ4YLtVTjrxU8cQMiylcDrnHenIvzljjcTgAd6nXIjYN0B5XuKxTd9UR
 HR3S3ARE5wAARmpo1QhiQ2Rj5T1BpQF25DfLwQfapFXDuFBwTz64rW11ZsfM7bCoMHOCTjn61O
 pUv8yjJ6EdqbyoI5JPPWplGG46EdamMW90Wo6PUkCAN/CBnJOKsKp2fKC7dGqNYgmCT1NXIwPI
 C9VPP4+lVTcWmupM5K2jJI1O1QBwTnj6VZjj2jcWyccj3qJUwqYJXnvVlVUBSCBk9D2qV7quZu
 bY5RkEDIAHGKlVeMbSpzzUaqAQc4GOBVhAH4JwelP3+UpxaW+g+NldSDw+MEU5QWlBAx2xjrTE
 VftDY5I61Nyr5IJPt0pcjTLj7z0JkY45IBI6YqQr8gHUDpxUaIABtB5PP1q7tGPccYNS0oscFy
 vQYnzH5cZPTFTKORwRxwPWkC5BOMg8DFSrncFPUcim1bUUnfW4g+VMhSc9c1IY8y7ucA9DQY9/
 GTz3HSplAEOQDknvT3WgruyY1FyhLnAHIx61LtBjDf7XNNCtySMZ6gU5cnae/92okubqNJLYkC
 bVIGMY605OeSAPl60rDYM9MYxzTwMvgHAPX0ojZ7scZN6MlVCyKXGAv4VKFUSsSQBnK+4qJA7B
 g2Qo6L6fWrqrGdxUbl449KblyqzYWdvIjVRvwPnDcn8KmweODgccinEYlAwMdqUoTIoLdOabWt
 2Jt3syHbmTcOucEDuaVtoVQ3BPGTUxjIz6hs5qTblG+Xjd+lU5K1xrTV7FYJljlzgHOe1TbeSV
 Vs49e9O4JcsMKT0FSKQrjB4789awblbRAoys2QKSrD5Tk8gnpVhUAKkLuGCTShN69yw6Uqn5io
 BU9+atJuzsN2+HuC5VyzggehqVETaBtzz69RTkiMkrPj5SvQ84qRlOQxI2jsKeknbqNWTsmO2A
 H3HamfMpXcBnGTx0qTkwED0zn0pu3OCRnjinFa6kNNqzDsc8DI5pwB35Jy3b3p3BTIBA6nNAQl
 +CM96hrW76ByWtYjA+YKpw3XB600LIsvIOO4P6VM0YxuAO49TT8HA7GqUU3ce22hCMkDPDdzSY
 Ujef8AgIqXyy2Rnae9DR7EHoOopJR72BRs1Z7kecJxt56ionGEOB8zDtUyoAvBOKQ7BKvXJAzz
 Th1sCa2K4fBVf4R0A/nTF5OC+M9qtMIyWO3B6A1CF3bcA8LxxThNrQJLaxExHmE9RxgetM25cA
 Erg8ZqfGEIYYbFRH5SgK5yOPXNTzeYN3diEjAOBnLcYprIRIVYYGOtT7S67sYYjcaZ5TYJIOc4
 BpJWepLTtbYYRmIKFI3dKhIw6jnuM9quKH/dgjgc5xUG3Mm/rk/dx0q0+bQtVJR0RFyGVSQcDg
 UMAXkJUgk5OP5VPtDOcckHtUcyEoSAVJPA9Kq8X6kc3NIr7cyAMDgjjHtRkrICSAT7VMuPkJyG
 757GkbPJK5J6YpO70YSd20VHUvHu3AnPboajbCOFOArHBq2w27VAHTp6UEApjAPf6VU2r2HotE
 UnU7mKjfnt6VGwcnbt2kDnjp71aIDMVOdxOQe2Ka6kZ+916VLp3KXLzLuZ+Nr84Y+9H7sx4Xhz
 yRVny9z/ACglsY3f1qLYBDjGCT1o91oLK+4xwTGGjAbPUCoMZi+YgOOntUxynVie4x2pzKu7jJ
 DHGaHZLREu97FSSNmdVLDdnAIFMbchCEAsBzVqRS0eSOfT+tRTZMTv6kA4pqVkKMddSmR8wDZw
 R8xqPgP0zxx71ZCKpyQcBe571AB1yRuHFVKSauXBLUjI5BK4Lc4PVaj2neVcbV6HAqVVLMcfNx
 yTTSDuBJ68GpgrPUma7kZCMDjIG7hqgWT5dp5OCOP51aZVdODx6VF5ahSxI3H5sY7VcWr+YrNL
 QiK8DeOT0AqHY2/Zt4znJqwSx9MY4JFRYYHrhRyfrR7NpPQUm7FKdRvHXKjk+tVH+b7oIbsfQV
 pMv7sBgOhzkVAy/IW4AwO1EZpoqLcUrGbJBjb1YdiOlVJUGG2Ho2AOta7BQW6nB5qjKWZARhcH
 JOOvvSjNteRK35n+Jx2zLkFgB1x3qwvlvCSDknuPT3pkKctv+ZmH5VbWFfKP8K+1S3Hlu0VTUk
 tBiKcxqMHaMfWpxuMhJGMcYNBVdyYyScZ9qlCjJOfl3Zya0m9UiHT1fMJ/GyhSnOSakRQck5JH
 8IPSnCIhiSmSGxmpYgysWABOemKlRvKyKUktiVUVlIySOuM81NHGpmj+96gg96EXeylDjHHTp9
 auIp3cYP0p8zQRu9ESAHY2SBhh19KeFbaVHzKCOlNwjxkMD8w5we9Tqu3Z8hPfg011E2kth3lg
 4JyADz7VKuQcfLkHPPYUKMyZJ2jqM96kCq4BAZiTyajTVMvVR1YKpbBHIz27VaWMKvJye3vUIi
 KybRkev+NWgCFBPJxzTlJP4SVGSSdxIwjOWyRnselWE+Y8fNkcUxAxVTtB+g6Va8sYITtxnNRd
 KSTKbYCJieMrgjgVKsZYNjIG7IzzRGDu4BG08GpVXMiu+evABpzk2LXdkUauHOCMHqKmUbZguC
 R0JPalYEKwPUdcCnxgNEzEYI9TWU00hWd7oQJ8mCc4HBqQIqKpzu29/Q0oBOFwATzUxBCMduOe
 RUtONrlNydk7EcQDIykEtnj29qmaPJXAK4680KOFbBJI7elPCbo1wduFJwfSq91dCrPo7Eq/eU
 BflxxUwABOcgf1pqACFN5UsecipkAMg3Hg88UoyVr2JVm7Dgm9t3UEZFP2hFBJxu55pFB3gKrF
 gOlPKMV3N3PB7VTva7GoJvYRow+5lYDP5mlXIZOp4pdjBFUtlRnGKkERBBIbnt3FO91ua83LFJ
 7BtT5jwBnFO2jPsB19KkCkgLtO3GfrSgEvgkAEdMcmkrcy0FGzW+gxQCoKgtzjilwROARySefa
 pgm04UfNnnFKfvqSvXpU3voTe70/EWNZd3P44qRwfOAAHPUYpEVmkYDpnjH6ipwrB9nU4x9KmW
 jJu1Ig8vLAFTg9DninKCV2gd+CalUk8A/MTmpFIbKt1rbm01RTjK9yAAyOfuqRwB604ghAuMMc
 GpU6kDGD3I5FIqfMWJwVOMnoaj3t0hTjeRCsZXJbGPrSYPmYP3SMZqcbiowuQvf8aUhCVycEH7
 o61oovqGlyAwhFzye3JpPvNjnbjg1Ic/eLA59+lIMeaG2nG39ahxa3KbaV2RqpPzbhjBycVEUx
 GoI5PB561YOzgdCOvvTijMSy8qDkAGs3U5CFzXuykw7DnHQe1NHCHjBzzU+MlQwwCOPemMm98D
 GM9a1TuhtQZAdzEuudpOee1K8ZIjA4GcZqVdzPtBG0j06CkMTAbVy2Dkk0ot37F1IrS7IGDrnH
 QjFOKtt4BJH8qs+WPLKnOexzTFVlQKCck9x0FJz0uZOloVlGZc5xx0PWmlNrLkH1B9qteWeD0J
 GaULx1DN2HpVRWliZR5VdbFXauQAOvJwaJNocgDdnpk/pVp4gTkgjngd6Ro2YLhQB6nnmnyor3
 U1YoFPn5ZeuAaYYzgAjLDg81om3KgMSOpxgVEFBfKc84PPSn7ttAUle5RcEsdq/IMc1AEZpGyp
 xnj3960XSQEkqcZwABTGDIuSuG7E96b006im2mupRMYDE49vrTcE5bBzjvVzbwCwJpCpCBQMjH
 Q1jJNNXHvdGeRj5lznOPlqNVUMhUqX27SDVpk53YYAVDJEzSDkKDVJSW5KtaxTkwBgEE9+KjI4
 AwTkVZljjyfm+YDGPemmPKKB/31VruXzqBUGCp2ggAbagkTajDkAt69/SrTnAcFW4P51WkHAba
 dy9vWkpMKl3a5G2DHs7tzioZFbzNoAHPYfrUrhjhlO1Qe9MZR5rLuJY9MdqqTWmolFpX6EGMZA
 YDuD60MCVBf0z9aTB3KpHzECjDAEMQCtJQ1LuyMhsZUcdOelJsUplWAYDGPUVKcHpjgcj1NLjM
 K7gFbkkdOKpS+8ht21Kzrh/7xxx6YpOAuOhz0xUuR5YGRkcHim7kGSfWhQbQlq7MpFSZNxOBjv
 UbkBdxGQTzV0puk44P9KqyREbSMYBPXvWnkJK7V9ikwwrDacnoKoyRjA7FupNarRsAxIJdT+Bq
 nIoHJwxNYqd37o2r2OSVAH4GTjC+9SiIlP4hgYPPWiNd77OhJzU6AeYcnkeveiEWndijKXzGoC
 HGep5H0qdAAEfHBHBqRFH3mU4fJ4pUA2hdp5Hr0q/djqhRldXGkjyjjOSct7VYgwfmZl4OD6Gh
 1Uop2MrVaSNBGcDHPU9DRNqMdQ91LUBh5o3UjgnIq0oKHLL8nG0+ntUKBvk3LtYrk8dCKuqSQC
 /3OpBpJ6aIbTi7t7iCE+XkcEHOB6VNGgx0ZVbqSc0Ko8xtpLcYODVlVxDw2OOQR0qm77j1T1ZG
 isFYZQgcDAqzHt2lMYx/OnIMrx2qxGAJMbcEc896xemw48sVdoYqc8DIIx15pQgXDEcHg896kM
 bs8gzhQePpUmzKkcsMnJPrVQlpZDjo9BYlcxsqgZHTPcetWUXy4+oJzSxx4hQnIYggCp0T5cBS
 XHOaiSbIkuXYYiK7cH5icnBqQja4KA4VtuMVKNq4bGWyMYqRkPmAg9fmxVySSByfqVwuGJbI78
 +lPXaTtwMZ/KnbSzgYYnOfrTRw6sw+XoR3xWerRVlF3e5MFKjOw4HJz1p+A8oySccqPX60IPlD
 BWwTzk9KaquFJXnBwPU1Lbej0Jv5jWB8racx5xg+gqeMkZx82FI3evtTQvmJgttbpzTxGylg2C
 MYAFOyvqbuCfUkiX92rZGO6+lW1TIwQduetQxD5WVvbOfSreAm0cgYzyaOfo2TNxi9NRMvt447
 fWpduIvusefu55FQ5YMDj3z1Bq0qsTubPsBVqKWz0Ks762EjjBwwPc5zUvJcAggAZ3HtQPvk8B
 fSpQrllHXNS7bszlve43nb6+9TKp2EgBsDOAOaRYz9OM4zV+9vZb65SaZY1YRqg8pNowPp396i
 bk9LaepajzPRmfg5BKnlue1TMmZcAHJ5APpT+NoCdz370pG1x/Hx2pqLbuK1t9xgRkXeCCCecV
 N5b+Q/UH1oQMEVWUk54o2s0yqrMuBg5PU1pZ6CteWoKo3biMBTyaVTmMhyFOPSgxs0PzffHWpA
 pxyMY4FTy8q3KlFNakQiJYdQQeT/ACqRBhQuQMg4BGakAyoyOB3po5OSmMjr7VTTb1Rnz31vcR
 QNmRyp600xqJ+clgORnmpAMoB1Q8ijaD8zHH+16099UNR1uV2QbuhHp/jQFXaC/BwenFWFUFJG
 5PHY1HsdWBbgEdetZ7p3ZUrIiCEZC9yMsfaoWOZCMhc9fSrbgEsGVjxke9QDbnLAL8vfvRG27V
 xKz2IlTOD0471GUUkHIABq0QGTABPPH+FIsW4LkHimhQ5lqyExlV29s5yKcFcENwDg9qlGPPK5
 G0E4HrQYyeitnPXNXSWqvsZ2VyFjneo4bIIzT1jTbvY4PYetTGIh8hRtH51IqEE5TaeM0pRXQ1
 bKeHIPy5xx0p6RF2Bx1HDdqvqik5cbDg/Q0rRhIDg4GOtQ5JWJk/spbmf5Q3Hb3PGaaqDewPYY
 /Grvl7lDZAyMA4ppUGfnhh7VUUKa7lVe7MM7fWqzrlchcAHJxWg0YGdoJWhYSVK4ySMnPtWqil
 qNNJ7FBl+fAzzVdoixGQSoHb1rU8k5Axs5PXtUHlPg8fMvUe9C0d0yYyd7GcIct3z6VE8e5dwy
 W9PSr5+7u2kjdULJzuCkHJyPWp13Zo7bGcVLSsM/MePpUEifeHBx1NX3Tjbzu/vYqCQARAEEsf
 Q1knF7MUU07FCRG3AhR24xz71BJGBvYZX6mtArlivO4HNUpPvsCOR3q1JPboHNLmKkoUx7sbiR
 yAagkGYgeSw4xVvZhRgZbHT2qsy7mIH8XQ0Jx7g+V9SEgDkc+tRBSCHHHPGe9Tsq5ywO7HrUHP
 8AF8wWko3ZCiloiJgGdjkfSgnIbaARxjingMYCP4euMc0mEIB3gY+8K1lBRHzJ6kIUs2NuHz29
 aCrdcZI4/OnHGVfJPGBj+dOKEqVAIyecnvTSW9ynOzTSGPGViAwCOnHWoXTbg5Hr9atlGVCHXP
 riq7cI2MZDDnqKE3bUUOaWxHtJTBHINV5CMgEgHkirjcy/eBJ64qPYm8qCG5y2am9tQta6Kbqc
 bsZz1xWdKFXLMpJA4wa0ZG/dfM2FJzmqL7TMSGAX0PUirjFv3rCglbU5gI4j4252nGBT448oqg
 dfzpVJVmABGehNTopfGCMjP41Ki0op7E87WiSBFILqc8HP41Oqh2OGAOMn61AgKguMlu/vVqMA
 ptcYz07YFU6cbrW4NRXQkWPFxgkMAD+NTeSSBlwOfTpTWXaVyCX3Yx7VaUOzZUcZwKlT00exMV
 ZjfKZ12hup/MVaUMAdzKADjBFLs4I6joAvUmpo1fG35ST1z0xVJprc0cm9LhkqAFAzj045qZIz
 u5OSq80KAQC4LKRzg4xU6D98Aepx1pN8q0H7vKHlk7XBwAatJy24gknoaiWMMw56enSrMarGuQ
 3bvzUWctLi0+YBVzxn73Q9c1LHDlgTnGfyqeJN5DYA559qkCncBjAPT3odrWW5MXK46OPERJIJ
 AyfzqXy2EkpJxkZXHepY9oX58cHp6VJtVwMkjBznPWiDaRUpcysiDYcAYIPoamcr5XzIyYbrUw
 Uljkg5GcntTfvbgAGX3qGtSoK2+xERgccseSSOBTNi7MryQclR71Y45DEc+1Q+VsACFsk561UU
 +4rx6gpIifeQATwKQ7vOKFW2Zxu9Klk+cfLjrxxSkseA3XkVKvLYPdWohUxlVGNucZqXbk5GB3
 570iYYDJyOuKlUZJwQDnafapd47sFG7HwuGcHIIJqYrtUEjLHrUIj+f3x0FWAm2QJnIA7mhRb1
 iNQSJljUgFs57c1Y2ttByB/eqCIh5VHXvVlQFOfU80Wa3KkmtEOwfLCLHjA9OvNSiP7rbjkjkU
 cHAwSMcVYVAy7gu0k8Amna7uhX8hnlqNp5zjBz0zT/AC+eF6DvUywneRn5QevvTzFzuAI7EUdR
 wik73KqJwOwBxzUm3EXylQcd6mCOFYcD5snPenhVVtxIJJ5HoablO+hTty2GBGf72MZyGFBDbU
 yoGfQVaAO3gAY60hVyCSFDdv8AGjfcmMYy1IgvGADnPfvUvlZbHY5PFAUFl3blyM9elLsbJJyO
 MGs5pqV0LlTVrkBQNnnDdMZpWGCB9457DrUoQE4OOBTdjbeBuOeNv86pK8biSa0uR45XgAE8Ck
 IBf7wHJ4x0q0wIAUqOnJxTAozyRhTx70lrrsDepDtG0IWGc9cU0g+bjBbH86nO3eSRnB4pAp39
 MN/OhWauKz2ZAc4XbjJ5INQFQxOEJIHGKuH74yVB9cVGw67APbFXDUFHl1KoG+P7rEg9qeiHYe
 MHPepwhRctyp7U8gKv3TkcDjrmhtDjdvQhaLMZKDcQc5pyIVZOOCMkGpEVs9CFxyB61KxJcFQM
 diaSvYSp3umRffBKr3wMVIsMjElmGSMkY6elShQsauDkk8gdKlCKWGCSV6gd6Iu2liL8qsVvLD
 qF79/rR5DNK2WBAGDnpVsR8YwQcdaapYAZIPvjrT1GpaalIoVwB0757U7ZldxXqcVa2jyvxxz3
 pAoVsO6sMZzVSiujLeq0KjRfMQAVPoaaAWHVSPbg1awAz91PWo9i7cdT1wKztzego766FYqd2W
 bPrxUZRSd24sOTnNWNowzFSOw5poT5cDA7E1qlrvYTSKDoVL7cbcA59feqzLuwWyfpxmr5DZIT
 BUdPpUUiZB2kYbr7VMnfdjaa3RmvtbHynHtVSRFwDtJwOMelakiquFIKkjqaqSg+Ruxls4z2xU
 cza0KppddTKnD4QqOW6VVmQguA3zZwR71pN0wc5zwKqug2sfmOTkVV7eQNqKM6XIjBHBIxVdgR
 kg5I4Aq267gcsCR0A71Ds3SMWXaCRn61T1WoorS7Km1uMjGBTTwhJXBPXjrUroVbuU3du9I+Fl
 6qeMjNDu3ZA4EDDahYnAI6U0xlWOFGcDPvT8HY2c7u2akWMeXnlznrmqlLRGclGG/UrBAXYN6j
 gdqD8vQE89TUmAXYchup96UHjdkYA446U1d9DW15e9sNyfNAxkE/pUPAOBjGcgYqdchieKYynf
 kjOWolG8bhF2TRXIJyAueM8VAAAzNnDn9assA4OzcSc57Ux1VoY/UDqO1EWuVXFdJGfKoLfN2G
 MVVdQI/ubsdVxzV+VSCwAPzEduaqyZIZsFfqaqN09xt30RzGAJMLjG3gVLGEEMW/qD1FRjcAHI
 /H1qYHLsevoPT1p662MG4t2JT8+CFIUHjijZnag5GOfpUwLBlxjaVwvFCEHIzyp61nGpNPRF35
 rpIlJbJPbjFWowRGCx6dPU1WBLI2Msc1OoHkDJI9vSnyXVy46R2LCKwk4X5BjBqym4Lk/Xiod6
 MwyG4461OAw5ByB2NKK0ZEo/zDtuUKg7geRg1ZjU+WeMgcD1piA+YdwGVHHFTRjbtZeMjBz70N
 N2Vxuy2JwihcNkEdcd81OBGG+ZgMdSKjjyVxtYe5HWrJVMJ0PsOtTfQbtzWHqFWJeCDmrCK0sa
 kcbT0oVB5TKcbhknNWYubfBOCcEKOopw1iDVtLD0QmIsANucY71Kik4yuec0kSFpHboB2p20E9
 19M1K6hyXYIvzcZYHoe30pyxgBU+73P0qZFORtIyD0ppVmlbAANKTb6g1LoyB+5Tpu7imMjYJz
 yeRgdqtDhcFc4HT0ppHHHzZ6YqnIlS0sQlSqk8YA/Ko/KbKMCPKUZNWCreWpzkEcj3pVLbSqr9
 4c8dKhKUXdMcFf0GgDfgsPy6VIqjYAx9/rS7dibQCQeckU5fvBQBnPU1HNdmjunoPCrvycBck4
 FTKrFchhgnqeabG2VZTjgYB9aspGdgA9OnaiLktBx3HJGFB44z1xViNCbgFVO0DAz2poBOAAcd
 qtqTvUMM5AB7Uc0ktyLvcUJ83TcAOcVMqAzEnK46Aninhf3hO3p39akZN8vPyj1p01Lc0i9fUa
 qkZ6lieBUyBgpyj+1SxodqrjBweT3qVIiQOowepqrX1sZyiQ4byk2jnHcU5YlLtvGT2IqYxsYi
 FOSDg0oRliA4PPPrTXky3tqRIMlh2xT3RtqcYGOM09FDOF6Lg80/6AkA49aOV7ia1uV9u9tv3m
 I5pAjE/N0I5qwvysTlVOeQe9GwBiOpxnFG2iJctdNCHywGIJGDxkd6ZtZQWC7WHBH1qyCAjAcj
 OeabyMbs5I5JrJxaditdSEqdoUDH071GinkjDDIzkdasBVY/KrA4OM96Ty+VxnC9MGr5rKxMo2
 SZAIyMgDqeSe1OdSBwuQDwKslQfYAdD1pgjxyTwOAKFZopR01Kyod58wbe3P8AOoWAVioBGF5I
 q+yhYMN14yfemsmC3HOaIvleocz3K+C2FI4zmnYJjAIz/M1KEIVeRzxn0p6ALJubOBkCqnZvTU
 GVwu1WDKQM+vNIFO8hmG32FW3BHJwf6UhwULdeelLmsiYuT6EeBnIDA+hFCBstg/NiplT5iMb3
 65BqTO2MkDDg5YU4zsu4KWpCBzywGCM5qUL83IBUDjFOdV3D5h83r2qMKu9s8jtg0KSlqx8rlq
 gKl5QUX5TyM1HtGWPAOec1OMoMZIA6AdqaQoRjz9aLvoK1tyP5JeGwvFQuqqgIP3jx7VPgHAPO
 B2ppTn5iMKck4qnZE31K7Rgjbn5aidh5RIyGLVaPKjjqQTgVA4GTgYPai19Ane5WkwUO3GSvPv
 VUjEOHDZP3jVzcykEKHGeRUEjP8oIzlc5os27Ar7dDPlUBDyTgd6qhQ4DE5GOlaLKpBBbnghu2
 KpOGbG3AwcYx1pabLc1im42RVZQMAfMQccVRdWBPB4/WtHcCzYwMYxkVUcNhgSFPv1NRJyi1cl
 U0tDPkj+QsoxjoRVKUtvywAbPKitBowoIfIBHFQSKu7JUlgvBFVfTVaj52ml0KZA8rHUkVWdNx
 4OCSO1XnRwm47QPYVHngYUgjgn6UczW24Nte8iu0P7/ZnOBy3bNI5bdtVtuDgD2qVl3KnUk54B
 5qEI7H5R8o4IPWq1t7zH5takYBUMAQ3PIApuTsG5SOMmp2iCsSScDrTCcp9OmK0g7aolct9iON
 gQoZSM8g4psgCjG8D0OamyA2DgAdD601gwTGwnjk1Upa3JUnFpWKyjM2Mjj0HFQsNpUNkGrMqb
 4s459qrEMgALDnnkVKSfW7E3e8iGQ5Dbhxk45qkcM+5RkYzzVxtxJBxVSRvLj27eB2xzTUWjVL
 3fM5bdu5cnGOmasjBb5Qc/xH0qoqhQyuQ4H3CKsJIqhVJwT61PNFrTc5X8PmTqHDFj8wxxjvUy
 /eUkblzVbcywkEgNnj3qdJGdQw2/THH1ocnbUtO9rlsMoBKgc9DntU0aYLfOOeTxVdFVnCqdwP
 X2q2VUZ/hI6AnNSk0xNJK1ydAqbSRxyOKmjznAO5umPSqy8sMg7Satp/ruy55zitG0tLjUepMn
 DHnBJwc1aViCxwuMDjFVwvPykEnnpVmI/MOMA9c9jUTit3qhuS5kmizHubO4AAHGMVJ5W6bI4x
 1zTVA8zkkDA6dc1PuYBduGDdRilG0dEaJuOqWpbiIZUyMnGAR3FWlCrKMc5HNQxJt5bk9QasY3
 HocHr60Kd2Qvi2FRMLnc3XkZqwi55JyAM9OlMwwwCNzZxVpcKi5BII5NJspxaIwGCAhSvzCkO4
 NIcYGR19anZQ0eAxGeQKiAwzNznPSmttUSo67jDhkI54HNR5CDBU4PerI3BMHBweOKMA4LY9MG
 lJ8ysytnsVuSS33jjj0pVA8oZBJ6ilB2DC4INOB/eqTzgHJ7VlPRWG4ybsNwwXJztqVI1eQnng
 c+9NJY8hSwUZwKmjBUHaDu6Gm9tB8slG1h8cYAVlIPHI9KsqpUsRjnqPSkAywBG0Hmp40Y4YDA
 60r31Y7skTHIPHNWSmTnBOaIugAUk44PrVgKCRnuOT2FF1zaISs2EasEAYc/xfWrKAZGcHmnIm
 X5yVx2qcLjrg8gCtZVL6Gb3uMjAMmATkdasAMFORwMjNKoDBmA4AxkCngcKAwx1JxUX1vsauOl
 0AjcL1JJ9KFG0YbIXvkVJltz5I+Xoe2KeD8/zY2gdxQrtXHPoQhQWODz2o34l+bgjqcdak48wg
 KeRUY5yx6elVGCl8RUrdxMKzNn74ppB5ZSCdv+RUu1g7BsEY5I44p4iw5wGOzGMd6TcY7shuKG
 bRtweh6cUzZuBxk461OVBUNyAOcUgVA+TwGHOegqVKz0E3G2pA0Z8xSMgEYBpmwGIBQwYnAFWv
 LyowR14B707YWkDKBn17VV0yeezvcg8vJUhcr60YViQcepx2qTBE2F+YL05qdkUpv4B6ips2y2
 9SiYmfaoOR700pubGCSPvEVcyNmRgtn8hQyhWyMHjPHen72w9ehRUMp4AGBzTtpJZccfSrZ2lu
 AWyM8DrUQD4JOeveq3VxWSaZBzzuXk80pUByGyAeKsnHA3AknnjimOiqAyEhQO/NRe+yFomRB9
 qrtBye9OC7lc8nJAFLwpC53ev1qVscgpgZ7etVDcmWm5HgkHLKoPHIpiqozk5Iz0p2wZY88nIB
 pM7fw4OKculgcLIUlQvUMM8UxsbQB0J6UhHXdxj7tHCt8x68jntUR0eg9JdAfaCSDjB/OmMOuD
 kdzUoG5GJI44qDJDY4xyTQr7dQcbajPmKEH2PSmO373joD1p5kyDzk9uKiOdhGCxYZAHatNiZJ
 W0KsknynYnUHr2qEhfKcsSTgCp8DhQckdRUDhxk4BBIzipUo27AovRFaR1wV2NtJ49qruy4weP
 WrxUkglehPJPBqiVLMpdG+b7px6U5W0sSrNWuVSueR8ueSTVaVSJDjGR2PXFWn+8wY8fyqq4yp
 K5OTyc9qvlu9TXZ3KjKTzzz0qu4ZigVSMAZPrVp0G9gAwBxwarMWG0cHA/GsrXbS/EpQbTdyuy
 HYp2tg9vaoVAOBwT3qSQMyr1X09qjbakxIBAzxn9avl7mKg2vQYygTIRkgdcetN2/OCGUDrjH6
 0/c+8k4BPI96coACse+dwqm31HV5lYjZSWzncoFQuA+8N8oB6nip+fLZsgI3AJpjnEm3cuTgn2
 qU+wlK1m27orMCFUBSxx+VNbMkZDvhQw6cVZbAcAq33aikAyApHyjn1NUpN6JWDmTXvIrOjAMV
 O4KePeo5DuAyMjPQdamLAqSoJBODz+tVmz5WBx6moa7hK60KrszHgcjrVd0weeHHUE9amcMMAA
 njPFR7gG3OTuz3rdtpJi5mk9NDjY1Ckclhk4qXc2NyqDt9qrhpRMWG0fUVKoLBN5Kk4wKiCVtW
 h6W1ZIrSyFQw9uB61cVNiYPHTr61WCDBJfkn5cfrVtGVsDnaRkUpaPRFqXRLQtRYCAMRz3FTRs
 r8569/Wq4XbsBwyAfw9asqMOjDHoBRrvuQ5R5diYKckndhTxirkYJfBPbA9qpBf3ipuIx6981e
 iwG69u9DslqSk7E8ZXcSf4atxIoB5OOvTvVVQQdv97HarUZ+RgCBkd6Tu9i7K9rFkDKqGJyeQf
 WrUa4b1I6jv9arK24qehA/KrW3d1ID4AIHem22yox0szSiI81iFBIGM468VYRfnXBHIyQfWqUH
 AByx46DrV5cG3yMdce9Q6coshLWxajUAZHJx6Ui8rypIJp4+VVLNjIwfrSlHVSgOQeh9Kuj5lJ
 20FH3nIxnPHHQU+OMAgbx170mweuOak2bHBYnJPWsp2u9SddiCQAyqOCQMgetRyBW4UFcdfxq2
 RkhsDHqKjcBztIyM8047JNGvw6opjG3aMEr0p467SAwJ6etTCNR04zR067Sfaiatr1BSSV+hCi
 ssnB6jlT1xVuLcVCYBJ6eppoXBUgdanjC5zv29xU3VtiZrm1QqowYHGOO4zVmMMiNkYAIH1qOM
 LvwWOSepq2MK23IDDgZp8y2aKtZEkZBwRkgdhU678BAvPeo1Q7hhGUnnHtWiqsijGDgUKTWwJx
 WlhY0Uqufl9asKijhQTzknPFRhTjnk+1Tx8NnaQQO1G+7EpNdAC4fKjqeRTzy7FlAz0FSMoDhi
 flJ5FIyoZFzk4HUVSSkwbjfmeg4YECqy+5NOIBU4GfWgKwiOG3YNOLED5lJ4OQDUcqWyCPLuiL
 YdvA2+uaCoD9Rn0xUm7jHQ459qYUYliGUn2PJptoq4m1TgnJLdvSpNrA5UbgBg4pyYwO2RwTQE
 GeG3AHHB70tGzPnSViHJdQudqmjywAOSeOD2qUtiYkqRxT02lVyeAMe5qrS3aNZaLyGKpEeeG7
 ChElckMdo7YFTortIG424x0p4HBA7fr7VHMldEvV6WINiqAARuxz7+9KBxlVJI7VYSIPg9Oxpw
 T5SF7HiiTRL1ZXEZZCSoUHpTNjM53AD+oq0uPKAz17UeUcdOn6ZpN2dmVJJPVFOOPapY7d2etM
 ZNx6g55NWyCpyB8gqJl3AsMD1HcVUVuwk9SuF8sZUA7h82e1MJAZQG3ADk4q75bmMg7QD047VW
 ZdpbONhPFQnd2QWTYwEmMFgHOeMDt60jH5G2jvnHvTmXLjnGeDjvRsweOctiqtswirDQDu+cgH
 rUDKPMIU85qUgrGAw7kdaXaSm4FQT7d6ak4vUhy1uRKocc5ODUe07sEEkH5cmpTGynIdeOuPWm
 kqOW6ZOMVUXqW72uMDsuflBye3Smg5U9h796kC/IvB55qJicjAx6ZqHHrbUl6sj2YZm3A/3eKh
 +UPnIyM5NTuGB7HsDjrUL8IitsPckU0iZOxXZ/vBRlgM8dSarNllBww4yee9Wn3NI23A4yOKid
 iJFBHUdaFo9EXIqtln28mPqaqPvxkk+w7c1eGwyDaedvIzUMoIySc5I6DpTcrbg5JOyM9lG7aM
 bcYyahZG3ZwVxVmYMQfmG44NVnL7MZ4GOPem17oc7lqyo4PlhmPJPTvUG0AvjnuAetWJFbeCQW
 AOKrudr5b5cjj6UOzVjRp21e5AyDb5jbunK1FIC8KnGORnI6VZO10DFiD2FRE7l2nqR0qrS00M
 G0upVIyhZM5AOc0pGY9+04IyamG0M3XpyMd6Yy/uxgNucDPoKTTk7GvM7bkW0AxlsgDjBNI4IL
 YVSfUjpVoRAHghiOlMyNr7sY5FVdOWphKzd2yg24yE5zkYxUbxnJIzx0NWnQhAcgnHGB1FNO4x
 kk4XGF9aG23p0HzRVuUqMCFIGM9yRxWczvgkD25H51fdWWQ5yQx6elQOVKkAAkrkjHelGV9C9t
 TPJJU/KzkH17VCwBRhkjPTNXMAnBBGRyAarSZ2hgQMcEYpxbb1By10RxAR2DHaw2nvU4wEDclx
 0FRZPnbVHB65NSr/q/mwSPSnaa3WhnGMpOxIkYcqSSM9BVpOAAgyqnGfWokRTJye/SrUaFM9CS
 c1LlZ2RUn/Kx6D5k3E46H1q2QTMvzDnt6UyPY0jZHfr6U9UbILevH0rSTbI5dUiwIxuDHd+Bqy
 obrjPNQxbVcjdk+/NTICrBdrgE5JJrK8upspa7k6glsAkHHFXUXDIQM4B/Gq0bKNvRmHJx9atB
 QNrBjgHOParcrWZLm5aNXLShCFYkg55Aq6FGdzHn+9VWMANuySAMgetXI+Y8kYO4Yz6U7q17ii
 2mWkAVVbgn1FX0j4Udx6iqaj7gHJ3VeiBc5OSOq4qJau6HfXUsIw2gn5yemOlWUzk4Xgd6gj4Q
 YUdenpVgYJYsTszwB1py2JaSe4w/cGfv/SnquSpY8gZ5HWpAAyBipCA85PWm8Ky7eR79qhtWdh
 JdLDFUsxIZcdcYoCnBJUkAcU/bmQtwVHXbQwBDKu7pwM1Tir6s0TuiLAJwx6DnFRNwTwc9qsBM
 QvkEnIwaTaRJkjGBSja9nqJct9AHysw4J7HHFSImHHTBHFNXAycZOOpNWYwrsgByMZIrOTsrlN
 W+YRhUm5G8Hgn3qxg7iDgcYyajYbQchWXqNvepskjbjt8opxSdmPVsmjJyAWB9eOlaKKTlgRgc
 EVSjGcHaScfSr6qCPQEZNXNx6E3k1ZE4BXBYZHQU7LC4BYZBPUUiqRGAgOc5INToEIGckg4UZ6
 VKskNNpa7j2GSBjjGQaYNocEhvb3pyZUYLAH3puO+B6delLZgiTIEnQ7j2NJ87yMT0xmmgsOh4
 A5yOTTgrErjOP50k3uUoqIMGRiw+6Rkk01sja5xu64p0mTEQ3AzTC6tHySCOo9adkyYRfVCnJ6
 nnPrT14kBBAznioYwc7gc46A1KhJcswBXODijW+5vbSyQ/hijbXbPp2qVVTzM+vWmqpUZ3LjPS
 pgqFxjj+9k03boZbxtIMLtAyQc+tSIAYzn5cdz3pCwLYHJ7Yp4ALbW4XPPNZuPViau0mRgMsxK
 sGHoKmCEkYU8ZIHpT9pU7sYXPFNAdZyVILMc/hVKTa3LsmtBCpOFAA9OKWVBv2jPIyTmpI4280
 biAR2oCKfvE49aUY31bM07S1ICi8ZyQOvNQ7EycffPUE9KsnAfBySTz7VGUVXbB3MT070WaepS
 Vr3ZWdWCbGJwOgqJjgJ3HHFWnDOw5xyOMUwqMtjHDdT60NpbkSbaRX24wQjYJORTXIwoIwR0+v
 ensjEAjPShozgFCpwDmnyxHBJdSAoG+YZb0GajcELjcAMdKsY/dsCME4Ix2pN2YBjacdeOarm1
 22G073IQqrGzFWwegJpjBSwYKcE8CrBi/dAksuB0NDLk9cY6ij3G7CUnzXuVDuEgBztHTimEDB
 yxBPSrRGXwrDH8xVXYJGAPU84pytYaW5HJneMsCOPzqFhuYp1OcD6VaaLGOMAdjTHCBgWIBApS
 fREN32Kflny8HOcYB71DJEzHjqBz9atOPnznGDnk9KgYP5Xy/Mfapemty48zXmUplIA2qzNjGR
 Vd1eNRvUirrABn6g8d6pS7i+SSf5E04663G7oqspI3EHnmqzFVG4DGD3qydwbaPSoJSuSvGT2x
 VySJnLVXKxJLKvzZ5JNV2A8vjax28DFWJOm3BJPTFV8fvOeBSslcE7FfgpknbjtSAF5c4yCPpx
 Vna2SdoIz3FRHaGyM5zx70k09A50lfYiKBo/pwDTQCGyvOGxx2qQ7NuQrZDcinMP3jHGMnkVTS
 SVyXKzSRE2M7h1PXHemeWrAF+GI4FSbQhAOPahm4x0JPGe1OVraAo2d7laSNsIy8YHQiq0iHLs
 WAK4wParxU8gsT61CwBWQMM/Lx70SlqiXOy5Uigy7pGLbj0JPaqjhWkbI2kdavHeocYx04NUyj
 A8nODyfU04xS2ZTs7vqUnwp3AgfhVaQFXzjapGSTV+URhlGeRnI9OKpH51XJ4C8+1XGTetxKz1
 OGRHXcDx9asx7gCQBuxk8UkSs7Efe+lWYlZRtI3Ang+tSut3sZ36WEVC0W98KCQRjirKFgQMlh
 u5zTNpJz2z8q5596sRxEfJyxJyOcmlLk5WaWtHXYcrMJNvUHjA7VaUoyqSTlSAfc1GigTjIx68
 1ZQASKcZBGcinFWjYVknZDgpzvZhjdgECrfBAywztzjHeokUgbsrgcnI71IpJVeV3d+KUWzRt3
 LUWBGDxuPT/CrKhmlIJGR6DqKgQgkbcZA54qypDMrEgHGc1lZpkJ66Muop2oCQCO/Y1cQfKpPf
 pz2qpGcBQCNnbPfNaMIUJn5S49appvcce7LMKhSGHIJAq3GoTGc/n0qpHxKp6gnIFX41LMGOMH
 nFJvuOTV7lvomFGQCSakKkrljnIzxUXcbTnd2FS4G1T/CB07inTTRCg1G6Q4DCZVlYDOOKcf3s
 YIHJ75oiXfvDEKM8U4K2xQqkjtVcqva+oS27jUTG49e4pxUKvuRUyjLnbkAg5yKaDlScZGCOnN
 Z2uaJ63IGTjklh/CV7077rDb1I5BpzKTEqnjIwKbtZVGeDuwM85qVDogatuAWNwDnHHSnLgElT
 tBPODTiCGXJUIO+KcQuMcHb7VUlbR7C+1zE6BSGGak27skZHGefamAEFdoABGcVJEH5LE4PAzU
 pMaSaumWYlZpc89KuqSpxgA9PpVeKNhGfmJz6VOi5JwNpB6k048vQNd2WflKhs8qe3enqh3lhw
 e5ojAEahirDHHvQFY4YHK45qk7PQN3qSMVyCoJbvzQ5yFDEKew70oAIBIPB4pCSc5HIPU0nFNX
 QknsMD4O1OWxRhiAd4JHtSqB5ij260joAcp1+vWqtdGrS5rCgk5JwfrSkArzgE0iqQ5I5AGKcu
 HwOgrFtqW4SsnoMUjzAVOTnpUyqGJwCPX61EmFbI5yOanVVZCyMc5zyf0qpRd7kys3cVIyRyGG
 eetTlcgEYz1I9qSPlQ3HTgCpQPl4wW6fhQpS26GbkubXoL1YN1xx0p2wALngE8jv8AWm/MHx3q
 wqq0ZKZLdDROTXU21vZAflwFcNg88dKVhsdWxkbevvSbEaIspJYHOD3FO/e+YMKOnSiLu9EDbu
 G0GNmw27sD3poG3g5IzkAU8OPLKty9O2bcEDBxnk1V7XQa21GsmSrE4JPP0qDy/wB4SMjHUntU
 +zd1O0DjOaTYFLMx9MUrPl3MpS7MpucDLDq2aaykJkcgmp9mVbODgcH2qEAhMA9+/an00NY2IA
 JGyCpOc5x2oZWBOVJ+Xip1yMjIBPrTWLAgsCeMZqVo7ESqW2RXwfLz91elRONuBjIq0yfNkg8D
 pTCAxUbWHGDRfUV0lcjHCjqfQGmhOehJY1JJuWbavX0IzTdpI3Ecn+VDWgOOt9rkBB5JGDjBqL
 BRzgEsB1q2R8nIO4+1NbJbaCuc8gindsV1LS5TzkkSMcgVE8fI+Uk9B6GrLIxkZuFxycimFQYy
 RnccY5q7NLRjjZ7FNlLFtq4GOaruDtUc5A4Aq0V4JAY5zxUcnyxqXAXAqLaA+XoUXHOTgMB0qj
 JkSABgcDpjmtGQ5XcF5IwapgNuycZHBJq1dxLc5LqUmH38kBic1E5LNkgA1cypUsu0MQeTVNwB
 GScnPIqJxu1czTUpablBlIkKkcN055qHC72KqST2PNWySGJ6ZHGRUJQEHBye+PSteW6syp9rkZ
 Hyg7wdvHHeowu5VB+X6npUhIJxyF7+xpm3EuQS6Zx71PK72bJjOVmhNuEO5gR600xksfm3dKlU
 AsVwCucj3oCBo22sRg0c043JipRd0MCoVBAbKnp61CoBlJ6kt0qx5alzgkY5+tMkTanyDJ3ZOP
 XFOD08hyV3vqViWDMMADtUAAMbnDcNzV4gBFU/ewMmq7HAYdM0SfMyHorWKTJukZ+QO/1qlInP
 JBbqeKuurByM4H86glRfMwW249aXO47Mr2fZmcY/nbcpJbuKptxPg4K4xj3rSk3IWwQwHT2qhI
 rlCRg554HSrU0xp6WbOTRcKu0jp2p4R3dQWGcZwBjFNRW81t3HHIFW/LO1WBz+FVCavqzBSEKu
 BlyBsOOPepVGEB3HjgGlBA2ZXI6kZ61MFOSI+M8gHtUxkn0L1vqCLgjcCy9RirMbbhnAwTUfV1
 Gff6VMgJjOSM54IpuF1sXZrccBhsn0xU6hWCtnPHWmqNxIALHpx3qVFAAUgg9RT0tpuVa7J9gR
 Mqu7ng1cjBfkId+MYqBcjb0VcdxVpEODIWAHQYqOawrW1ZcjRvKAPQfdJFXIlKx9MYPaq0R/dB
 ScqOM/yq6u4qQDjP3ie1SnKXkTF9WW4wjELnHynbmrUKu6Zx04OPWqgTJ3dyOFFWEYjOcnHUDv
 RGBV7rQuxqI5h1IFSnIQHI46+hqDkhSowD1zUysFbOM9unQ1ST1ZKvfclU7HyTtB7GpTkP8AKc
 HGc9qiLo8Y5B569Kk+UF9z5AXFZ6PdGkeZvTQAoZSQ3OOMVKoHA+YZ96jXbs4buB0p+AFTHT1z
 V811a5km0mMdVDKc5YcAf1pz7gABjOeR60qjdIWOGbOOBUgHO0927dai7RbnZLuQqp8ojg5PGR
 0qRVzkcYByPWgrmRuRweacOH9QAMkUpO6Ls2rdRyZaQEHoOKurlmxjKkn8KrxjlvlYgAbWHcVO
 AQ27JUEZxUyV3oQ4q+hOmAo6lhxyasCNkbkbh0z6VXADMVGMjn61bRSF+6SDxgdacUoaopavUk
 VflDEEAHGKtqPkLbhtHU4qFVygKhgw65OalQ7WOcFcYx6Vo5NqyCK0EB+Qb+mc8Gnkcnn60KML
 uJVuOlPADkAg5xSaT6FNkZjxFuORnktTGyd+CBg8Va2g5zzjpzUAYBSpPKjAx3rNNvVgm5q1iM
 bg+5iMGnjY0nJxx60vCg7uv8vakCZBCg9eM9vam2xqKd7jesgUY+tSqm0gZKkN/OmquJV5+cE1
 MQSMBWIB5x3o5ul7FbpxFO8QFRjcDgEDFTAd8980i8QscHr370oYttIwfUY6VUddzLWyViQEuw
 cLx0x71MIgsg3NhvQVAMEDBBqYN+93MpB6VN0ti32RIVO9FXovBNOZk8rvjOajDHL4VmPfnpQA
 oCyNknqc0Nu+hDTtqA2vIxHy9+e9SM7PGGQY9vaoWc7vkA2njHpT2J4weh4IpN6mjSVhCwNtzk
 c8imhwW5yaeXV0wfvHgimAgwbOMnnPpSdiXqtRjfMSNw44ppXBIII4AP1p3zFCSm0n1poAdwVJ
 IHv1pxTfUUpRURjfMgGCec5HpTOOOScHpUw+U9Rnp9aiI+bB45qvIhNNJiEjzCOCc81XIJGScK
 DxVlgmCCGwTkmmEHYTjgnkGpSHpazI2PAZjls5pnU4XIyM89qlbaoye3603PzBR6Von0BbXIzG
 VjB3fMcd6a6Ig3KCSelSKzZG5lJ9AKYzPvIUA49qmfNcabvZkRVmPrxVQgnGTsA447fWrW87sd
 W9B6VC5UA9s9c1pG6bVimnflRXO7zc8kAdKjdQ/BwQRwakKbpAobnvzUZyCNvPH5Vb1ZF7PzKp
 xxuBHWqMwMaHaR16H0q6yZbhsZHWqskZLbWHzMRg1DXW44pLR9ShKm0jZjOOAPTvUGxVXGc8cZ
 PNaJUeaQB8o79aqsuCx2nJOR/9al7Rtb6jnJJ2RU2ZTpxVTb5bHGSxIAJq6cknquByPeoTBlGG
 4jnijp7zMltuVCoZs45BxkHFMZSkm3ORjmrAjw4Qk8rwfemiP5sSAkY4x60pWS3NFNdWRk7uCN
 vYkDpQFMbcuNwbn3pxXClgSQH55qRgJFXbg85xRaL3FvsiJRuGQcDviggAHoV60rBvNwcbc9va
 mlDjCnIIyfarml1JnFt3RWLF5gwUehprIw+7gZ7kVO+PLHzDcBjAqEqWAUsQuKUop67B73QpNg
 xnI46E1TYARu4+bB6E81fZFIAzuJ549qqSEFCF7cHjpVJLboS+YzphnG4jBPQCqsh4I5znn/Ct
 B9rjGMcdfWqZCGFjyR156k0TjJx2L9pFnGxqfMyh3DoWzmr6HcQQQFAwR3BquhCgkJtbPSrCcH
 OzAPIFOfvPbQlwdlbQWPltpzkDPPerQ2uQO55xmoFyowV+dhj6CrMZBTGVz6im77obTTv1HoFH
 yqMnv3qUR9DuBA6rimffjXt1JPSpVQqc57c81DXNG97DSVrtEyMQqEkKu3njvUyguQeD6moE6f
 PkZXFW40AT7/A7DvUyShHmsTzpeoLndllZgep9KuxffycBTxj1qJcCIY6EdKtoFKHbhmBHAosm
 jWUls0WQAYuAQc4q8v8Aqxz04J/CqcI2yNuGVbnirMfzL8wwrGny+RC3VnoWoyAkec/1FWdzcE
 DI6Zx0quNm8YVsgY61ZjdmBjYqFz6cmla3vA9XsWBtaPqd3bmgEp83U1GpAZeQewFKchGJKjFX
 zW6jhF7E4O0DcAR6YpxfdI+evrUIztyD9OetPjIYnOBjrxWc5ajhuy4jqVPTcKC/Izg8c4qsjE
 YHr1yKnj3CbgruPXNTFxTuE421uSGTbGxOcZwR0pQ7bgzfIoGee9MRC7fMAFJ5Bp7YRxhhwMYN
 XzK7FzReg7ftckc5OPrTxnhR/EC2KRM8Zwdwz0xUyBAoAB3j37VL5VuipTfzHxgkK2GxjHWrKL
 ulYMCcjiohyAEBwD1qZQwAOwnI5GeRSbbegJ29SzHtwOhHtU652lhkA8CoUVi+1Qx4GKsxAlCj
 L3wKm7QNO5KNyE4yccE1MBhF4OGODxzSLtzhfQk89TU6nCrlcccE0+ZluOl7CkDYAuOOB60zHz
 gsCMDGalx3GOCOaNoJ6d+lUpaWIWzGlQ2WRgcDr6VAIv3zn7pz909asNhVAAw3tSEjILAsfSqv
 JBzS2uQgLyGbBznrSgENkfTmnhwWOFGW9qMZbcSOOwqeWW7NNle4nzHqvfqKlBwSCc5NICVQkk
 FhxSkAkEDnpUu7Rj1JFEag4ySQD1oJONvyqTzigY243DGfTrSg55OA3ao6XLjorpEgwgCPtIJz
 kdqewPOc7ycDPtURIJyMA+lAJ2A9fTmjVoTpteQ9tyq2Dg/zpUIOM8nv6Co2bCqNwIHWmFsSkL
 ycVbV1YqK5r3JgMHJ4BPp1pWkUbcMMDrxUCsW65GKU/KNhIPvik4rqDi21Zkm8M5bgc0ib/M3Z
 GMYxTVwEw2cdqeWOMEZHqO1K6UtBuTfxEZb5iSdvfB70hJ3cMOOOO9KQpTK85PNLwW2jgHkE07
 32I0TuxXOFUNgjPaowuG9QelBY7SFBLHoKZLuZRs3Z6U1CxUJ3W+4b2LfMDjPHsKc2S3yqeOtK
 uSfmUjaMGmM4XLhjz0FK6bIabdyPq3HU8nNBC4BwST6dqXn5W9RSbcgNjJIwMHGKvbUf2tQYpl
 QDxVc56qeTxxU7ECPbtwRxn1qAqWIw23mnF9w212GFSkYcDJ796iZg7AYI7kVLkrGCxJOcYNVn
 G2HGCSD97NKMXJtsnrfqRsjLKCpGMdahYAZ67/6VZcFzklRxjmomAyOo9CD1q4yktFuaOStoVZ
 FzGTg9MjHpVcjMmCSvy4BNWWO5sjdjoQDVeQMMEqxI4Jq0/PYmWjViswKqRkMw64qiwyuOcZ4z
 3q8cFsqGI/izUEqKHXnk9ABWMnrsTblVmUjtV+Qy54PNV2V/KbBHtVtwTKOhUHHAqux2uu4jGe
 Kuyd+44SkVfmyoztz1zUhB8wc4UDNPZVKlgcYH5VAMqMhs/XuKHZ2Ha6GFS0yqxAXGSR3NIwJl
 BQYOMmpZFJxnpmkUjadoOQehqua2qKsnoiMKqRtu3EgcEGmFxJz82QMHFTgATkHJ7gE9qCdqA4
 C4PTFDehjzcujK2Ar9Dnjj1qOUhRgnqRyKsSAZIzyevtUDpiQK/OSM1EprqDty6FcqfNyD7/Sq
 EjYkPOT0IFXZAVZtp5J69uKrv5bFixPJ5x61p07jgktbGcyAuD0x0xVZowzlOq+1XziOTP3htw
 RjoaqSkHkcYGM1HLK4ubojkPvFSdoBOSas7AEG0hhnINVQyliuGzjqDxU68lAXA44AFaJPe47q
 ysTocN84wvYmpgBt+XrVc5zgncegx61OmTwSOmD9aSuVyJa3LKKWVWI9gRUirhMkr1PB54qJcL
 gAE+ozTxh2ySAc0byuLVq0noSInO7D8HFXcqrKuDuyfxqvgg4JHJ4xUi/NIm48jk570NXd29hP
 3tyyhOzcAF6EAjpV2I5lVhwCpJB61VjIyM9CfzFXEJyWGBk4A9KzS966QnGz9S4p3Jwd3Ye1PQ
 lY2DfezkVXjOG5DAjjd2q2CDyPmboT2NU48m5TdtCZJMKWB3ZGPpUgXMI2MRjjr1NV4353KoAq
 RcsSobGTnPvUweumg7u9yzuVIVJznNPVwR94bD0JFVSdu0EhlBwaeJPkZgv0HYVnpzXKUmuhYX
 JlYKSBjIzUqs3mKmVAI5qgJDuLDrjmn7jhXJwCPTkVcXd2Bxv1NNJCi4Cgj37UAsxP971FUxk4
 2tz2FWQcsDnaaizT0Iah0ZaB3oWdWJxnIPFSId4XYhZsc+xzVRSuOjYX361ZR/3gI4B9KqT8tR
 tcsdUWN37wg/fLZAP8qnwS2SSv4VWUrHPl+hGAT0qwHYkuMYGOKrXroVzNapElvn5vfnPrVwN0
 KnnuPSq6BQ4Byccn2q0CPlLcA5/Cp5rvQiW5OobOQTz29KtRYHBP3ujZqCLDtlQ2QOM1MgOz5x
 0PGKe+5SldpFsBTtwCOevapgmcr19ahjIZeFbC9h3qbpJ0OSPzqW+g1fqxBncV56/ypwIJUknO
 aQGTaQVBJ6cUuMR5wOOM4qXbqH2h8h/djODg4x3pmSX6hR6kcUobcSCp68e9DcnJ4wO9XDXQE9
 NXqMCFSem007arjKsowOlCnEXBye3eg7SQccjjIqZKT6h7smOHC4PBPOaRi20fIVGOtPx8qgkH
 FBVi2T09qmLSdw5etyJC4TcQcZqYAFjgZPUUDqVwfpSjIO3+8OvrRJ3Fa6GthGVQNxx1FNb50I
 B255Apejlt2frScoMDBOemKd0hpW1AYCjcDzySaXHzLkjIprPztJwAOKRQTk8nPr3pNuw3orpb
 gN3mfMOvHBoBfcegUHAzRk7tvUA8HFRKWyQScn1quYnVu5M0jgHBBPXpTEOF+Y9cjFMwBwTlh7
 0pY5zlcAdMUou1mSmuxIvTqSM9u1OWQZIYYOOCahVwEzkf7VIXDBmAyQcGm3HZlpq6uWc5XaSB
 gdqrlmLDaQe5UCm4IkHzA8c0xxhmBb5s8e1NJb7mkZa+RYZmDYztOO9J95sFlA+lRo+Y8MAcjJ
 9qRc7gwzjHc9KOVcphysnC4TBIJ6cVH0bdznpjNGcNjB/wppKsoKsAwoW4SWgz5wzEnoKbzuwS
 AByD9aduycAn+lNwfIO5TnGAattpotJ7MhcsPQ9jx0ph3NCM7Tg4HvTmHOPmI9B2NM+QykANjH
 ek3Ym12J8ipuY5YdR61XOCQcgDv7VY6jrtB65qu+ORxzyKT9NQd9iByGZhk5A4A9ar7vMxnlto
 zU7DJ3Y4Ze3aoSAIsjvxmqjazuVFt6FR2YSbVBIIzxUBVjggexBFWzgIeRnHBqrsJhUcjPOfWi
 Te6DmuyqyEKxbJOeB3qFsHB2MMHknuasOSM5Ukg4TmoWGGIySOhyetOXMtyNempWPO5cYBppXC
 7QOVP5VI3DAAdev4U1wGHOVLfeOajV69DRu6sR43HGfb6UwoVcZBwB1FThcMNo3etRF3MhJVuT
 z9K0jonZkp6asGJ6gD61Ccs5DKT6e1WAGw2VyQeKaWGSp6gVN0tLApLsVnBZkIIL4IpoX5NxYF
 yp21MQS3GMdc1AWLnHAYfnSvpfYznC+xA5xGobBJGRxVR24G5So7/Wr5Q7SrMAcdCOao/el28H
 gHPrTg9BK1io4VmByCx5J7VUkVckHOPbvV9ioUjgLyBntVNvv4PHcVd3fmKsrHCs4AJzgZ/WrM
 eUAYENniqabVy+dw6gVZQltwyFOKpT1aREoO1uxZGS2cFsnp6VaHXd2FV0w0KnOCDzipkxkgnP
 pUxipFddSwvLbtrKNufxqwpRh3BPP1NV494Qcg/hUi4Dlic44wDTabauO/ctIMoRjkdR70Dktu
 BJ2kU2MkjdjaAck+9ShxtJ2nGaiKd9iabd9CaD5XxlSFOBmrkZUzAnIxyeaqJgK2whcc5IzirS
 +WyI/8Q4IFTK6Zc1zKz3L4KKp3MuC1OQpuPPHb1NVlEXKHnHfPalVUMm4E+mKrlb6kq0VroW1K
 hyACMjgVJvZSMkZA9Kq4c5JcZB5x3qfefLBGCp7YqOZCV97DkcEAPkjrkU7IIJw3QnGagLjACg
 k98elERz8vTHB5qancqK5ndE8TAncrY453U9STMy9eeKqqymTAbkA4GamRmEgUZ6c+1S79zVxu
 9S+jEAMNp4yTUyliqsDwRVRGJj3YwmfwqxG6s+3BCf1pRm9yHpsifB3evParablTIxgjBz2qoG
 w+CDx3NTxk4OMkHsa0c+rFzXLgctDtYAkdxU6nJJ45HPtVRFQg5OCe2atg7WPBA71CcFsOL5Xo
 WULMdpGc9cHrVtSTyV9s+lUo5GVCzHHt6VajYSBSSVHrn3rSLb2QSve7LaEqCBkHpmrqBnChuD
 1qivMpI5bvzVlM7QxbDZwTUyfUvR77l0ElxnoBjjvSsZQpyQAvbFQopwDv5I4HpVgIOm73+tVF
 RQnK2lwDOQu4HI6gdxT+DyuWA5poOMNuDMBgAVIMNICflUjpWc22tQe1xSR8u0Y96XaQVx827n
 FRqylM5LY6c9KASGJXp/DSSsKy3Q8d/lxzxgUhQEv/AHjjimCbkECpl4O853N29KPeiXyu2ogw
 SMUpyJNrEEegphwTnawPQDNPUuGDHAOeuOtCVtSLu+40BSm3BGCSDSZO7g5OOfanNnftA3c9R0
 oOMt8vQYzVPcL3XcEC9W4PrjioyzHKtnAPBFPCj7rHr71ExypAPvRC8gTtLVXHMGCbmXcN/FRj
 7/3sAngUMSyKCTtHPB61GrfvcnIB9fWlumXyt6Cl8ZCgkg4HvQCGIDDoeTmmM2COmF60ze2d46
 UPVE8rS1JSwK8Yz3JoJ2jIPamEfPnIwByaVFCpkHdgnrTjZLUNtRCyliBkg9hT1wApXHI5qMAG
 ZmORTcAcjI9OetVdNBKVlZD2bDdB1496UMG6kEDvQHyvPODzx2pnmDAIHOKSetlqTZtbD944BX
 HbPrTgxZsggKBgjFV925+AQONwPWpMp3DdOvrVyaTVg9nJLUkZcg5fIJ4+lIGb5sLxnGaY7sQM
 D5T3xSKxZckMOefShXaHeyuLnEpUjk8k0g3k/eGMU0yKxwMjPIJqHe3lY/DP8qOVvoFlLR6ExJ
 D5TaOMHioWIDLgjOMU4EBipbf6ketRyKu4NtIbriohDUGmpWSGEkqVZgSOtQORuAU4PYVK23Zu
 IYHBzUJx5anBGRyaq73CU2RFzu29s8kd6rktjpgZqd3BO0YA3Yz61DKWCAYAI5px7EqpJ+RHKo
 VMnG4DkVUkOIQR261MzfvWOC2Tk88VH+7U53cEcjvTk+hUYpLUiYq0obepxwBVZ2Bchlzj0qaT
 BwwBHQAmoHUMc9+MAGs7q7uJWIcrszg49M00kH72eRz7VMyAOFHT161C3DgkgjIAqopJ3Kcvdt
 EQBOmcHd601lRZGwe2BmnkHeTzuBz9aQkSOR1G0+1PmSepOuxGM5x3HvUL5DtgDI+YHHWrGQkJ
 bGD71Fu3tvAbrg47U4xdr20HKKWr0IZMiMltxBPHPIpgUKpZc8HP1FPk3FVCklSagAMjKORj36
 0ON1uRb3dxj/MCWIAJ4XviqzIFlPUMOOv6VYZguAyMAD96q5ZndiQpHUcc+9Uk76E3sUpN2/bw
 RnioZVxl3bPGAF71ZfiWQH5cEYPYmqsvzYK9O496HC5bfVs84R2AYbcYOFwOtXI2yyMM4Ixu9a
 qLtL71O4dMmrkbjcowvfpTSM38VlqWo/uBSWUE8GrUYVYz13AcelVY8BWx85x8oqePJwSu0AHH
 0qlrpcat1LYHyqADgHjmphjaQeR3xwahRlEOcHOelPicknO3g4pxTWpa12RcGQcDC80qsFnJwO
 RxTIySoB6E8kdqmVdvyfKMEjLd6ykv5jO6UtSRPM2nbgKfUVMvyocHAzjJFQJ8seSx9zUyNubJ
 5XPSqjF9Byk2ix0ZmXG3PrVpWROSBheCfU1XQuWZSVUDse9SDIJYgHIIIHb0rKXM3YrSyvuKwy
 pKZVsjK+tSOSFyGyR1wOlKq/KRnnHBoEacqWJPpnpU86e41JOOpHuVUG0Zz0yakRgRjODnJHem
 upOdowMcH3pEG6QgZB6YNNxTSuyNL7kvfK4BHUkVYiO5m3lcD8KhWPLgkZ9hVlQHKlcHPUd6hJ
 PRG0dOpImAdgJXsQasxjawAGMnkGq6lVnJxnnH0q3zkjPfGarpsRK6aTZNjhufoT0p6SNtwe3G
 cVCqknaCCAM4qYcKwzuz0AoXK99y5rSxbUq8jZbGDkVYT98nU7emapRD5iwwuF6N3q3CwEG0Nn
 DU5abGMrpouZIk6ggdqtRsocgkbQetU+d+TgjHFW1I2ZI4OM02rW7Fu76FtHUZAxgHHH86tR4x
 k8gjNUozk/KeM81YXk/Id3baPSlyrqLmaL4KhAnDDqMVIpz8wByD61TUsspzjHGBirHKwBjkY5
 PpSa6I1cLJXe5L0bOQAO38qcSdyjrtPJxUR8tlC5OCMHB704AZXLEgHnnvT6ahovUcNoZiCMN9
 3NOVy0Q2j5sc0HhBgZOO3egHK4zjNRZ9NQUtbsXy1IOVx2z2BpxYiM45IOKZvJbB4GODmlj5AJ
 bJx0Bq9be8TNO97kjcw5CkECpVKeWrMGJpMAZIIwRSbcBiTkbe3SpWqNJO6sKANrMemaib3O0H
 vmnAtnnOBxStngEgVPK76C5bakIyvzDP3T15pBhgMEBunNLkgYKlU7saGIVc8Z6gVdnuydLXIw
 SHbcQRTWcA4bkAce9O6zcDJpSMYbIwexHUVOtx8sXKxGCDtIAzjPPvTGxtH97HSrG1WTnqTyem
 KgUDcSwJYHr2qU3dg1Faobt/dkK2455poyJFye3SnbSJSRySM8dKMDhwwIwQRWkX3JlorDRsaQ
 BmIGOcGmlSAQvOemKGCbG2LknjOaQBgpGeBjH+FCknqNKy0Yi/LhS3Q8GpG7kYAHQ0w5CnC5oP
 mEjICjuSOKaSbuym2noxQABnrntUaSFUwcjnBzSkgnCk4xnPpSAkldwHQ9qclbSxMpRa11JztI
 +U9+/rTWwS3BHPTPeoySytIBkdsUwlSmWbIx196m7urFRejfQA2JFO0/WnbhkgLgYz7ZpOkQbj
 pjJ70xiGCjPA5JrR8vVC01Y8bcBdrHb6Hk1GTtbC88ck9qeCQTg9fX1qNmEfmF1znHA71mnYzb
 TZE+OVyTntmoWYlAQOg4FSN9/c+cnOMdqhyuOWyQO1XZNjjdvQY3IC7MN14qFiRIBgZxzUhwW3
 Bvm9PWoiSykAc5wKlvUbkra7EGQf4TkDFQE4dhlcHn8KmLDldrKCeCTVZnLYLHg8VTTew4yitR
 sg+UbTu9PYmo3ADKBj1OKexAcEHPXP0pGZnjGAAoGCSOtDctmRyIiJXlSDuzzjtSPFkDq2R1HS
 l5ySwJHTI/lQ27dwVAz0PahSl00HGTjezIG/1QQNkmmbFVjyW7A1Lg7MdRnP0qPYCHCkqpbrnp
 TcrIUX2InG6Tg4cdc9KEyqjcCpPB96kbAcgr0HB9aYR+7BwxGM4pSldFtXepAWKv1xlc4qAtna
 yDDemanckS/dzjp9KiZQqgMTg+ntVJkVHFWTdiuQxQn5iOpx2qB8/MAwBY9D1/CpnPyl92Ez09
 aquTztb/cNJe90DlS1uR5UqM5J7+1Z5YbiGB9jVuRm5jUZ+YZPr61TZAFDbScngD0pyavYSTtc
 87ixsQKeec1bGFkAABHXFVVEeGVD1PAHarEIXzVdcjj5iTVuV7a3Q4zsrXL0ZGwFR0PHtVhRlu
 Cc5yQD2qqpyfkOBnknvVuJwpABDNmjmdrkpxT0JwvzblBOexqwuSuCAORg1GxYxZACkHrUiBcc
 g8UuZ213CKb1J4wc7WPy+pHWpesignAx37mqyHMyhmyAMfWrAwYgwHI9KLNOzHLe5MpZiFA2/L
 0I6VMpfy92Ax74qFEK3GSTyKl2soAGQWHc0khtxvYsfwDOemCfepg42luhJxk1AjbSdxUknke9
 TKA2A3A5ODWeq0Y07bCgsfunJ9RUqFtowQSSckimxhAxxuAx1oVgZAT8v8PNOydgt0SFCfMRly
 oGSe1SAbWUg7gOtOU5+RjjJ/SpG3kHaoAx6VEm7ibb0sEe5pl9WP6VPG6rMAOQM9KbhgDgcjgZ
 FS42MQMZzSdt0OmlLRk6KNnbGD1qfLGPCkHAHBqBAzIvb1qwF4AXk45xTstFcTjrrqSKuCOeCc
 ilCsJFJI46cdRSD7ucccZqQuCOCMk9xT1T0QczWw/7pJDAsTVoEBME8DgEVAGAO9zyFySasRhf
 L6gA9aTk1rYuMu5YTaxXBx3ye9Wt2EUDOD1NVkOY0Cge9WAm9VVux4NTz2SbBSu0pFuNj5pXv2
 96mVtrj5s8cYqpGnIOcsTwAasoGO1gvfJ47VpHlLdkX42/ixn6mp9w5YHPYiqiq52v0XH51KuT
 wpyAMfWhW2M5RVxYx84fIwRwDVleFAAzk5qNUBReMEDFOG7ewOQc5z2oqT1Vyp3k7IcMSDAzx+
 pp5RgrOoBbHI9cVEnXjIXNWTnp0PbNEk4kt9GRkBsDjjqO9TZ4Hy9+/eoVADswyTmrC/NtJBA7
 kdqzfmXJJWHgfJ0Aye/anAMmVfBBHQd6a2FOSS3vS9cAKWAHWoSuHKnsxrcIOABngnvTAGLDPz
 ZPb0qXAaPAwwz1xSqsm8sF2gDtWnoKM+UY4zDuOcg4AqJgzDJACrz05qwpyQGIHHpUZ3BieAOm
 CKIprcIbtkeDuBxgdeRTScg579KmGSF/rTHUjAGCR6UpJXHFvqQysVxgY4wajA3YBOPpUx5cAj
 nsKT58j5Rj6U0tBOViA/cA2sB2+lLtJ3K65QnjHepmXbGV5bPSohu2YY5XOFIq17y2Ji7bETDk
 AYVccEimlWEYCjJBqT5WBG7GTwaQ/e8vuO9Zv3XsU5PsNziIE5zmo9+S3JxnkUuG3AE5Unimsw
 HyMMA9CKtJkpxTIyq/L856dzTkILfN8x6AU18bhyO/5Uwbig5ByOaJ2a3NLpbEzPhBheD61EwJ
 wSvy5xigMxIUMoXqCaYpVW+ZiRjjB604NWtYjl0JQ5CFcj5egIpuAYznAx2PWm5J3E8YOM0EER
 5B+b0qWS7XGFxtLc4Jxj0puQckndmlCtyTnHVhTAp2sBjHqa0TQ1roGVMuVJK+lQyJG+4rzxzg
 0YAPI4J4NNYDeckjnJ96lysEbt77ERDBVJ2kN7VAygMfmIbPNSSBmjyT3zxUZXA4OeRyfemtdW
 Ju6K8pG3uSeeDUWclQpUkL1x0qRvlySRuP3jUBKHAGAGPrUt23GrdCJmcPuK9BgDFOWQNER8qj
 OeaR/vZznj0/Wq+D5oKk4xkVbUXZFOKepIW+YgnHtTCW3HjoKUDdzjnuKQLiQYbBXjBouuUTmr
 WGniMdeTk+9MJ4OMnNSjHkr8pHXgnkVEWO7GKaV9h0+wmNqKW6kdTTONjYJAx1PQU4McKv3hg5
 FI20dTgHsam7uZXalZlUsSm3BbnOc9qZIpB2McjBqVyQ3TAH3ahYhw5LY+tDjLmukO22hA4AjC
 5DA8darZzCVUg4qZ/kUMMEHggVBjO48DPFVLSxMdXcpyttQ8nPt+tVXBK5ByoH61ckC7diqSPX
 PaqTDGRk4z09qLrSxS+E873DDLjkHr61ZBAZTn0yBVNPMSLLkMw68VbQLnewbLeh9KttWeu5Ml
 FLYtxZMf8Acye9XE27lLEDA7VWAX95huBg/jVhcmXPDLu6+lZX1Ha6si+CGfIzsPr61KhYgchW
 xjFVk++CcjP6VYUETbu2Oc09X1M9k0TbNhwPvZ/Onpy5Cgpz0NMT95yxAAGOalj25JXcwzyaqT
 drGu6epYyWPXHTBqQAsm7dkZOKQGP+LIAqQhfLYLu3LgVClZp2JtrqIiuYyM5I6mpSVZGL5OBx
 ikBwxUL1pGJUggZBGD35pNu+ptT31LDBBIGbcvy9/wCVOxmJeCfm5FNAKSGRnVs44IqcDLqVOB
 u5FHM1pcmTUXYWJW8ggkZB+WpxH8oIz7/X0pvUlcEYPapVA3kFuOg96h3uKKbTuKu8ybenPBqy
 PmZecHGfwFRKp8sgDBLcH1qwEIwTwONpppsG0x6lQOCORkj0qVeUBGTnsOtIEyoUDgdDUu0cc7
 ferc4/ChSn1uOUMMhuB6HqKcqgHBJPNCr8ud2cjJPvUrR4iXJ5HXFTKdnbuNSkxVCiFSTu9vSp
 xgfNnBBweKhjDNE44GSCPcVJgBSCQ+DzSTsF3HZlhJdhK5VgQSMCpkyQobrgc+9VyoI3cg8AAV
 Yi++RgMq9xSvFJ2RSUWty4vEn38EDr71bUs6hQSQOpqmoBw4PzA4YZq0GGFVSPT/8AXTitBa6W
 LPIUnPBqwDsKFSpK9cVXTOFB5wKlVl8s4GT0U+9PltoNp2SLOTuPoTjpRywPPfrUKu2BgEjOal
 U/Jg/LzjFTblKcZfMmxggEfMOTin7v3hAy2T+VIuGVW3bh6ipo1IBLAZxwacprRii0tGhgzgjH
 O4U8u+WG3cM/dWl24+Y04ZKcMBkVDs9UFpIcqqFBLKWPYnpinDIbbuyG9KaFyvBUHGfpT0IT5g
 u4nsaNWOT6CEqVA6Y7CmsHLDaanjjDOcgHnkCmvHj5lO0981UJpj92/L37jX5iwAcetMVJATu+
 nSnlmA5KrkdMdabglQRyP4setONlqOV4dhpyOMd/yphA5K8MDx78VO5UJnPzMckZqA8rnBAPSk
 tRNcqIlU4GcjnrT2+UsecZ4NLtHmIrHaOetOCsVyQdopylsTe0tSPBJAOGGDUDcr2AHarB7YOc
 9hUfJcgEKO5I71PNbcSTTuQNjaNqkf7WKjOBOSzAqR+dSSKVLbRkgjimsOWPdTjGKZUOVO7GMd
 x+XqOeahLDOD97vmpNoL8sOnzVD97cMDOeTVWSiHKlsN35KnaRtGMnpTc8sScZ6cVL90fezngc
 cVFsHkkNnJPrUc0dWyelkIfkUMRz0znpUZ3ZP8QJ7dqe2ApVidh6+1R4USPubGcc1am7rqSko6
 XBV+TLHgHtQeMlckgfMc0mVDE8njof0pSNifK2T/EAaTlc0vZaiFiQo6Meuab8vz8+mOafuUkZ
 4brVZztAJHQYFCvs0TFJ6j5JFEeGXnOD61DLJhQMYz09hTmysW7GTjnio2BJBOMnnGOlOLsEbb
 kLMyhj2A/WomJIU4PQcVLksXyNvOCCKrmTpubsCcUWbb6icbIhD/vgS2QTnHrUTcSc4Ck8EipJ
 GDSbeAP61AVyqqwPc7aqST0M5JrXYhYsVJYgYPXFKxOzjGGFMJCyDP3M8j09ajZgpDLz754FG0
 i0uVXHKF3jduyDliDTiwMvUDPTNR5bJLDHYUAZTLYyD0FWpNi57eg4l/MHQL61E5bIAHyjnipC
 22M54FBcCQggEgUlUaaVgTTVkMVnk5VMHPTHNMfJX7w3HrxTs/6QCFJ9SDS9mAAIzxmolP3hSd
 tCsC7Lt28k5we1QSMPL5UlurAVJJncSAxHIAHeoDgDoTxVx01KdmiLg78gjJyBVNiRJlgd3UDP
 SrbLsUEA8jpmqLuASwDHI70Xv0IptJtdCCRz5uw4UpyWHQ1TkGSCHBLA5C+lXsgIzMADjvWax3
 YUIw56miM0nsXDV3jsefgsdyqA2CMmrYIJBQ9OoPrVE8bemDx8tWouGYEHnAPtVSXKm0ZO+7Lk
 b87cjsT71fUdSCAx5wRVJFXaB/FjrVuHzDArEZOMKfWlOF2pJmr6P8y/CMk5G4ntUw7gg5OKrR
 sGbK/fU5zVsllJOMZpRSvqZuVxdoB2qee2R1q1Fnapwc96gQ9CQeCfxqVSehO3PSrUtGW4uSLI
 O1/mUN6CpF3NMyg7ecmokGIyZDnI5PvU+R5KgZzt59aye+w3Lp3H4AgHyNvI496OhRcEHoc+tI
 UyuDkDqM9qfGr/ADcBiT37U6clcUb8trljaXkYsjEHgVJGCMEABc8imAk8dV9qmCfLwGU+9Eov
 UHK2iJV2gSEg5zzzUyqiDPUkcVCnO5SQRjJqUZDoPLPy8DIrNRaZpfrckxu43fLnirURJTDjPc
 CmooDcYbdzUyFVHGS2cE0m76WJVncevy52thsd6kT5W5xkjqaAuHI6g9falLELgYLdqqEuZWQp
 aj8YQ/KRxgUuFCjG4kfeye9NXeXxnJ6gEdalDqwwQWOMDFDlYfNdWFQcKSpBPGc0+NC6ttZeeo
 9KaC2wK3GetKMK+A4I9Kh33Qoxdrkq7gy57DOfWrKoFAIJBPqaqDIGMHaauhFIyT8w6iqlJrdF
 yjH0J02qSeemTzVuL7o+6Sc4/wAKpKMsArAnuvtVwMoIO3kdqfK7DUL6J2LYKiNQCUYdQak4bI
 Vl3dsVCq7hllKn1PvU8S+UVbaWAGMUaJeZLvF6EyAiLYzADvx3qRQ5Vdy7sDkAVBltxYLu5B9a
 urnduHLEdBScrPUavFkijg49cY9KeciPackn3pi7mXGw89frUy5ITIPHU0l7u4pNSWgg2hQvJ5
 pP48EEc5Ap5X5/lIOeRUjACIc8HuaTbsKLaV7jVXqcc5wBU2HBALIGbtiq4DBCSAQORzT18wgM
 WXP05FO19bml2KU2S7MnB64NOHQgAbS2eaaH/eZyC+O/ak3M2FwPU4FJvUqbskrgAPNy2ScVLu
 jSMdTnoO31qJQyynOCMc5605l6HJOeAPaok13M5STdhPmbIKgDPWmncI8feHsKk3nagTHTkmo3
 yF3D8QKaauJybeoE7iWyDTSV8gZbOcZA9akDAgnYQ2PmNRMd6gEr1p7ly9NBhUFyfmGcVWJAdN
 3G5Sx9varTkAnad1QO6nICgYwCTVQeu1xOV9LXRA25lDtyQe1RcKflbLHn1qct+76dT2qry78H
 C4xnFO7e+xSlaOpICokwcEc9BUPl7W4PGM5zS5AJCtjtzSFl3lmPTr2FKO9kzNq5Ex2oFTO71J
 4NRlgX5baQ2SKlb7vp+FRyDcAcgYHJIpy8h82uhG+SvXv+dIMrIQenFOJPlhQM49RmmseORgk5
 B9KTTaDV3EO7ChuuMZHalAKklRnHQ0jOhHIYkYyaaAAM5LZGeDxT3uNu0dR2CS2c5x26VAyjJG
 CRwMelTDduy+BG1RBRv45GeTnpSunsRGdncQ4VQoBLBehNQMWdQVG3Pb0qRwDyxII6EVC5XYBu
 G4ngU0+ZBZXuyJziY9elVpCpi3A855qeRT5hySST1qCQgDYwwM9cVUddAT8yFyoj3kc54yeoqq
 0iAfezj3qZshcHHI4qux3DsW6dKpIm1yLPRTkA5xmlfDRDhT601gUTaTvXoAOpNRD/AFIYqwGf
 m56VN0nqU+e+iHdQGyMU9XyhABHPU1CcrMQeRnIPajcxK7gADyMd6q/NuOUko7DiwAAI5I70mS
 I0zxnjB60qYxjGD15pA+ZMMVPH5UOavawlG+o8sBCdqncO/vTH3gglgvHUU1nGNwJb6Um/12kH
 qTWV12FJtLRaCZOAVB5PXqKrswGAe/A4qRidpAHocCq8m4nkAHvmtORNh53IflDFdxyF71Ucos
 e7nkcVO/31BBBJqCVVI2Kc+nvRdpakucb7lVy5baBkd8VRlYHhvlIORirjMSwAypA6mqLsvmY4
 3E8H0pWQk9Tz8KpjJDFgO3pVqHAtx8pLE5BzUChIpujONw4FW12F8E4I4rZWWjRKqPlS3LaffX
 H3ic5q1HzGrfN16dhVKHkxkZy3I5rSjc4JI4J5A7VHLJbMq6jqSqQANox6+1XomDIN3JAPPUVU
 TmRQoAJHQirCLhlGCAOtFr+opJPUlBUqrDAbr7VYXPDsASTnj2qCM/OwwAM8ZGashQ5BcgqAfu
 +tN8yfkaaLUdGHkUZxnGasqo2jLbiQcKOtRKmRhRgYJ68inqSsiY+7twKE+bWxklfW5YjJ+VcE
 t/dNTKMIG3Luzk8dPaoVBV+Dn196lUDa3t/D9KV0nojWy2JMDbyQzHONtTooG4knHHNQJ83JUD
 PIOKtpvEI3Lyeg/pR0stxxajoJySxwTzjIq1FxKuQemMGoUwQepOMfSnqCZPXuSKmWq1Y3YljO
 6VVIKnGB9KtooE45xkY57VXUkyLkj7tWgcle+BzUXtsTJvZDt+JTnJGe1TrzGVAJXvnqKrZ6dA
 OpzT45SBuyDn06VVna6C2mhOA20FTvA9OopSxVidnBHGO9RlnKrg4PAp+T0JyAODjrSk4p6iV7
 oAflUkdD3NTHbkA9AB0FRBXJUYYnHFSP9xF3Ddijmje472ejJshpAoI2jgipRu3KVyQDzVSMb1
 O1stnJJqzGxKk5xxwaUk7jcGti0rLn7uCOM1ZyXG48jPFUlYlFLde4Aq2kgEcfqRyKIxafcIt3
 ukWs7Y8iTI3DrVtQfmzzz1qih4AwMdR71dDkNwcelKo5dR2luiwMLwBxjgk1OnyKQoJPc5qIEF
 ACBjP409VyMgj3oik9bDb93sXEwARzxwOaUfK5xkIetRxklxjr+hqTd8w6An1ovyuxLbt5D9+F
 6cdD9KVgNw3nGRkc05mwoPyk49Ka+PL+YZ44OKEwjN20QDiU+XkjPc9ad8y5bB3E0ijcvAKnGe
 OhoEjPnkL+FQm3ctvqG1DI244yOMUb1BAGSSOQO1DGMg8nIOevWmgHYflx82QfarUrIIO6Ji29
 BjAwcc+lDEeQCOe4qBR+/wC4X1p+cuMlR7VD3FyNvUXdhSPvetB3CPkYY8kelIWZlzlR+HWmM2
 VGQSc4x7U1eW5Suh7PkAA84wfeo88KBgtio2YuxXBPTBpWxwOVApyVlqLlVtRjMzEHG1c1G2OR
 8pB/SnM/zYbkED8KjYnbkcjuaq7W+hU1MhLgkgnA7ZFRMyD937Zp8o7gYOM4JppCqSxxnGckcV
 NnYhxttqRA5k6gEdc0O+EVtpIPX2prHKliQD14FIZCUyFHsDVKydxxetxh6sXIOeQB2pn8POQe
 meooOGl3g4bFMBONzZHfHpmktdWKT5XYT5WRc5B9QakPEHPXvTHIkIKnnoP60gLNuwVJzTTuKb
 2YnO3HGO9KcKByOBkH1qPc3CjB5546UbS7ZzznI+lVJdxTaaJWc/LyvTn2qsTjncCM9hUjKB90
 9ByM1GwG5iAC23JWiDgtCIciegh5UAj+HOf8arSKoZT0zz9KezNtzjaCBkU1pQFJzyOoHaqblH
 4TTkb0WxGzNhQACMZ5qkfkQ5+YZ4PrU5kZyw+ZT6mqrnaFUnJ5zU6MXLb1GM5zlVLehqEswTgd
 uuOKeS6ttGCeB0qs7Yf7rZ579az0voC0VmhpYEEpyAc47ioeWYgA46nmnOxDKyjjZ27mmBSGyC
 Ccc4q5WWw7voRlHKgHAyN2acmQoO7JOce1NO5txPUnJA9qe7jyVClSx7DtTdSTtZD57jix8tS5
 AJOSMUpaPYxCnkY96rjO5QQWJ/KkYsEyeB3I70pQ6tEQsP6SgjB5GRS5bzmGR6jiogf3bHIB/X
 FMZ2STKsOecEVad2kiUkk2JJuaYOHGc9qa7Ycg84OCKc+DEoCkAdvX3qq0owxwPcGh2Za1WiB2
 ONxB3AcE9qol9wH8QBzuFTOTI20KykcnP8qqMCAQflwOhppxvZkxtfXcYSqtnJYEdfT0qhNuMr
 bQCoHX1qy7rsIRh1/Sq0j7V27i2eeB0NCdpbWEna7OBjLrcgyqT34q1GvKNtYk8cGq0QO/5zyw
 5J9Par8ZKQ4OOeFNaKKixSUlui1Ep+UYPX8h6VdiQjoG5PQ1SjOUwuR6k96vh2CrgjJ65FJyad
 kEd9CdOHHzZPoO1WFKYBBye9V1XEoKsGJ9quRgA7SoBx19aXNd6blOcbk65CBSQT16danwR8qg
 5POagVm2qrLjaMA1bQqqhiRzwKcrp6oIpLzQ7bv27Th8/NS/MzgNkbR9MilC7SCp5H86k2tkM4
 JyP1oTXcjn7f8ABJUKmJwGABHyk09B8rBcnA596ZCRtA6sOOKl5Ac7eSeah26LUpSbRYiZSNjI
 V2jjNTDhVPU44HpVYOS3KHgdh14qbBaMGs0rajknFpskTJkPG0A9+9T4POM7SaroMRbG5HHNT7
 hyw3dfWolZsaqST10JsgKN3UcVKpCSYBPoc1WDYOeWBxUpbc20AMc9/Wrd4vTQcnZ2ROhyWx90
 HmhWB42j1BHpTchF54Oe5pqnbHzwTVpXQ7LcslsJk5G09RSo75IBAye4qBWIX5sjihWxkEgqTk
 Gs7LZ7iastNS3ucyZJyMYGKAxWVlCsx3dahYgIdvXsKlUkrgHBbrSdkitbX2LEfJ+VgpI6Y61M
 gHmEBlyBwPWqu4hl4yvX3qWJjjadpbGOByKLahHa5cQncp64HfvVxVBTIK4Pas9XPC5B9asoWU
 A44oS0ugvZdjQUgyEggLwB7VaQlgwOCe+KqIyBgRk9yD0NWFbdHlQQSMginH3mRz3diynKEnJJ
 6j0qwvRMZyOoHeqiHG7nBzzmp0fadwPTpnvUSUraGlu7Lqv84HAOQcCpFTPLNli35VSUBRuOdz
 cA5zVkNgYzk5GTWlraoU79CT+IqzAk+lOGDjPJHUCoULeYN3DE9COtSBwDsIAbqTRPunqTKo3u
 PBZQT37Ugww+Vc8cgUxm+fgHavSkLYOTgYqIpmlpJXH7gCFw24npSbgVIJOOn1phb5g4PX7xNI
 pBlZ/4c4ApuKWqTJfw3bJozxtY5WkYgHK5OemaYDjIU8Z545oYFkUYJwucipi7SuxqUn6D95Em
 08EHnjv6Um853bScnr6U0H58nrjvSFvlBwVB7VcmmKKtqOBbcCMNgc0yXnaPmzu9aQnK7kYEHo
 aYzhXGWww6A0t3oHQa7EggjAA4Pf6UxORxuzt6mnkkRAZU46Co2ZSSQ4HajWzByfLYglB6McA9
 aYPvYGcEkYNSO4XGQSe1QNJlkHXvn1oTk42Y76CEcjJII9aYx+ckEnjIx6U44bkHnJxmoJTtAA
 BxkHNS7kryEcsWLAjoBjvSlMKScn3qMsN5zxk9D2pu5t5x86YzxTk5dNAVO7JFPy9Vzt49qUYC
 YHPTkVAhJhztOfbtS5AMgXOd2atxSbQSbegrsAMLxzxmgFsjCnkZyD0PpTfTuBjJpruTFlfuk4
 oa6WFKAfMcsx9M8UwkdCc9uO9Mzt+UHqcZ9qiB2uTtNEvImElsh7FtoA5UdCB1qAsuWGC307VI
 0hOcjAYZzmq2TlyF6EfjSd+U1jGUU7sVmLP2UDnJFVnALYIJ460r5KjqSfQVCzAuCxGSOMdqmD
 a0Iv1GEnc2OhqBlHzbvl9z2pzOvGC27GDVc5GSx3Y4xVxWlx2k1dDMqBvHHPy800u2SMKG3dMd
 KRSGB9M5xUJIOCTknk+xqFHmTZTk0tR2SsuQMAr1NIULOjA/MwzxUTZV9ucZ7ntR5gV9xJwea0
 SaWhE6bvpuSMWWTHLEelM8xS6gZzjBz3o85TICSMAHFRNIPLD8ccAYqEm9ZIE7rRakm4lmXCnn
 rURxj5/vZqMFcsTkEnkZxikkC79yt823nPNN6MnlvuSNJk8YHHB9aqM20tuO4Me3YCpN/wA7Ag
 AYyc1XLsycYwy9SKuF9hW5XqhrFN+QTtHU5qvM3ICjJbgnOcUjEH5FPINRMQxAOVLcYB5qrK97
 jvHQgZPk7YI7dAaqsCsjgHB75q1ICq8ZfmqTjc53EqCKOfm0voEXdO7OOUjzF+cEdh9KvoWZo2
 ypXb0xWdGSQPfjNXot4QKE4J3DNae0bCSdrMuwhS6hsEYyAK0Yvmj2kEkdCKpxkM46YI5AFXEU
 mIEMN4GM1EbvYybu9CULmJeAFBwR0NXN5BH8LDgk1XjVSSVyST8wzU0RG4koTim02+YtO/QskZ
 B2LtVj1z1qyhOeQox61XRsDplQcfn3qyAQxkwS3AI/rSumrMWpOQxLbgCc4BoX7+WcD19qi39C
 PqQaeOHPQkgcVlGLvfsEJ6PsTL94lTjI6irEbkPh0bb3NU1CrErZIP8AFz3q0h3x8sc7uRVSlf
 RAn1LC8KDnHf6UsbjyyRwM/eqKM8HJOOQOakT5QCOVzihrqUlH5lkNlV6EYORilUkgbSD9KgDB
 3AY4bGB71LnfGAg24GBUxTiU5cr0Jy6CNskAjoM0oBOSGHTg1CcEBiMPtAyacSQgZSG5xTdltc
 Lt6LQduywyS+DnOaejfvgx5zke1V1ZuQBk+1OVgHJUcAHNNyfUuN+m5cJJZRjnufpSYJCsB823
 oKgD5YkkA4596AxKHJwAO1TTk73YlK3Uubl8vkbGyAMmpI+ZgDkADHJqmADLw+H9D3qRXy4HIy
 Oppyin1J3TLSkh/vcY71KrfviRnnrz1qupDfNnvU6fMVGPmB7ClJdy+ZblxXQsDjCscD2q4gG1
 MsDxjGf0rOU4IBx1/KrcQIj5OBUPR2XUlzvHVl5MmTDcY6GrUU3zFTngZGKoxv8Au++OhA61ZR
 8OuVx7049g1toaMUihQzKST61JGCy7eAR0zVIM2Bt+bnGM1YDAxnIII75oQ4rtoXg2FI9B19Kk
 jI8xx3H61VQqeTnb9alXaXwThQM5HehWdkNJJWJvNcxgsrA5wD6CnqGWQh+gXvUcZDKFB/E05W
 zknIIPQ1T0dloRa6FBUgDPvTyxzkABQOtQh1VjgcHOBSKw8woT9PpQrvVjlAnRlCHHzHdTSPkL
 cjB4/CmsF8vjOAOvrQFQIM7sEHPNZ8yvuCjyq7GrIS2OzHJp5kCH5mHFRLsU4zyBwfamsCAG3A
 nFaJxbsXzJsl+8MFgxBHSnbsSAEEjHGahRv3OSQWzk4pu4MSec9AM1m1d3uNkiyElRwo7DFMO4
 jAIZsZBo6qG4zSAZdWJHXnFXzaaEuKirsRuyngk5zUTOhdCFIwMZ9akdzvPTj261AwO08HcOnH
 FKyW+j9SkrLcj5YAqRjFMwpXcGAYHAqQ8n5QNpHFQkFkBQAE8nNCm0gspDWUFm5xnmomBO7d0B
 59qlwA5Qg9Ofr7VCTtRiSfoe9SpXVkyXroMccEHHTJ4pmQY1XcFwMk0u0MysTheuKiPRiULHGM
 A1XLrqxqSTSaAyeXFxjrT92Y2XbgdSR2qDBO4MNoB4pwZmwQQvrx1FVaSsyZWtckLZTtx6VE4P
 lkZwueBipN4VT0AHTPpVZiruMucdcE4pRm7jWm40nbCQxIPIFNZgB8xzwKQMecjg9CaiLDCknG
 OufSm5N9NAlKLsx+4spG4Edj6VE7blU5LAc5X60jN8+ARsx1A601G29BgHORUpNq4p8rSbImIR
 2AYgHqPSoWJ3YAPrT3YEMRjrmoCQS+GIJpXuh+VyNiS/ODt4+tRZwgxktnk1IwYsF3Dbjiq0nB
 2c4BBq4S3QOXQa/CnjC54yOajI/d5AP5VIZCFcfeUtkH6VBJJIXDBTt9BUpyetiOW+vRDB8wCk
 5HXIppAMTBSODhaQvmQj7vFQOcgqeBjPHHPpVR10RXs5Rt9485wSBgg85/nR5gORj5VqKNS0LK
 TgHpzSNjIXJVfX6UNO+opqO7HeYfMACk57+tIWQuScHA7U3eABxyehqsTlAAGxuzk+lOe3mRTS
 5idpBtDYZc9agbhz1Cg8Uudm4daiZgAoYdOBikuZ7lp+RDkl8bSoHrUL7V2u2ckZ4PepGV+X5y
 emKruchQykHr7YrX7VhcuuhHIwzlTgexqlIx2Nhhz0Bq2xBBGRuPI4qhKxDk4yB2p00kyVHXU5
 WIPgA/Kd3TFacbHYM9CeMCscvm4AVmZFPPbNaceMgsTgt096cIppSe4oQdveZfhU+YeeM8CrUf
 3mYfdPvVeIncdw4Pp2qyqho9xOPl49qa31B1d7F2LiIgkZxjHerYOVAY4XntyKpL9xVzweCcd6
 tDccLwAG5JqJKzUuwKVtbEqn5gUxgcc+lWI/u5LZ5yBnrVcBt+Bjk849KsIACUK4zycGkpNsi2
 t7DwckqMktzmnD5hnkc4564qLJLjghexFPBbaMnopyfeqcXpctSu/dHsSzsNwx64qxESyBcgKO
 4qqB8vUcDp3qdXAI4KkfeqbJ+Zb8yyrNsYgfP7VOrYUBmJY/rVJWRQ5JIG4Y96lWQPGNnDdBnv
 UTve2we0didWywC7SM5b2NWFbMi/3vSqQLo42kBe4I5NO4JZt25uowad76kc3NKzLgIIO7JK/e
 wabuwMgg5GcHtVbAC5IIGRg5608Hk4H+9mk7l1Hd9hxyuMnGTz9alU4PtnJNV0O1/mDHJyfapI
 2UrlclT696mV2hy12J94BYYLEnI9qkJTyzhtxJ6f1qtyZSHODnqKdgAk5z7UJx0voJSTdkWS6h
 yQcfhT4h+9y2eDwKpqGExYsCM8CrCtgEEng9fU1F7PRluLtYthgpcjIOe9Txbsh0OCfWqZYspP
 XBH4VYVzs+8oDD8jWqatohpOyRfUlQTkAk4GatRnIznORgVnIExgszccc1YhbkFidvQKDWTjzE
 WT2NKNmO4NxgdRVgHLrwTn0qipWRv3bDGOc1aTy9u1m556U3ZO1hve5cUtuKqOCcVbVSAehPQ1
 TiK+UD2xVuMk9hgqKcm3r0QStLoTJklSwzxjC1Lg7lAIVQOM1ArFMsMdOB7VIrgxqSec8j0qk2
 9hWcWTpkKMMB6e9SEneDkHnBqEFdoK9hkCnZLLlVbJGcmm2+oJXWmhPG+ZmIC8c8iohgyjcBk9
 KcG2Rg8ZxyPSkDqcDgMepFTFNXaCKiODYO1jgLwR60KN8h+b5cZ+tMYswXaBz0NMLFc5BcAYOD
 ilyaaGyjpZMmZflxwoHeoxjaf4mB4pT+8AIOBtzg1AASCoO0g9SaairE+9Lcn2gcgH5l7dBTVZ
 ApbhiDjg0zls5bjouOKamDn5WH9fepkronybJfMAk5+Yd81FuYEkHPPbpQW/esAMHbQMFkG5Sc
 Z4pOKaG1FbiYfYGYkU08qPmKgDn2pWJVflHbpmoHLAAjPv71XvSe4K+iYhOGyOw6CkyMhiMEjq
 PWlXOct1DcZpjDL9T1zUpp+odbXGM2wl1OXPvUBILIT09aectk4/D0prAbQOrY6elKLj1FfR3I
 SylTjJCjFRMGVXJOB1B9amcEJtUbsjJA9fSmHLR/Mp+lOUtdBR03GphHLHJZhjFNdnyNoAH0pG
 Konck/3jSO7LygGAvI9qbb0E0ubUiZ8SHcSQTgYHFNJBBUsu7AIGKc3zbWUnGM/SqxY88jIPHH
 JzTSG7dxzNghieAOMDrUTsrSA/eHTA707dmM7uD0AqEKxXIXAB60PVXvYmLsrLccVUIpOc9jni
 oyYtuBk8fNz3pxb5twO4jjHamEfeIGB/OhOyTuDhciZsqQoBNMJznO0euRTyPnycAZ60xuWAJG
 AfSnv0KurWKsjFcYPA4zTGwTubn/ABqdii43Ju5/CoGBEXHXGcelSlfQr2t0QSMVGMAsB0qEO5
 UnIz6YqTlosDrxzUMshUkDH9aqTSurERtuiOTb5YycMDjNV9xwTkccHFSuysfm7rkc4qH5TDwC
 CPyoVt2Cm3oMGQD1BPIJody7M2cLn86YzKYs8l88AGneYwjw6YHvROVlexXNqMZkYKqdcVG+WT
 b368GgqPu5wB3qMD94R3xkGtoqDs0wtZWuPATGMtk9CTTC43MAR+NGAB7fyqJt2PlGQeR71D1l
 7pDV72GqjLIdxyR0qJ2OMLgt/EfSnklfvZHrmoyDypXhl7VMoO+pm5JNMrsMxkrgtjvWZNkQsp
 PzAf5NXieOAwYDnFUJs5Zc5OevrW9JvpsXFOMrtHNwKAFBYMScjHetCF87Wbam0YOfSstFO7cS
 Pp6VfVsNgDdu5OPSs4qLd0Jaq5qxvldxwUzzVhY2Mqsp3DHOKrQqRlScjsPWrilhGQN3J/Orje
 /MiG0r8rLqgbQeQccg9jUiFjuGCTuAxUMZwuHwSefepkJDll4c0ScloKCstSVMA8ghgeecUobl
 MZwR69aiAORgFjnluxp5faQGG054PrSUXzaDdtEiZT8uPm5PQ9qkz8uN25h1+tRIMyckZzjJp7
 IpkLEk5ORipvFsttbk5kAx90NSugd924rzwPUU0FQG3dB1NM3dGB+mO9KnJ3skCT3uTO2U2EfK
 p6mpgVUgJ1B4J71W3YOMFjn9KlKn76hvqe1Nyv5BBPUsB3Eg+RmKipN4+V8HHt2qDLBSQQSOpp
 4IP8SjPNRFue5UoqLLDOcKu0AkdaaNzcEgrjFMUEDcpL8/L3NOyrEhmAA6g0pNJ3QLmXmKWY5+
 YeoxTg4C9Qfp61CVBG9enYCpDgKTtx9fypXYudOKDzB5I5781OHEjEoM88VWiKbyB+JNTK+0n5
 MDoDVW622CKS0sS+ZsfdkYPQd6nV2JGcdPTqaq7htUnle/t7ipVQkKwJ2rkY96W+5bk3HYvq3y
 qdw3Z5WrMcnzdm4x0qjGNoBYjGeo71bDDIUfpURmm7WEloWlbDYxwO9SIwyrAH3qBSNp3ckHoP
 WrMZ3rgYJBzVRnZbBbsi3HgkscYPAAq2iN8wAHHVjVFFZl5YDvirIBwu3K/Ng5NEn5iXxWuaSs
 oVFBwvcCrKEAtnP0qggJjKnbkDOcdasoDsUg9PWnN3WjHZbEjt/CDwecjtVlSBncPmA5NQBcFQ
 VOegp4Y43ngHr7Uoy7FxkraEylcHHBzyDVne7TFVIA61VBwoB4PBI9alz1ZelEo66slybRNht+
 5iMY4wKe+1o9xPscDqarA7WQYzxzz3pzEhwGUnjnFFpJlXF37DtByMjHrim7ShJHIJzz3oY7WG
 7oB6UhfAIyNmeDTadrIcJauw7cDxtJUDk/0qPy24xnceoPamBgrHJy3UUquTIxJx7+tJOUdkEn
 LuOG3zfmDeoxSfLuY/NjPODTfMCyHnIIwaY2GYkZLEYIBoctrkPV6inAYsMkAcjPNIrKr+uO9N
 HQEEbv4hmgFsDcoGGyaHJNWKkiRmQrnkccGmE/KAOVApCQCoYgZ7ZqPI3YXcDnj2puy3Jd2tGD
 ZGC2cHrn1pgYgZPrn1pc8sXwwzjHpUXykswOc9qS5Wxy0Qrk7QFYMSOvqaiJUD+83c04hD1JJz
 xg9KRVz0IwTyPSiVSCTfYhy2ZDIu3ocE8ioy2EAY4APX3qRvl2AfMp61VcHcB94fw+1SrSdmXG
 LkxjjdIkhODjilIOCScHOPanHBAOctTWweeDx+taXb2JmrvcR8KjBcg9OarFWB5wf73tUzMSnc
 c9fWoGJJIUEnHBPem/dVib2dxkpbegUAn1HekYZbkbexx0p45kUlh6sMVHklWOCc96zUrrQtSX
 Ya0ZTJUg4681EWcOA3TsfWnO+IgT1xyKaSdv3SCeMU+l5BJNIRmAYgjd6H1phKrGASMAdCacQP
 N5YEY4xUUgHBIJA6e9OEbbmfuN2sV3zv4OVJPJ7Uxcqwyy7duQcdanLNvZSpwAOKrnDBsrsGOA
 aOddTXV+hXZgcYYFgckAdagchs7Rk9Qo61OxCyA8MT1qttOeCO+D60JrbuDVnewwg7SQAc8cjp
 UBkJypAU55OKldiqbXHU5qqQGlY5znGMd6laXRiovqIwKuwIwAfvAVCPMAIfLMTkGldynGQADg
 mohvZevGOfrWkNVdm0bN3X/DjxzGcMAT3Peo844OSxHPtS7ioIABY8gYpABt3Akdcj3ppva+gO
 paLQ0BgAOdw6/jSO+F2hTkcDmlLsY1XK/722ojlZgQMjj5vU1XNd3fQzut2DszSnI2gDkY61Dy
 Mj+NutWS+ZCRjOOpqgWBdwFJOeTQouXQatezRC5LHpgDg8VSc7Fz6nqatyA/Pk5x29aoykkHd8
 oLfLQuW2oSbscvEXB3N0HUHvWhEAATjHGV5rNgceUzltwPQetXomAUMQxz94U3F3aasT8PwmxG
 SU3bvmOMe9XEfaoHKjOBjnis+3G4ggjYq45/lV5CCwyvy579qFCyshXu7dS6Dld2R14NS5CEHI
 JJ4qoAd3UYHBFWVIbjac4x9fehwT3ZK0JFdgeOFzyalCKTnDH0qDGFznv0qSMFgRg8HjNVL+6V
 a71Jd7KR8wJPQVKWAYAdCcE+hqujqJRwNygjPapAGweMemai10KS8rEgQK2c8Hkg+tKPuEkY5q
 NVwCS3U5NSbCBgklQeRUu17FRaHn5lxzn+I+tSoSFIBwB6+tVVfORjBzhfcd6njUM5xuwf1pTW
 lnsOcblnduxuUghsfWkOBM67h97oBSKTGCf4u+ecUiBmf5uAe9EYJq/RCT0vHYsLuIBJKrgjPY
 GmtIwTG0DI5OKXDDojAY6noTTWfcF44OaElo0aQemmogB24BOAc/SpWHDBWzznB71Dvw5wCASM
 j3p7EOcjIYcnHpV2bJcFLqSEKZAo4HU49KcBtAcE4xzk0wMhJxnJ64peUCYO5AORWEZu9gndLy
 LOAxwMFs8VLGWwvXB61SXesi844I5qaORiegwBjNU4y5bvYbskncuq245XO0Hmrsajdy3zHkc9
 KooPlJ6BQB9TU8LZ5IJIbn3FTvpHYpu0dy6rkoqjBz6CrMYbaT3PcVVTZ1Ugk9u9TI58xQcL/e
 9qpXtYWltGaEO5lJIG7PQdatKAY1bsRwKqL9xQA/Xr61ZickfwlQeKXJLdMSRbT5ARnag6GrAJ
 Lp/e9+9VUfeCcHnpxU5diBu57Ad6qFuZ33HFSUtiz5jb23HhjwKeoVQwLfMBjGelVjzjJwOwqU
 Mdw45NJJLbQNVt1LQZWIODtI5NP3oMYI56k9BVNZOgJz3x61MAShYY+hokrEyunqywHUD5myCe
 o705STjHQAgfWq2/quDjscUuS020EjA5Oe9EdtirW2Jzgq28YYjjPpTcbcDdxjkVG0mTg8sMA+
 1EcqLMSQxAPr1os+XQlybdkOZwJPmXK5GPpTGYLJx1I9aN5KjcFVevNMbeu45UjORx+lCkirJh
 kiHaMZ9x1pCMMmWGTyCO1RF22MxTPWgPiE8AEf5xR1KvfdKw7euCcMMDFMySmwsGJ6GoSSAOhX
 v7GgsxYlfl9eKTTuHLtaxMSWy5IJHA9qYCdzHIDDpxUO7Oed3c4oDgxkkgMBjFVJMlwWo9m3AA
 BgAevqaZtYMTn5c8UEqDhSffmoncbM5AGMcVF76WFboPXBlHOcGkLnO3BxUGSGU5Bx0AphdnYn
 jj0qlRT2Y4au9ywx+U8/w9PxqNiDEW6cimLKS4LbdvUkd6Vj5iuSAVJ7UJNOwnF3SYwcg/UEVG
 zH94QdpzgDFPHTYDt96TehfO5cdTQ3dkR0ukViQsPynvj3pN/wC5YL1zg56ipyEaL1btioXVgz
 bSvXoKlyj3EktmyAqythTzjmkYsiK2Rk4PSpMKEOSdx/Wq5yHAAyB0qU5PU2u7DmZc5wCfWo+T
 HubnBwMUH+7kDI4yKR2xGAOfWr5Laoydo2EbarBiSCeMVCzFmQHsMfWpc8c9e2KjfcTkOARV3T
 KtdDcgjdzkngVUk28lsgnoKmztnbecY+6Kjb5n3EcEcmpbirNAlZ67FVmUM7gDBHeqzE+XnrjJ
 wPrVqZx8uQSuB+VU2fdJgKetJy5TS7b22K7kc43FTzzVd5dqY4Ge+OtTSBQ4CnHt61C5VtpAwA
 eAeorRxW7J5o3vYPl3hB+vvULZIC7Tx1NK2dmWyQDmkVkZujZ64rNcqRN1zXEEny8DvlcjtURk
 G4b/AJVPb0pzkYK5yWGQF7VCS0jbSR26itb2d7D5Fa6HEkMSD26entTS+dwB2kcn2PpTG2iUjO
 Pm7/zpp/iLE57+5qtRJXsmSFsBGP3jzVRzk+hxyfWpBvaLocVE5UPGOhBxTp3TEmkRuwE2Wxg+
 lULggN1wMA81ckZQxU4K5+UiqExOeRuQjrjrQtdNrgpdzlLcLt2nue/rV5CDcKT17g1TVmEYBK
 qSCcEdKnjyp6goRxn1pxmpRV9xcrRsqSIwFwcHnFWY2YcBwQKzF/eR9Tw2G9quptC5Vvm4xnuB
 1qFbW7ErPQ1g4OC3c4qZJcSbkPAHf+VUIwSmVPfuasglUzgjjOe1WlGWjMuVbssmYmFRgcYzxz
 UivuIXlXHBqHLBjnAA6kipQqgoc8k4J9aJuNti+aNuxOFUHO3cR90jvUse0yY2sGAHWq4DKxDA
 lQ3B9KkQcr13Dk1k0mm2UpO2g5QDPySd2fyoO7eu4nBFI3EhOcL0zT2zxyDjnFCY7dmPGDjAO5
 epqQf3s8YxioEJ8tTzyOR3zUgOUwzYHXP0qbu9rijpLQnX7xLHginKwMeXGCTUKA7QMg7jU552
 pj5geBim7LSxd3fcUM28bySNpwBSfOCAD25GKjLOW4+THHI6ikjU/OfmLA8VUYpapgpvXUnBAj
 +YZYnj2pW2FxtIA24z60Fw2Mqxz/FTCVYZA2gHPX9KNXrYyTe9iRGRdxYEgDjFODqUyAWVuuOx
 qH5ZGbAIBHTPenKxCJzg9R7Vnyxi79S0kt1qyePGdrA5xjJqWNV285GTjmojk5crtxUqkG2Yk7
 z14FP2lxxeti4BmE4557VZR8EYZeOnpioIyFOBgAjBz3qUDg8AjHbtWSnG9jaLi4l8EBV6MT/d
 71YABbI45qjCFb7pIGOR6VawAB97d654q+ZNkpR2vY0oxmHk8dRnvU0WDJllwM96pRD5gCe3HP
 tV5WXCBlOSOue1Jc1tDNx6LUn8shixb5cZODUytmIdMDoTVZDuBwdwJzipWKiLGCCCCaHZ9Q12
 LHmfN8oUEAcmpFLlmxjAPp0quDuUkDL5FTLkPgZG73pylG4XdrJC5AHzcMD1/pUqOcDLDkflUD
 ZMzIeAuDk96RDgtxwOgzV8nPqXJpKzJiWLAnB9cVIZG3HLA9s1AN23Bz/hSY2p3Yk5Yil7t0Q5
 XsiZD++DMwPHPvSgnBGB1yCahyHwRkDHQinA/MduSDyD6CqcmU273uSbsyKcbgTSOxy2eFx61H
 u3IMHJA59qiJBY5BIPIJrJJp3C33Em4mDryp549aZuA/2Wx0Paos4yM9emKXdn+JQQOBjvTkne
 4pX7A0uZXB5RueD0pA2EBDHA61Az5IIQ5Jwab0Hy/Pxzmh9UEGm9SYuBk5xjj61BG4JI7Z/E0z
 cMckEn17VCXKuewzwR0rS9o2YOyLJkG4rjn69KYGCtlhnnj0quXbeSB8vGfembgWVhnJPc1Hvd
 GOfTm1sWgyqAc55zSkqVDD5SeeKr72YLhcADoKRSzsRnr93j86Ol7hJR6FjLAAgDIyMAU3ewjQ
 FSF7ketRlmwOmWPIpyksm0YUA5we9Ta24003ddBWcA5/p0NIrAKC4UkjsKQkLxtLHdwR6U6QgQ
 BgCAOORVwu1axKvIYGHzY5HsaiJcyZCkc80rn5xkgITkgdqjLeYCoODn8aU421Y5JSkrobI53Y
 ZCee1QgrwcN05Ge9PYqsIU/M/cUw5ZAQRVr3V6kPYYxAm7n1wcUEgRMU4U+v8AOgsMKWIzjkVE
 6kng4Hfnis5PYbswZioBOHx3FR7gz4Gdx7D2okKiJuTnoTUAbEhAPAAJwOa2i9DSUdE0xzk7y2
 OAeMjp9aqvuZAM9QMAVYEm5Sg6EZqAgeVgj5T3704zsmmjL3272sRHgnLDaowc1VdiR8hHP3j3
 xUrqC2GYsSc9euO1VmYZZh8ox0NZJXC+mpAzjaFK98Bqru2A5XGCcZxxUhy0o+7jGM9qiYbot3
 Bwegq52SL1lZCMvzjJ+UDmoCxzkrgA8mlYtglgctyfbFJIVXf8w3HHFZp9EJaaDfNydwPU56U1
 RmZsttPPXvTQSFHzDI6D1p24hgGGTtNW9CXGw1SAdg5XPJpPlDFEJPuaa20LlGPH60Fj8zgj3x
 2oe+rG72uMbgkk5QnjFR5DjAPQ9+tBYHcxOfl4AqM+oPPc+tW5XVzJS11K8u3e/GFU9aoyktje
 6g5/MetWJGYI2RuGc/Sq0pVTlFJ479jVOTlGyZautf8AI5SMtKRwR6A96uIMRkvztzgVQi3ZJz
 kMcDHarS+aCfYDGRSg76tk2cn2NGDLg46Edv4qtIWBIUFRjlj/ACrOjkOGz94A4CjGKtJlgNxI
 XPAzTs7astrlgaSEh1O4qDyCatpuEqh2Jfb09az0KeV3yDgjPSraksDI5Jx6U4prXoRFrYuId0
 oBJDHOM96srgJt5z3HrVIK7Mr5AYcirEeTnuTgDAqbLdBbXcsB2aZfmO2p1yIjtOXzwB1NVeQw
 QnA5O4jgVMpwwYn5QOtHu9LBp3JlbABCtjHPFNLfJtJyyjkAc89KGZxvAPyjHNIoOZGLBvXFVG
 6V7jSVtCdSuxcNtcgcmn/dIUAMevFVQ5WLOFHapFLBtzDg8E9vrWbpu92aOF47FknCphfwBp4b
 MYf5s98/yqJPvbicANjrSNIFyAOjc0lByZMVJqyROwVlO0nrgUAKrhQ2GJyMmo8hWYtnO7j3pw
 +djgEknjFTy9wimtCQFi/JGAccjrSgkvkfdB6VF1YAnjvz0pFP+kDdwo6Z7Vak0i5OKehIh/dE
 cbi3GO9Skny2+XjcMYqsXCttB6HginjcioSCV7+9Z1IpPzGnqtCyWDMx3deasBsY2jO0YPvVPz
 E3jIyuKmhYs+Typ9qhpJik4vVFoHJ4ywPbNXkPyYbIU/mazyMNuALD2PWrYKkDkqfQ+lObi2mN
 SfQvRHPygMBmrCu+/DLuAbg/1qou/goRluoNWkIWXG8EDgiiKT95jcW0y7ESQSPvdDVxQUVQys
 R0+maoQPjb1GRmrMbnbnJGPXmh/F5Ecr6F4Hy4Tzk9x3pUJfGSMDqMVEGxuZj6dafvXaQrAgcH
 HWk0gu7WJsjzRtJI9qN37veu4E9aqpIN2Oq59amG5WY7sqT0rT4dRqNupYSTOflJxxUhZVjU4J
 zwKqxHI3MduTkink/u2wQcdDU/MTUWyRmZioDdjg0FyBjBJI7VArDcCM7s4p4JbBbIbg1EnYNV
 p0LGW2bgdxxzx3pAxL9QGPXiq4O0sOeT60iFlLbs4/h9abcXqg0ZMZSIsdTjBIHFDkeXGD90Dj
 3quzjeQVYgjpS5XYDg5B6Z6Umr6hyajzIWITjIYYNM5MjAnoRzTC5eY7SMk/Lx+VReZg8tznJq
 3toilFW0JJCGIAb5hy3tVdnKMGwfmPTPanMAZHYA5LDAFQOT5uCc4PGaFq7MqPYeSDnIZQOBk1
 A7nkxlQMdSP1p5ZjGSRk96hZ9q/Njbjn1xTjduxKuhWcsgBK9QRjvSbgH6AjocDvUGcqCOgPSl
 yhcBj3zwalvoyZJvRonZgAAThgeSPWlVgp6E88c1XEuG+ccnue9CnccqRgdhTvrqwTsixE373k
 EHOeTU/mZyEA39c1TEkaz7gWz2p6kFgUYBei+tDjZ3a0CUepbA+QkMCB3xURJ3krx7Z4qNiyFl
 PcY49aUMhUZ4yPWnDmtcLisQVLEdeMmmvnawXHHem4DHhjjPAph8wgYyfXFS9VqNOMhJCSEPAz
 xUOSHb+HnPPSpSNpyPTjPrUEj/ACsAOeBTbVhJdENdhtTZtb+8RUO4AlSee1K4ZITk44qDqSw+
 4OAetVpYdl0ZKzA5yTioy2NwyMjofam9X5yQR096iZmUsTjavAoTjazHK0WrClhuwOucZHpTHD
 7Gw459ulIz/ug2BuIOAOtQblRck/Nt6ZqeRPYUY3I2l+ZdpUgDP4VXMgMZAUnBJBpAzCViFyOh
 pu/94eR0xjFXyRWlhcq16jH24Vty4B6Adc1UkkI3JhQAe4709w/PKbB3xVZ93m/Ng88E0RjHVF
 Q31FILxgZA44GKrF1D/Nz1GfU1K+4jeO3FRsBtAce+aatorkyu3zDQDx37kU0LtZiSSccc08ZU
 qOQDn/8AVTXO11BGPX/ClOWtgc3JaC7gykg59qiB4yWUKRnn0pec44A6moZWG0EAYB5I6CiGl0
 jPmauhQY1QYPP6VGZG344A9xTSf3TBCAcdD2pj/KQcj0OPWnNt6WuNxtqROWxhsbjxnHBqnL5i
 ySE8j+H2qVjtUt82BkcnpVZyzEnO0gZwTUrnirrcqk3FnMoFZSMnIPPsam3MqZyc5G6qyFDtBy
 B61KSwK7fulT1Nb02pPkbFCfOXBOD1YZ+nXFXbeUmND/F/Ks1Nvm4PzY4AFWomKjA4IGeaThFa
 W1JaSdjTjZSCFHG45zzj61MjgySDJOOlZsMrgeUFwauI24ggBeOR60rSStYIxcXroaCy5QY5bp
 +FWklGAOQV61nAbnyCQe5qVQiyHcwI4ORRypPbUtST3NMN8hJU5wM5qRJS3yMPlAwDjrVNGBJ3
 5H49qkRwQevqvtVciT0Kv5bFosQNucZ7U9WY4I645I7mq6kEAntyc08PlvMAxyciqTSexE2nsS
 xmQjgKTnk4qT5sNuPfp61WL/IMkkjsKkTax3fMWHbNZOLSci2tidB90BiQRkg1YVhjoMZ9KqAg
 AqM5wATUwRRCGLcdeKzlNaLqTKLWo/zMR53oVye3NPDNs4YAbutV2UeWQAVwRtzTztb5NxY5HT
 +VaqXLG44vlSaHnaYiQQW3cnPFCnbJnIJ9xTPlRDkHIyeaQujfN944zgVF27dhqzW1yQyq2xM5
 OetOUzSOSBhe31qDzNpBMZweoxzVjcfLBQrzyBUybtoS5vsSA4ZiSd2fwqyPmiYAhXBqiCS+Xz
 6nHaplY4CgEg1EU76Cv1ZfRxsIZieRg1bjdTM2RgDuazI5CJAxPy9GJHQ1c3Hy02+mC2M5ob63
 K5tDQibDgEH5hn6VZjI6Lwcck1RR+FUN8xGcelWVY7h3GODRF2K23Reib94MOMhcgYq6shBIY8
 HI+tZiY3jHLY5x2qwrbiRnqauotnuKW2rLgkYfKCckdDVhjj5Mc7dwqisgG2Rh16D+dTGTc6nh
 vQ09biU1cs+YDtBHG3kjvThKMb9rECqxZhHy6g/TofSnBm8plbkg8epNFkDkm7ItiRWdgSMgYw
 O9GflxkYYVAM7gDwSckgU7cAcFx0NZKLvfcXXQlO0KQ3zD245pDNu2kcHOPoKrmRQwRiXGM8Hr
 Ty2JMAqAOuacoq1maKyWo9WZXBYgnHSpeDzkjnHXiq6uzA4BJHT3pWkURnggZ5FKdrabmUtWmT
 l03D+Jj+mKiZsPkKykng9qg3MjoY1Zwe4/lQSTFvOd3YZpxSTsy2rInQZJzjI6c1FvVAey+4/W
 og5zvORk460oCnJORgc+/NUopJpkKbUrsVpAE65weTUb8kk4B64PWlDYBPBXd0qu7MA2GXI6Aj
 9KlRUmXFtrQC7MeCMY4pCcsSQ3A7UbiAASOnYUxuFBJ4H605WSCU76XGNjgYO3tUeflyGUYPzE
 9qCQyEbu361BuInA5IAzz3qqabjdFNN2J8/KOdx7VIoB+YEe1VlILKd2MHjPepuTu4ycZPNQp3
 eo5/DclHI5OR1z/SnoQuGGNpORVeMHAJwCvT2pzMwj3ZJx6Cq5r3I267lnfucjIzjOD3pPMbLJ
 8u/OR/hUO5XjQ888/WlDK7Es2DnPPYYo0S1JSTeqJTy69jjioSSzHk4zg4pxfMTHjp8opm44AP
 B6kd6Oa6uO3RBIQGGM4Ax1qBypJy4Az070rP8AJ1yQ3PtUZfJwAMepHeina9hra41i+0Asufeo
 9xMJXIUDBzimtJkAnp1J9aY7Mq4JB7cd6bTfQGlLqIznLZ7ntwTUDOC3cknI9qldm8oAKC3fFV
 VYb2JIyetSo21auIWORTKQWzkHmoWwASGzx1NTOyiM44B6MB0qoVAlJzv+XrmqVrdhOXYQsHQ4
 wr+lQH5lY5A5HSib5ckZBGDTVfgsSo6np1qpNdCYySdrETAFT83IPrVZidzNkHtjFTtIARhSQc
 81A58uMOgJJ4ORRdtFvfyItwYspBOB2prL/o4LHljnGeKU4YnjBx9KgYqI+pLA560JpNJEtdED
 sfl5AGaRtvmMfmPI6GmuS6rgZwcemTSrw4O5cE/NmrltZEpaNtjQ5MZPJB7Y5qFlxGzIcHuD3p
 WYtKcDJPSq7FgwQsGIB6Ci2uhXPZWHO+bfI4yO45FRO2QQx4OMmnsy8YOFPXNRMwwU424yOKm7
 a02Jb6WK7kqzBsHBwM96rvgxbjnrxUhO6Rh94YBzmqUhbywp+bk4Naq0ZJX1Hfn0OaVmBw2OOe
 lSCUNtKHcvIqrHiQ78nKnnnrVxDhfkwPTIpKKb5uoc0bNrqTq+VYDO4kfjVrBJzzjg7qrKSrkM
 ue4x2qwjbshc4PJJ9aG1cSlZbFtWCyEg5weoqyGBjHXLHNUlZFBAYccEVZRiHxjgD07VD91Dbk
 1cvrgOBndyCMVZYgMB1GDtOKpoTgBCCMfL/jVgblxlgSDyxHFCfVCk3uWkYr8p5JGcjoanJwPT
 jnmqqEgKQRycCnqxySxUj2FUtWJa6l778RAYcenehThixIK5waqKQV3Ipz9aCxymDjHUUkpWZc
 Wnp0L27AZGxjtx1oBHlkLgHpzVXeTtZ+BgYAp4kB+bgc85ocJLYOVK6SLqkbwrNyVxxSkjYOcD
 IyKqiQ7gWxwMcDvS7+jjle4qfZtvUtKz3LIYgkHLAHpUuWRC4AA3DHvVQElcHC89TR5hGd2WA5
 FW7WaQra/oWncswLDAwaiB+fPPHpQZAzEHAGR/+qotxwAMH09qhb6ExbtZqxM8hwzbScfrSJJ1
 G5Rxx7VXL/JuH5e1KN4fGzI7nFTy2+I2SsXQxfcSdw3DO2pEdhls/TFU1fYjKDwx9KsIxchPup
 9OtTNSvqZKbitC5FIo2jgluevFXRKTIEJwO2Ky4yAcKQVBJJx0qzC28lyDg5/Cl7jfMLmcmaQb
 Cb8jhueeatLIzHrwelZqksSCpVeM81ZSQKMD5gXz9KSSvoyoq2xphwp8wn5c4wOoqZWbPDDJ5O
 OlZccn77BG5Tzx7VdVwMEcZGTU8/Ky57abl9GUjG7d7elPWTqvJJ6Gs9HbqBxg4zU0LuwUEEgL
 kt6GtL2V2yaitZpF4N9zJJyccVMCobnkY79RVIvhVPTj73anKxKgnJ5GeetO8rXuKMVqjQV/lP
 zDJqMygwg7SWHBqMSKof5c5OMelJhd+7kDvRdaihZbkhZty52gZ9Ke0gyeRjFQAOJSeo4xn0pp
 YYAP0pWTVjRS10LBmIfCHHAJJoeXEhLdevHvVbdjnHQflSblKN1YD35NDjGJPLbct7yqqPfJpT
 KM4PUHt3quGViOchvSmJgH7rHaMHmp5Y31E9XqtiXeS5JXqeMUrKzSAbdox92oXZnU+x4pu5md
 xnGDketXEpw2bH7nLjO3AFNdSpPBL9aYWGGJPWo5pG2BOcj86Uua+hV76iuRvBz0HamBizNwRt
 9+tBx8rbXA2VGwKsPmOxuQauLurDbW0RJCBIpz82OcUAEHhgVNMBO4MT14z6VG2clFDDkEZqeS
 79A5+ZrXYmfgLjv+lSEEREr8pz371CCuSGBwB0qMj90x5GW4PahxStYlSu73LasScMw47Cl8zJ
 TuuccGqwbDh8hmyQRinq6iNhkKO+exqGnbQN3ZFkkLEMck9famkgEvkF81XD8rn1/KpGkVkJKk
 DuaTi1oDb2JCB5YGTu6ioncHaeQT1/wpuT5KtzwcnJqMOzBtykKTnPvVJcruhRl+A5mC8DJz3p
 m9lG11IZumaU4AJYhR1x3qJ2BbeMgD5sH071Sd9LCnNRFYKVCg9Bgiq7MFlIc4HT6Uu9ch+vHT
 vUBYtIzldyZArWF0rkpNK4M5KEg9DnH0qENmDpliTx60skp35UYUcEe1RO4weOMYX1qJPsK1la
 2orEBNmd2R3/hqvwAVB4xkihpBkDn0YUw4ZGyMccYqoRvuNq71GHexJHzY9aiJf5m4PTIpzMyO
 CAWUg/yqPK+WE2NnBwc0QulsU7Kz6EW0+SwLZ9R+NRs3y4ZsnPBFOH3/AJQRxyDURwM78Ar2pv
 3mJ2bI3I3MAQA3vyKiLHJC8sODTz87EEHnmo1IBw3IzQ2ktR8sVqwHACBucc+1Rs23O0n3zTcr
 uY5O4DkZpnmbc56+9K2l0Q5/IduZW+XHGSeKruQWDZySOR6VMMKBkj3NVzlpCSyZI+UAdKFbuV
 HRa7jG27cLxnrk1CThWHJwOQKkcbtuMFfb3qu0qguFU5HynFXLl5dTOd1qxgYfaS4U4KY4NUJA
 23byzdMDrVl2D2+5c9gT71Rk++cB85yMmiEXF2Jb5ndH/9k=
UID:81DDAE1E-4C95-46B0-B74B-2C21C12A4FC5:ABPerson
END:VCARD

