BEGIN:VCARD
VERSION:3.0
UID:logo-1
FN:logo
N:;logo;;;
LOGO;TYPE=PNG;ENCODING=b:/9j/4AAQSkZJRgABAQEASABIAAD/2wBDABYPEBMQDhYTEhMYFx
 YaIDYjIB4eIEIvMic2TkVSUU1FTEpWYXxpVlx1XUpMbJNtdYCEi4yLVGiZo5eHonyIi4b/2wBD
 ARcYGCAcID8jIz+GWUxZhoaGhoaGhoaGhoaGhoaGhoaGhoaGhoaGhoaGhoaGhoaGhoaGhoaGho
 aGhoaGhoaGhob/wgARCABAAEADAREAAhEBAxEB/8QAFgABAQEAAAAAAAAAAAAAAAAAAgEE/8QA
 FwEBAQEBAAAAAAAAAAAAAAAAAAECBP/aAAwDAQACEAMQAAABXP2RDRDZAhs2Y2UlENkCGzZjZS
 UQ2QNFNmNlJRDZA0U2Y2UlENkDRTZjZSUQ2QNFNmNlJRDZA0U2Y2UlENkDRT//xAAUEAEAAAAA
 AAAAAAAAAAAAAABg/9oACAEBAAEFAgH/xAAUEQEAAAAAAAAAAAAAAAAAAABg/9oACAEDAQE/AQ
 H/xAAUEQEAAAAAAAAAAAAAAAAAAABg/9oACAECAQE/AQH/xAAUEAEAAAAAAAAAAAAAAAAAAABg
 /9oACAEBAAY/AgH/xAAWEAADAAAAAAAAAAAAAAAAAAABIFD/2gAIAQEAAT8hQ3P/2gAMAwEAAg
 ADAAAAEIzqtZzqlZzqhZzqhZzqhZyqhZyqhZyqhf/EABQRAQAAAAAAAAAAAAAAAAAAAGD/2gAI
 AQMBAT8QAf/EABQRAQAAAAAAAAAAAAAAAAAAAGD/2gAIAQIBAT8QAf/EABYQAQEBAAAAAAAAAA
 AAAAAAAAEAEP/aAAgBAQABPxBmZwzMzMzMzMzMzMzMzMzMzMzMzMzMzMzMzMzMzMzMzf/Z
REV:20170510T143601Z
EMAIL;TYPE=WORK:logo@no.where
END:VCARD

