BEGIN:VCARD
VERSION:3.0
UID:photo-1
FN:photo
N:;photo;;;
PHOTO;TYPE=jpeg;ENCODING=b:iVBORw0KGgoAAAANSUhEUgAAAEAAAABACAIAAAAlC+aJAAAK
 o0lEQVRo3n1aW7LcuA4j6OzkLujufxOzgu5gPsQHIHdNqpKc03bbEh8gCAr//98/D74Pvonvk9
 8nvw++mZ8Hf5/8PPk38XnwffLz4Jv5/ZN+Jz5P/n3wOR/q1cSnn/b9U8//PPlNfP9gb8j8ngU8
 +X3wyX7yfPd8+Of83DdnnlV9E0QQgQBi/oD9ExlxLiACCJCBiGAE++Pg+TbqQl/a2xgR0Esg55
 HngYhAUBbB4DxmV7BPqwVn/Xb+zteBehUC8bdWBkYQCNbLIoI4//XiSMzr58GYGyLifCH6+STQ
 1xjYrR+TEmGbYOz+z/6yHj7WYahtQ/fXNgXLGNRnIxgEOMvDOI+13vJWkDHb6LftdiLo4YAIQm
 wwtg1E5ImLCJLol8i3O5DYNu+nHStD9kHUM6McgbaSuvdcIDo+y0VAhQhPWHECkDxvqd3vV84K
 ElznjmM3D6AxSIlsRuDYGxUVx3mMDmpaUJZLNLdCdkFW/EGiAbXQE6ZioFj/5URZXay9mmfbYB
 Ix0L2KiWfFJ91IC7EKwVnZiRAy2CjSWwc8OCsMy7PcKM9KAEhoiek3lSGJUTdhgoUWnpi4t0Ri
 G4nrTfSdKAeIkzdj9clUXzKQtVeu1UKTNxpkCBSMKUYqbtCRsvOv4avAg/rwY0oQDWaGZAh1IG
 aFjbwRAaZEz946KdObsMisxQJmc4a+b5If5gkAZ59sNEOA4IKSoCfVuI1bgrokiBNCtpTGo4bL
 dYpiPDf2OqwNwvp1kigdRrLNBRDuvQx0kBiQMMqD8/AIJg54U6orFMIOWLIdsxmDwXsEScYFWm
 O3jo628zG7xFi/nuI8qWDs2HS2UKmXt4Fm24dewFLP0ny5AjfQOkrDDSzlg78WGcCWZAQpZAZb
 CaUEHITDoRKahUAHnsDT/AAtZwPVqNAk+33siregPw6rbayblo0gJt2x1QNV5SvPuM5DRELsKb
 QmoOyBoNC6QGjBONawWC9KAa2ZBR77lCFn62OKgTUwFnhPvnFsilxmVyZWzgH2N6r0yOtjI4K1
 UsBf3TuD4L2gOql4Wp63r2vJlXji8A4yN+6JYLHlqXVotkPeUSt5j96MwigHdKlMQpGi6PkG1r
 hsaQPGV02XsLcdMidkdO6afK8bMZykw3FyYQy4HIQoWhlGnSFQHFJr4ra5ErCmEVQmJnmVtCiE
 1fKtu8PP1uvQzIzoZoSNkrxiWVhjvIHIAmfgunF/YWgCvCMugd4er36q6xU9OwdFsdbjWKjQiH
 fxa8oq7UaRCzh+nMQocgHrCzQLhs/mMlvxHadBxMu/y6UWm9FbBSU8YSXNP+bAsBpXgp4n9ZbK
 FxOFxSQjt4/Q9o3UfWnKWruLWgCNuQvIH2syMDi7YCjZ14lGy6piSuvKN4QgUjj49iXUMiCdlP
 Z6Bxl46uYw2WMJCGGvoIM1gnMHA1Z0ebcP2ntSuXDZKOubVqwHx+70gnU55eY1GCQEpeQrQa5y
 xZEigryaDRBT+PhqmSYS65n5RoZu3GkMY2QHWWcRXqh08ILFlV60EQhrDKraFNO2vgD0duXud9
 KqjkQjHMW3/G0asOGyQIyWHW0iLwihzfysDp1PNJpqtHf7Jyom5A8HhLHBFXesTbQi24HKqzYo
 K2Ros3koGOFGfjXaNLubKlB/U00P0SJwdfGjbGydOBx/u7u7366s53TUXKJOCvcxCr4AdYL3Ln
 HjobP7hCwmRFnb5rHKUmlLcEBSXY3anE0nwnBUG4AeelW/S2ZVUwbr3KbTlW0zkotaV9gsXGN8
 866mu6XJHhohP2DOoYdQ4MRymLiUvuG5LrJyfEsNIayZtlrhWEFVtFvnCNWi4NR9qAyr0GFQdc
 hnV0N4Q7HqmCmlWFF2gD5/cGMhTwo40KYcyypK6Vy9NUQsgxJQYDwi+WaCU8ksy3qmXeFUOk6n
 VjnQHAUTs1bDsOwi0JoFl4xOCDHurjuCKkzwJZuNeIANO4Eyo5cSUlilP5s4FisQ0JRkxEruA9
 kuPmy5RThv1458Uobq3rvvAqRGmEVQ2FHePmRuOxd6y6BUHl2Et4/a5u08VbQA0djDSAQCP7pG
 9BtMvyMsFlbBHIlnyJwBMJ35wHg9hffuQokXaRFMkCIPEdRxF/qfastMSjgyYb+7fs9f44Alq1
 aV9AX4pYEobYTmB0e1QrQ3J8cpxevYDBRTUgcDryb/eMCk4kt2iztkgZW2MLOYu2SKVhDaWc0H
 vwjfyXcKf+OoghfBmGVn4cpC74olnE5XpIELJOLdDR0h29qJQX5lKAwHf2tZVkwAhBh0970J3p
 XYRH2ZMYBcnApihljKPV99J0ftLNnWG9EefsKnRZQKKsMA5b3Cqcriicufq8qUFId7HAeFhbu/
 UDOw40JHDlt3DqptRkHUEZo1A9QhkY0GM+It5ZUg9xLjAF1HiM5milsnCuwapFXoT8iLA8DZ+e
 giWMn5RBa6O8sLQd513QrhzTDm5WouazxbMgJFeNRyj5Wk2Vr4KIi4h2akRBuDkZgefhJFtLjl
 1+Vu/hCiAOoEk+9umss9IGIJJfZWOotp0wd1RLaCCD/TUqKQUHYZFKELW2tAG0bpFGPaAe5wcu
 unyBDOeVXnUuLHHmBX7fCMn/jI1+GCka+HBbb3Xx3fTQlc599WD/dkxbplyECO+6oTU7iUHRqv
 3SQmtf0cOcAHXJAKrrPSe3iN1eurMNHliLGIHm5gUVcOt+iB3rBuLt0eaMlRly65wyBo5yry76
 uiSpJeYIBr2jRr6rI+LI+mstkAITrHuSINItWkwrRIF3HoLWmFBX523DJlHLpnBxWoOu01s2Go
 3GqaLm69vuR1xiuhwmVnrfFqBgqPW/Ecry1ZuPFMhne4DA5mai1v2UF5n6UdIcIWlJtx4QYhKh
 9WVD8kS8W/kempieRzfOzsddpF1kANPu6B9/TTCslhghMlaSm6skgXb53Zj0hRsIsjLeI109IJ
 cLxOUdySk0u/0HBVKRf8QWYQCZftBBD2sNMUkq79LTEi5KSR0kLuzLUBegVp29WxvjGpq6dB/B
 Clx1RJ13tsPC0jX8xpC6JZ+ujnEPUesOGGcMOA5YhOFLz7xMzq7FAPtJ0aVEj8x0xzM0mEUVxa
 4NieQlaOaansw0d8XZlvsk/pfHdM3+xYhYmK4QwpHMQ1IQPxRia8lFbYS/V0AR02pKbInA2yGZ
 3LD/N9nYLZtnxOLV76qs0y5iiZTSzVlMD7gIRqUg2UOqPZFOB1tuoamM6sWrjVQkcOBYdwPRkl
 z0k8oUt2uM5Yj2iw0FnLSDNKoWDHdLRnJnAPXnWsGyILJKhjXZsSj+YLuGANutANHxxiaixsbK
 nijoHVKINdS0b7NqFmRaEYnTSSkNr+FmT2iOT2KlCzN12b2QGwhzy53byUAVxngsPneTwKt9kS
 dLKxM5OcirRMkxSpcQ/sanTDz8n5kUoYntGl2vuEoLahnWT06qi8jLe2mgXrLVRMFzBdFuQMMW
 08JU4F34QdLa+QK0zjNYuZ7pl21nKAcPusPmRndDdBGwnBWS/u4wzYhMEew9N6W3PGHcICYvwd
 Qjbvoh2a3Z/QdZQ6zBy6hOkH5oSWjuOMM9mhSkpI86cUB2IVzAg5ZGVCEF5nVDCI3L0ktGde0Z
 gyjP0XqSHx2GyNb9QAAAAASUVORK5CYII=
EMAIL;TYPE=WORK:photo@no.where
REV:20170510T143450Z
END:VCARD

