BEGIN:VCARD
VERSION:3.0
FN:Display Name
N:Last Name;First Name;Middle Name;Prefix;Suffix
NICKNAME:Nickname
ORG:Company
X-DEPARTMENT:Department
TITLE:Job Title
EMAIL;TYPE=HOME:home@example.com
EMAIL;TYPE=WORK:work@example.com
EMAIL:other@example.com
TEL;TYPE=HOME:100
TEL;TYPE=home2:200
TEL;TYPE=WORK:300
TEL;TYPE=work2:400
TEL;TYPE=CELL:500
TEL;TYPE=main:600
TEL;TYPE=homefax:700
TEL;TYPE=workfax:800
TEL;TYPE=car:900
TEL;TYPE=PAGER:111
TEL;TYPE=VIDEO:222
TEL;TYPE=assistant:333
TEL:444
X-GENDER:female
BDAY;VALUE=DATE:1991-01-20
X-MAIDENNAME:Maiden Name
X-ANNIVERSARY;VALUE=DATE:1992-02-20
X-MANAGER:Manager
X-ASSISTANT:Assistant
X-SPOUSE:Spouse
NOTE:Notes
X-AIM:aim
X-ICQ:icq
X-JABBER:jabber
X-MSN:msn
X-SKYPE-USERNAME:skype
X-YAHOO:yahoo
URL;TYPE=blog:https://blog
URL;TYPE=homepage:https://home
URL:https://other
URL;TYPE=profile:https://profile
URL;TYPE=WORK:https://work
CATEGORIES:test
ADR;TYPE=HOME:;;Home Street;Home City;Home State;Home Zip;Home Country
ADR;TYPE=WORK:;;Work Street;Work City;Work State;Work Zip;Work Country
ADR:;;Other Street;Other City;Other State;Other Zip;Other Country
END:VCARD

