BEGIN:VCARD
VERSION:3.0
N:;;;;
FN:Apple Computer AG
ORG:Apple Computer AG;
item1.ADR;TYPE=WORK,pref;CHARSET=UTF-8:;;Birgistrasse 4a;Wallisellen-Züric
 h;;8304;Switzerland
item1.X-ABADR:ch
item2.URL;TYPE=pref:http://www.apple.ch
item2.X-ABLabel:_$!<HomePage>!$_
PHOTO;ENCODING=b:/9j/4AAQSkZJRgABAQAAAQABAAD/7QAcUGhvdG9zaG9wIDMuMAA4QklNBA
 QAAAAAAAD/2wBDAAEBAQEBAQEBAQEBAQEBAQEBAQEBAQEBAQEBAQEBAQEBAQEBAQEBAQEBAQEB
 AQEBAQEBAQEBAQEBAQEBAQEBAQH/2wBDAQEBAQEBAQEBAQEBAQEBAQEBAQEBAQEBAQEBAQEBAQ
 EBAQEBAQEBAQEBAQEBAQEBAQEBAQEBAQEBAQEBAQEBAQH/wAARCAAwADADAREAAhEBAxEB/8QA
 HwAAAQUBAQEBAQEAAAAAAAAAAAECAwQFBgcICQoL/8QAtRAAAgEDAwIEAwUFBAQAAAF9AQIDAA
 QRBRIhMUEGE1FhByJxFDKBkaEII0KxwRVS0fAkM2JyggkKFhcYGRolJicoKSo0NTY3ODk6Q0RF
 RkdISUpTVFVWV1hZWmNkZWZnaGlqc3R1dnd4eXqDhIWGh4iJipKTlJWWl5iZmqKjpKWmp6ipqr
 KztLW2t7i5usLDxMXGx8jJytLT1NXW19jZ2uHi4+Tl5ufo6erx8vP09fb3+Pn6/8QAHwEAAwEB
 AQEBAQEBAQAAAAAAAAECAwQFBgcICQoL/8QAtREAAgECBAQDBAcFBAQAAQJ3AAECAxEEBSExBh
 JBUQdhcRMiMoEIFEKRobHBCSMzUvAVYnLRChYkNOEl8RcYGRomJygpKjU2Nzg5OkNERUZHSElK
 U1RVVldYWVpjZGVmZ2hpanN0dXZ3eHl6goOEhYaHiImKkpOUlZaXmJmaoqOkpaanqKmqsrO0tb
 a3uLm6wsPExcbHyMnK0tPU1dbX2Nna4uPk5ebn6Onq8vP09fb3+Pn6/9oADAMBAAIRAxEAPwD+
 /igAoAKAPmH43ftT+CfgzqNt4bNjeeLvGV2IHXw7pVxDbLZx3LBbdtU1GVLhbN7jIMFvHa3VzI
 pWRoY4mWQ9dDCTrrmuoQ/mavfvZXV7dW2jkr4ynQfLZzn1inZL1lZ6+ST87H0lp1zLe6fY3k9s
 1nNd2dtczWjv5j2ss8KSyWzybU3tA7mJn2JuKk7VzgcrVm1e9m1fvrv8zqi+aKbVm0nbtdXt8i
 5SGFAHHeOfH3hH4b6DP4k8Z61a6JpUBCCW4LPNdTsCUtbK1iD3F5dSYO2C3jd8AuwVFZhdOnOr
 LlhFyf4Lzb6IzqVYUo81SSiundvslu3/AEz5i0n9u74Fanqo064m8UaNbvII49X1TRUGnnORvm
 Fje3t5BGTjDtatwcyCPBrreArpX9xvqlJ3/FJP7zlWYUHKzVRL+ZxVvnaTa+4+QLvVPgJ4U+Lu
 tfFXx78QJfi3q954iuvEOieHvBmkyzaVbO1x5ulPruq6pLawTvp1uLdIrK08xFmgXzl2oI67LV
 50o0qdP2K5VGUptKXnyxi29XfVtb6HDehGtKpUm6zcnNKCfK9brnlK3pZJ37pH3/8ACj9qb4T/
 ABd1FdD0TUr3SPETozwaJ4ht47C5vQgLONOnjnuLS8dVBYwJOt1tDMINoLV51XCVqK5pJSj1cW
 3b1uk1vvqvM9Kji6VZ8qbjJ7KVlf0abTf4n0dXMdQUAfhf+2J8UNW8ffFzW9Cnlki0XwDqOp+G
 dNsFdhB9qsr6a31DUDHu2tcXbwojSEbhFCka4Uc+9hKUadGMl8VRKcn11V0vRJng4urKpWkntT
 lKCXTRtN+re58n11HKFAH6PfsGfBvQfEl3rHxR8Q2y38vhrUrfT/DNpIT5FvqYiF1carIgI8ye
 2R4Y7RXykbySTbS6xlfOx9aUVGlF2503N+W1vnrc9HAUYzlKrJX5GuVf3t7+dvu3vc/WKvIPXC
 gD8FP2s/BF/wCC/jd4wlu0It/Fmp6h4usJf4JINZ1G7ndVbu0UpZZBztY446V9BhZqdCnZ/DFQ
 frFJHz+Kg4V6l/tSc15qTb/rzPmqug5woA++v2J/j74d+HN9rHgLxndrpmjeJr62vtJ1mbP2Sw
 1dY/s0ltfOM+Rb30Yh8u5ZTHFPEFlZEk3Dgx2HlVUZw1lBNOPVp9vNa6X22137sFiI0ZShN2jN
 pqXSLSe/k+/R+p+w1eMe0FAHxz+2P8DLr4r+CIPEPhy2Nx4y8FJdXVnaxrmfWdGlAk1DSosKWk
 uozEt5p8fHmTLNADuuQR24KuqU3GTtCpbXtLo32T2b9GcWNw7qwU4q84X06yi9Wl531XfXyPxK
 ME4nNsYZRciUwG3MbicTh/LMJix5glD/ACGPbv3/AC4zxXtniFvUNJ1XSmjXVNM1DTWmUvCuoW
 VzZtKgxloxcRxmRRkZZcgZGTzSTT2afo7hqtz6w/ZB+BV78UPHtl4n1eykHgfwdewajfXE0bCD
 VtVtmE+n6PAzAJOBOkdxqAUssdsnlSDNwoPLi66pU3FP95NNJdk95P06d35XOvCUHWqJtfu4NO
 T7vdR87vfsvVH7gV4R7oUAFAHKReA/A8Gsy+IofBnhSHxBO7ST67F4d0iPWZnb7zy6mlmL2R2/
 iZ5yT3NX7Spbl9pPl/l55W+69iPZUubm9nDmvfm5I81+97XuX9a8MeGvEtsLLxF4e0PX7MMGFp
 rWk2Gq2wZejCC+t54tw7HZkdqUZzg7wlKL7xk4v700OUIT0lCMl2lFS/NMuaXpOlaHZQ6Zouma
 fo+nW4It9P0uyttPsoATkiG1tI4oIgTyQkagnmk5Sk7ybk+7bb+96jjGMVaMVFdopJfcjQpDP/
 /Z
X-ABShowAs:COMPANY
X-ABUID:2E4CB084-4767-4C85-BBCA-805B1DCB1C8E:ABPerson
END:VCARD

