BEGIN:VCARD
VERSION:3.0
FN:alex spass
N:spass;alex;;;
EMAIL;TYPE=INTERNET:alex@spass.net
TEL;TYPE=HOME:+49732121258035
TEL;TYPE=CELL:+4913232153769
NOTE:mitbewohner
item1.ADR;TYPE=WORK,pref;CHARSET=UTF-8:;;Eisenhüttenstraße 723;Eisenhütt
 enstadt;;23139;
item2.URL;TYPE=pref:http://www.vcard.de
END:VCARD

BEGIN:VCARD
VERSION:3.0
FN:jan gerber
N:gerber;jan;;;
EMAIL;TYPE=INTERNET:gerber.jan@web.de
EMAIL;TYPE=INTERNET,HOME:gerber@home.org
TEL;TYPE=CELL:0123233838592
PHOTO;ENCODING=b:/9j/4AAQSkZJRgABAQAAAQABAAD/4QBARXhpZgAATU0AKgAAAAgAAYdpAA
 QAAAABAAAAGgAAAAAAAqACAAQAAAABAAAAlKADAAQAAAABAAAAlAAAAAD/2wBDAAIBAQIBAQIC
 AQICAgICAwUDAwMDAwYEBAMFBwYHBwcGBgYHCAsJBwgKCAYGCQ0JCgsLDAwMBwkNDg0MDgsMDA
 v/2wBDAQICAgMCAwUDAwULCAYICwsLCwsLCwsLCwsLCwsLCwsLCwsLCwsLCwsLCwsLCwsLCwsL
 CwsLCwsLCwsLCwsLCwv/wAARCACUAJQDASIAAhEBAxEB/8QAHwAAAQUBAQEBAQEAAAAAAAAAAA
 ECAwQFBgcICQoL/8QAtRAAAgEDAwIEAwUFBAQAAAF9AQIDAAQRBRIhMUEGE1FhByJxFDKBkaEI
 I0KxwRVS0fAkM2JyggkKFhcYGRolJicoKSo0NTY3ODk6Q0RFRkdISUpTVFVWV1hZWmNkZWZnaG
 lqc3R1dnd4eXqDhIWGh4iJipKTlJWWl5iZmqKjpKWmp6ipqrKztLW2t7i5usLDxMXGx8jJytLT
 1NXW19jZ2uHi4+Tl5ufo6erx8vP09fb3+Pn6/8QAHwEAAwEBAQEBAQEBAQAAAAAAAAECAwQFBg
 cICQoL/8QAtREAAgECBAQDBAcFBAQAAQJ3AAECAxEEBSExBhJBUQdhcRMiMoEIFEKRobHBCSMz
 UvAVYnLRChYkNOEl8RcYGRomJygpKjU2Nzg5OkNERUZHSElKU1RVVldYWVpjZGVmZ2hpanN0dX
 Z3eHl6goOEhYaHiImKkpOUlZaXmJmaoqOkpaanqKmqsrO0tba3uLm6wsPExcbHyMnK0tPU1dbX
 2Nna4uPk5ebn6Onq8vP09fb3+Pn6/9oADAMBAAIRAxEAPwD9+pfu0zn0P+fxqRxkcU3YaAG8+h
 /z+NABbsf8/jTthpVUg80ARuhA6E/5+tNPy8uMD/PvU0rBQM9zgVg/EHx9o/w48MXGr+Nr6Cw0
 61G+WeVsKoHOB6txwo5PpUVJKnHmYornnymrcSpFC7OdoUEk7tuPxzXBeO/iRr8FpOvwr0a31i
 eFeXnvRFbxn1dsH8gM18B/tF/8FpNZ1XxFqFl8EdLgsdNs5WjS5vEEhuRnhxGSGXPYMAfavmDx
 X+2H4q+IeqXM+t65eWpmcGWOHdBGxwf4ENeTWzZUtFqejTy2UtWfevi7/grzffBfxbeaP8TfBt
 tr9xCced4c1EFIiOqlbhYyeh5BNaVr/wAFzvhHaaXa33jTQ/HOkQzELJL/AGSLxYGJA+cW7u4/
 Fa/Ly98bu988lxa3FyjHLFEClj/e3k5/D3rKvfi3baJK0hsZ7K+mG6SS2kyHIPG5G4P4VxRzyU
 5W5TqeWWW5+3Mn/BSL4Ltpmh37+O9HFrr6sbR5HeM5XqrowHlsPRsH0FXfDf7enwv8a+L7fSfC
 Hi3SLyaSZYZWaUxLHuUkfM+BkkCv56/iF+1Tomm3YbxfYWT/AGSXzElgXynYn5juVSOcqK666/
 ae0+60G1Gk3yQfbyt65P8AGSOAMtkbQeo55+td9PMJSlrF2OaeAUFds/pHt7hSGzk7ATuxwR14
 55+tTqfM+7z/AJ+tflx+wT/wVxutL0zSPDnxga/udLaSC2tNST968SmWMHzc/MQF39BX6ceH/E
 Ftr2nrd6RcQ3UEuWWWNshhk4yO3G2vUhUVVXRwTjyOzNAqV7H/AD+NABPQH/P40oLMcH605VIP
 NXe5I0Kw6DH+frS4f/I/+vT6KAAdOetFFFABRRRQAUE460E460ySQBRk9wKLgMvG3QkKGJPHy8
 H8K/Jz/gr/APt/J/wsS78G6Dfq+l6Iu3NrMCnmkEFmzwXAJGD0DH2r9CP23v2h7P8AZs/Zu8R+
 JbzdJcxQta2kSNskkncEDafVeWz0wtfzYfEOFJ/Fd699dXFzcyt50sksjP5rlVDvIT13EA8V5O
 Y1HJckWdmEo3kpnocXxTfXbD/RLUwRknfdXErNgeqAgFucc9u3Fc7qviNhMDot9N5igs5dt2/H
 oB/KvOLW+V7wLG0zFT1EhZQPYdh+tdl4P+Geu+IZBc2cDW1mh3glfmkPTI/M187KlrqfTUsNUq
 6xRU17xv4iu4VdNVe3gcEruyN2P9nqPxFcfFrct5qbS6nqkzXyn91HI7BJD6ZPH516pa+GbiDV
 2tY4Wnk2EB5I923kZHtTb74QXN2jvBaNJcFSVcwjaPp71pS5Kb1OiWBqSR86/GXwBcaxdfaoov
 KeWMs6K28s2DznpXPWOo6xPeaNaaZfS2L2NuI1kwMP8wyGPOPxr6q0/wCAV3ELeXWIt1wkZLcH
 gZHGOlc/bfs4xaiup3UNuVSOX5VK/fPtXc8RGS0ZyyyypLoel/s8fGbxB4cjtLP4habHf6ONuy
 /t5VdlbHBIXkD/AOtX6PfsXf8ABRKf4faja6DeXdlLpF46kNOzEo20kgtjjgHrX5WxaRqXgzSI
 ZLS7ezto8B4UUlT7EDmtzwx40u9M1hSJY3t7vBChsDsdw9xjP6d6MPjJ05+7scFfAR5OWW5/SV
 8K/inZfEDS4poDDG8yeYuyTcrqehU9D+Fdh5gPevzE/wCCfn7Uc3xA+H0M2i3jJ4s0ZPKurdj+
 71eMMqoyjpG4U8AHBG7POK/R/wACeJIfFfhHTdSssmO7t1kG77wJHIPpg9jX0kJKauj5yopUpc
 sjcDA9KWmIcHJ4p4OelUEXcKKKKCgooooAbIM4xTJEJXBB5qRjgc1HdSfujs5JBx7cGpa3Yluf
 ld/wcH/HE6D4m8J+FLu8+z6WLNtRkTn5pZTJCpOOoVYc/wDA6/Izxxdzx3yWOkE3ctyyxB1Utv
 HRT+Oa/Qj/AIODL9/G/wC0FCmrW9tp6aTZ+QS0gYyIJH2tx3O48dfavlT9l/4GjW/GemahqxJt
 4JFkCv0cgjA/LNfO1pNTcme5l0faSjA6H4E/siDSdMtbnxXEzPPhpEI5HTivrf4efCSx+xxW0N
 tEo2YTcAdo4qjdW8FvcHy1C73JCgk46Yr0TwDErxRPASTjaeDxXg1akpybTP1PLsHTpxSZzV9+
 y5b2rvNY2EWJWwSm0kn169KtaV8DbTSo4I5rLdtB3lkHB9K9p0cvaxjknnJJ9KuXCI0RZ2D7zg
 DHT3rCTnfc7XhYdj598U/BGzu5HlMCRqowAFrjLr4NWOn6P9kgEcMsLk7yvD5z3r6Q8RaaJIXi
 HRuSQOgrzbxoEhtSZVVtoww/vUk5vZkrDU1e6PlP4yfDOK2s7nYnVCHVcfN/tD9K+ZLq+fw1rM
 NlMVVLTci7urbgcH+n4195eLdGHiGBwxh+7wMdB6fyr4t/bD8IyeBfF+n3TRqY7wHAA6kHrXdh
 ed6dT5POMJCN5o7v9l39pG6+C/jzTLiwmkeJWAu0hJ3qDxke4zmv33/Ye1e41n9mvw/eXqyAXZ
 uLiIyf6wxPO7pu/wCAsv5V/NZ+z1D/AMJB8Y7FQ6xBr2C3mGeivIqn9Dn8K/p2+F9lbeFvBOla
 boz5tdPsoraPHQhVHzfjmvtMrpT5Pf3PzLNKiTud2lwCODUiyEde9ZtlceYvynJq5E+SM12yjZ
 nnUa/NqWwciikHQUVkeihaKKKAuNlGQPrUF5IsMLGQZwCceuATU7noM96q6pKkVvI9wQIwhLn0
 XHJ/LNTKVkxPWx/N5/wU/wDjrP8AHr9rTxZc3o2W8OrTW8MZJ+5HMyg4P48V0/wZ1vPiOy0+2b
 BhEZwv+7j+tfPnx71q08RftJ+N7/RJnn09vE995Duclo/tDsrew+tetfsTSnxb431PXtWl8uxs
 22CRvujaM8/gpr5vEO8Wz6XKUlNSPr/w54Um1WVDIH7nIGa9O8FeGJdNeIltiMc5YYyK+RvEn/
 BTE+EdXuLTwDokeoRw/IjZwJefvAn6Vzl1/wAFYNfF7uvtFWFYyB5agkj8K8KVOTeiP0KjmMKb
 SbP0wt9PtLmGJBIme59eKbFoMbq+GztfgHj1r5H+Cn7fK+OktJNYtlgbeCQQVI/OvoH/AIX3pt
 1biV7iFTjfxnp+VYzi4vVHrQxcaqumdrqGhQxWxdSpZvlYH0/yK8c+JmgRLcTm02+WATtPPNRf
 Ef8Aa98P+BbV7jxDqcNtHt46nP5D2rw7VP8AgpR8PtavZLa1upZ5i2MqpwfzFKNObehhiMfSpr
 lk1cva4JYdQdWAj24yAPcV4B+2l4ZHibwvbSqoaWylbZxyQeP5kV77afHPwd8UL0QaJeot1c4V
 VdgMHr/SvEP23dRbwhpmlxXGf3/mpuB4YjBH9K9LCNxmrnzOa1o1qTlE+bPg/pzaN8R4JLdgss
 cwjO443nI5+obaa/pS/Z1GoWPwf8OQeIp1uL8aZbCeQf8ALRgnXP0Ir+aTw/qX9peKrlJ5FidI
 TcW7qDlZgp6ke/H41/Rl+xj4svNe/Zn8EXHiQn7e+lW/nMerMIwK+2wNTQ/Js1PcdMnI+8cdq1
 4BkcHnFc5o0/nydcjNdDbc9OcV2t3Vzx6UmpWNKL/Vr9BRRH/q1+gorkPoY7IJCQvy01XbPNPf
 pTCcdaCZPUjkLZBxVPW7VdV0y5t5MlZonjOPdSP61edgR1qsz+XIGAztOabjeLuYVJ2krH8wH7
 TXwL1D4CfF/wAYeGFe2uZl168h+UhniVJWVSSDjldrde/1r3/4L/CWT4ffsmx2+mgPd66cysqZ
 IB6/hWl/wUQ+Gcml/td/EvUrWECCfxBcupIySZGAB/Jifwr3/wAI+BVj8FaNolshD6ZZxR7gM7
 2AIOfxz+VfJ42airI+6yzBttNdj4v8Z+KtM+El5a6daaANb12TIitrcBBgDILMRjseM155ZftU
 6l8VfFljolr8OtAS6nuTE6GYm5XaGyGBAC/UkV9+3XwE0bwtJcXF3pF1d39zl5Z4Ig80Zzxtz0
 +tZOg/ATwyNZN9p/h1rHVHJeW9IWKZ2xjnGTnBrmp16Cj77sz2PqWI5lybHzT4Ws2nKPp9lJaF
 pfLaLrscHHBr6ZvfgBrumfDuPVpTKqJB5mCeDxnHWugtfg/pXhHSYIbaAmHzTO8k0hd2b16e9e
 q+NvFEk3wT+yqSVeLZsyMFcGuCry/Zdz6HD4SrGF57n5t/FGNfGM8y6zHK8CE7mwTtxxwPxrym
 3j+F2ia7d2Pi3Wr7TbmGUKwltWSPdxwHC4J+Yd6+2oPgZa6ltuoEM1zbS/aIFaESxsQCNrqSOO
 f0FecfGn9hTSvjF49Gu/2syTSXPn3Onbkit+NvKxsMjoR+NejhfZ8t5Hz2Pp4lz9xXR47b/A3S
 /JbVvhlrUsqBC0TxSbsMOecdPxrrf2zxc+KP2cvC+qasrPdxSGI465K4Un6kV6R4O/ZXufhlrE
 13oTmXT73cHtEYukJyMHGMdAenrUv7XnhODTv2d44yvzWt3DJgr90bjnj8aFKCqJRZ5+LjWcFG
 eh8MeD7O41FDNa/6xcofmGQR1GOvav6Pf2VL9oPgd4S+0qQzaRa5XGNhES1/PX4OtYfB3iCZZb
 Z5bn+14oV9CzSldvp369OK/od+Fd2LLwnpsYUKsdtEgUDATEajH86+wy9J2Z8Fm8HS92R634Yn
 3Tgx5612dkcIS3euC8F3xkk4HBNd1p6sVLZxmu+dkeHSaclY1Y/9Wv0FFEf+rX6CiuI+gjshX6
 VG/SnTNtXPvURnwOOauK0MqjSeojnGM+tVrpjHC7KMkA4HqcHH61LLeDAz61Beamtpbs8uAq8n
 PSh7M53JX3Py1/bj+HMPij9qfxPb3ojjgnv7eY5wASUy3/oJ/Kr/AMKotl8kt2+Byvvgbf6lq6
 n9u/QI9U+Per6j+8SGURSRqFIJdVI3e4wSM9Oa820rWzb6mhThnjDEA/dH/wBevhsW/fZ+sZU4
 qFN9bI9q1TSrHXQVV2VWwN4YqR+XJrMuPD9rY3UgSRXkjXILjIK4659c4qh4I8WbpV3ZIzhjjN
 WPHHilYra8b5v9W3KgZAx1ry6nvJWPtKdOCinY891C/HiDVntwQWTIx1XGRXWa/wCGTe+BEhlC
 7fLyACM8Drj8a+RPj1+3p4a+CuuaPp8N25vLtyJWjjZyhz0baDj8a0fiH+39ZyeGDdX+qRWtrZ
 wBmlzjKkdOOfTjrXTCjKa0RKzClSbhI9X+Ht79j8RGyjcHDFQCCD+Fdxe/D631MI93Yw3JlyFZ
 1Cvn6jn8K8D/AGbfjdpvxbg0rWdCnimaUkblJywyOT6fjX1RBqsYsI/OUrt+aNh2NZVL03ZmPs
 oYhc6OctfA1toGmOT5aA/KVRsleM85+lfPX7Z2njX/AIMa5BpnzOYg6EDnCuCTXu3jvWmSJltm
 jXe2TzkscHn+deR/EadLnQLiMok6zQtbqgH32f5cc/XP4Vth48zUmeFmMIRlGPY8O/Zr/ZDuPj
 L8VdLSUqtrpz22q3jMBh2CqSvudz5/Cv168LyCKKNQSAiIqjsuBg/yFfKH7CPhBNN8LX16sW1r
 i6EBJGCBEoX9cn8q+q/D+CRt7V+hYCl+7R+N8RYh1MRJI9N8Bz7iMHvXpGmTYhyfWvL/AAJIEI
 5/ir0jSZd0JzXoVIJI8Ok+R3N6I7o1PqBRSQcwJ/uiivNZ9LB3imJdf6sfWqkj5GF61avDiIfW
 qTcEmtobHn4uVpELsS3NUtdjF3YyxksAw5wOtWrl8dD3rO1O4Pkv5bc4reEejR5NWtJtJdD4t/
 av/Zd8S6xf6jq3gbWn1G5nU/6NfcCNPRCPw6182XFzLoF6INT2i5jCxFVGAXUHcOfev0j8ZXD7
 zuTfnjgj15/TNfm3+0vYzeGv2hNatH3FfO86MEgDa/IIr5XPsCqC54Lc/Q+Fs0lNqlOWqOs8O6
 2xiV7KQJIflcZ6f5xWlrevWUulyxmRTcSDYSW9un6V4n4s8ZTeGtDabT3IkYeuB0PfpXgc/wC1
 ff2fjGSG5e4EaZEjLE0g+nAIr52hQdtj9Pw2Mcnys2Piz+ztYap41vr2wFvNBeybmEkat5TDJ4
 PX1rzS++Btp4ggubZ0S/iMgDQsvy8V6YP2h4XVFtNK1adJQd7/AGdgAT9RVCL42+GtGiGLO/R9
 2ZpDGRsJ9eOa9KmpU3awSw3tm5M7b9kT4YQ/Cm6upbiNViuXXyIYwFSBfQDrnOK+oZtelh0/Yc
 4CcDOcelfF19+0xpOkt59hexSbBnZvww79OvavUPhf8a7jxdb2solkkju48nBztz0/TNcOKpuS
 u0ZLEujeLPRPFOvr5isNyydR3yOn+FYeoajGJ9NacrvL7xH134OOg9yKw/EmuspJhlJcEoMnoT
 wOPrioPhBbzeP/ANqsQwhn0nwpZRpMP4ZZ3Kk/XHNdeW4d1ZqLWh8tnWZqglK+p9r/AAL8PJo3
 hS2ijjEaf6zj+Jn5P8q9S8PsBMRmuL8FRi20tNw2gNwPaux8PtvuBt7nNfoGFh7Omon5Liqrr1
 JTbvqeieCmAcA9d2a9J0Zw0HFeY+FVIlXtzXpOgMRbkOMD1rSpsckTprf/AI90/wB0fyootube
 P/dH8qK8xn08PhQy+/1Q+tU5GAFW9QOIB9azZJOa3pK6PJx0+WZFc8qfesrVcrA+ATx2GauX11
 hMr61i6pqpjJCvtZhgDu3sPWu2Oi1PIcueXmcn4mglbc3lSNhSOFPGRtz+tfDP/BRbwWNE+Ivh
 /XyrBL6JrGZSNvzRdG568HqK9u/b5/4KWfDf9g/wx9q+NWtsdUniZrTSLRPOvbkhTyF6IMgDcx
 ABI9a/PW2/4Khy/wDBSvQNV1XTvDsnh7SPC195dnDLc+ZNPvXJeQAbVPB6GvIziKqU7Nn0/DMJ
 wxHNY9F0610nxDoy2OtWvnZfG0Hn/OM1ZvvhL4S8K2ol0DS4E81hu8xAxHByf5Vxnww8caZqup
 KL2XyW3BGPPBxXr+l6NZazsF3IzRrlfUEevFfGKE07o/Y8rrxnLXc8i1/4gHwvq5tNDiXJXKrF
 CvP146VkX/iiX4gSeRrOmWiov3x5AwT6/dHPNe4Q/C7RChuLm03S7WAbPPUelMHgjS9PCDT7Ak
 TfK0h6Kce9U6k5a3PZqJy1ieAJ+zf4O8UXsb6hp1vbyTqwMyqAVPbitzQfhrpXgQO2l3UqW9mg
 jVdvDNjrx/nmup8b+Ho9LuY7fTZE89W3EkHAHPA/SuF8V+IxpiSrfThflKlecE4zn9MfjWVSbl
 aLPCx75N3qU4pJtW16GOIgtPJtAwSevX9K+mfgL8O7PwvulsIEE9ywNzIB80je5/Ovzt+LP7ap
 /ZZ1Lw94j1HTf7VttUuCktuGxIsYzloz03DA6+pr9AP2Of2ivCf7SvgO38QfC6/F5CAPNjckXF
 qTjKSrjjBxzX1eTYaKipH5hn9WVabi9j6Y8PgR2w2nPtXV6DIWnXAxXF+H5NykOSABnNdr4ZcM
 UHb1r3uVvZnyrmmju/DM37xP96vSNCuB5B3GvOvDEG5wQOAa7jSptgKg9elbqm3HU45VLM7e0O
 bWIjug/lRTdPObCDP/ADzX+VFeRLdn1dPWC9CLWZPLtVP+0P5GseWfr1P4Vq+ID/oa46lxgdzw
 enrXzf8Atl/8FFPhJ+w3ohn/AGhfFdhpt88fmwabH+/vZhzysS5I9Mkd66qLio3bPCzGFSddqO
 1key6ndrKhEUikggHBzjtz6D3r5P8A+CqX/BRjRf8Agnp+zvd+Ir3yb/xLqatbaDp5b5bqcZJd
 yOka7Sd3c7QOtfEHx2/4Op7e8vLqx/Z6+HlxLG0ZEN9rVwEbpgMIV9yDz2zX5X/t8ft3eOf27f
 i0PEfxz1GG7ubKBba1tYFMdpbJ3EUfbJxkn0qp1lKNkRhcukp88jyj9pT9oXxT+0j8UNW8YfF/
 VbzWtY1mdriaaV9yrk5VIgT8iKONo68HtX2Z/wAEfLCWX9n3xPM7cXmoDbxjoDmvzx1cy3Gopb
 WSlpLhwiIozgk8YFfqb/wTS+G158Lv2boNP8SQvBf3M7zyI+MjPTp7Gvn8xqONO0mff5BRU6ui
 0NjxfqF78MfEZ1Czd5rUMC6Dv+f0r0nwJ+1hbPaRSJduMkBkY8Jx0ql498NxanbSpsWTzF2kMK
 +cfid8I77R9QkuvCsrIGYAxhvYnP6CvHp/vFY+squeBlzQR9pR/tU2vkQhPmxy539RTtf/AGs7
 ZrHYrLHCRnZu5Y1+dV14v8T6I7RO0mV45Bqje+O/Ed6yZlkIB7Z4NVLDIazifLY+3PEv7SttEk
 suoXVuo2kopJ3L+PevGNY+K178UdfK2JaO3U/fGQGGcf1ryHwr4T1rxjfpJ4hdpE7A9Ote2eFf
 Bq+HrdViUfcGAPXI/wDr1MqcIJNkRryxko8yPlz/AIKgasY77wbpURIS3gkZiOp+Ycj8a5T9gb
 9tDXf2KPjRYeIdBeW40i6l26zpqORFfQkYJwejDAb3wQOTXRf8FMrU3GveG7peQqSRE+hzn+lf
 ONuTEyZAJQgkH16j9QK+kyucWtD4XOaf72R/Uv8AA74q6N8YPhzo/ifwPcx3Wma3ZxTwlW4HH3
 SDghhnBBAIr13wpIjRLkbSDg1+FX/BGT/gqPpX7MWj3PgP44y3R8M3N6bmxvQDIbJ3++CMEhCe
 fbFfsb8C/wBpfwP8Y7eKT4Z+JtI1x5QSiW9wrS468p1FezT3Pj69NxbVj6O8NYjiAJ56/hXUWL
 9CvpXBeFNajnVQ5CuBnB6n2xXaWlxnLN8u35Tn1P8A+qu2KdjzKmmjPRNNOdOtz6xr/IUUmkHO
 k2p9YU/9BFFeFP4mfZ0fgj6I/Pb/AIOYf2k/Gv7LP7C3g/xH8B9du/D2tXHj6zsHurcgOYX07U
 nZef8AajQ/hX82nxi+KPiH4seKrjXfifq994g1e+JaW6v5DPIcnOAW+6PYYooo+yRL4yjbsbe0
 8yLh3XJJ5rmtZcy3QZzy3Wiiqh8BZJ8B0W5+OWii5VZAL2MAMM4+YV+xfgiIWyTJHnbwRntwOB
 RRXg5qfWcM/wAQ1761SWykZxk4xXmHiG2QXDrtBBbvRRXmYc+txXwmW/hTT72Mm6tYnJ9VrmtX
 8JadbXJ8i1iX6LRRXXN6HiwSvsanhjToYYz5cajA9PcVuqo8g57EY/OiiuSeyPQwys2fIH/BRS
 3STS7F3GWinbb7cGvlm0/eEFupI/lRRXv5ZsfD53/GZpaPdPDMyxnA9K6/wL8RNe+GWux6r8Pd
 X1DRdQtAZYprOZoipHsvBHsRRRXqxbueBWSZ+4P/AAQf/by+I37WXw/1WH45ana6vPo5SO3uzb
 hbjaMD5mzg9euK/S/Q7x2dfu/dPb3FFFerQb5UePiIq+x7T4fO7QbInqbeP/0EUUUV4s/iZ9DT
 +Beh/9k=
END:VCARD

