BEGIN:VCARD
VERSION:3.0
N:Benutzer;Test;;;
FN:Test Benutzer
PHOTO;ENCODING=b:/9j/4AAQSkZJRgABAQAAAQABAAD/4QBYRXhpZgAATU0AKgAAAAgAAgESAA
 MAAAABAAEAAIdpAAQAAAABAAAAJgAAAAAAA6ABAAMAAAABAAEAAKACAAQAAAABAAABQKADAAQA
 AAABAAABQAAAAAD/2wBDAAIBAQIBAQICAQICAgICAwUDAwMDAwYEBAMFBwYHBwcGBgYHCAsJBw
 gKCAYGCQ0JCgsLDAwMBwkNDg0MDgsMDAv/2wBDAQICAgMCAwUDAwULCAYICwsLCwsLCwsLCwsL
 CwsLCwsLCwsLCwsLCwsLCwsLCwsLCwsLCwsLCwsLCwsLCwsLCwv/wAARCAFAAUADASIAAhEBAx
 EB/8QAHwAAAQUBAQEBAQEAAAAAAAAAAAECAwQFBgcICQoL/8QAtRAAAgEDAwIEAwUFBAQAAAF9
 AQIDAAQRBRIhMUEGE1FhByJxFDKBkaEII0KxwRVS0fAkM2JyggkKFhcYGRolJicoKSo0NTY3OD
 k6Q0RFRkdISUpTVFVWV1hZWmNkZWZnaGlqc3R1dnd4eXqDhIWGh4iJipKTlJWWl5iZmqKjpKWm
 p6ipqrKztLW2t7i5usLDxMXGx8jJytLT1NXW19jZ2uHi4+Tl5ufo6erx8vP09fb3+Pn6/8QAHw
 EAAwEBAQEBAQEBAQAAAAAAAAECAwQFBgcICQoL/8QAtREAAgECBAQDBAcFBAQAAQJ3AAECAxEE
 BSExBhJBUQdhcRMiMoEIFEKRobHBCSMzUvAVYnLRChYkNOEl8RcYGRomJygpKjU2Nzg5OkNERU
 ZHSElKU1RVVldYWVpjZGVmZ2hpanN0dXZ3eHl6goOEhYaHiImKkpOUlZaXmJmaoqOkpaanqKmq
 srO0tba3uLm6wsPExcbHyMnK0tPU1dbX2Nna4uPk5ebn6Onq8vP09fb3+Pn6/9oADAMBAAIRAx
 EAPwD8J7JbO8tYo1tIFCDLOVG5qfdaVZRwmSOFWzyAF4H1rLt5WViMhdp6HgmtKK8O3B+4Rhx6
 fSgBI9FtjaNN5aErwRjilSys7lFAt41xyTtqc2yJCVlY7eqgGqv2jyLcebjZnGPWncdzT0+w0u
 5eQXtrGiBcIyoPmNMXwpb/AGMTSRRbH6YAyPwqK21GKdfLBAVfu+1SQX4jnjKFsp03dPypCKN9
 oEaKSkC7R0bGKpnSlSPdHErZOORXV3Ouy337sCLB6kpx+FY0t+VfyrgcbuCB1oAfoMemrcImq2
 sZX+I7ATXS618PdK1DRlvvDEaMq5LoV2nisx4LVrUfu5BOePaum8EQS6PY3HmFXjljKhTzjOf1
 oA4mz8OxvMrLbW5RD8wbByKg1LRrRriRYY408w/KAMba1pRaWt/Ha6a7CVm2u7N8lUPEujzaRe
 kzSK6tgqVNAGNBZJauY5Yon92GTRJp0ROY0Un0A4q3c2odkaYOMjiiKL7NIDGcj1NDAZBplmmW
 v1xnoFHStfS/DFpewqYoYm3DutZ8lv8AapdyOqk8EVteEbSe3KBSrDrQBT8S+HbawiiWGCAPjs
 uMnPesqHS4JSFlSMP7DitbXbvfrkkM2eGw3p+FMfTh5X+hr8w7t3oAhOhWu8MkMZUY3fL0Heo9
 UsrN5FFrbxKmMBgoG41fWFra0Acjpzg9aoXjtgRoo29vagCoun27kbY059qnbwykskYjRArdTT
 7GEl2UqMr2q/JtVU27iR15NADdK8DC/wBPle2iicxNg5ALH6Umm6FZ/a3ttQt4g2Cqnb0PbJ+t
 amn3j6ZCW0nILfeBORWVfO4dhLw7fMW7560AZuqeHf7MuTFcRpv6qVGVx70q2EciQwyW0SsPvO
 qjJrUtb6S9tHQKGeMZYuM8VUs7gRxbrncy9mWgB1x4QtTHvsQWkHJVhhax3tkhugHhUkfeAXIF
 dPZ3v2uxkQ9G4jI6/j+tYun3r2Fy6yxeb2Py5IoAqXenJ5xaGNNvXH/1qcLSGeBdkSg9Ccdasw
 C3be0pfexOMnpn2qaS1KQkQASKoydvLCgDNi09RKTNCuO2BxVjSobc6gqXMERQHkleDUscu9VA
 DbG6qOWAp11bLbptkjlCkZRsde9AFi5sbO3kKfZYTnkHaOlVbuO2F5thtYcADjaKXUpHj8kuCo
 2VDFL5wLeg696YFwQ2z7Qtlb8HJO0c1Zsr7T7a9kL6XazZ4CmMFRWfHdkEgjGRjPpU9raP5LSP
 j5h2pAWdQ0+z1KdG+y21qvcRqBn8qXSvC+iTu63ssqyE/IAuR+NQwSrGm1g+c8E9qiSQW9wPNY
 YPOR2oAW68GNa28k3lwGNHwvzDJGfSqM9nHBgm3j59QMVdmma4zIjsUBHy5OKp6o8s2BJjZjjA
 oAro/nysbgYY9zWmLPCR+WQQwyaz4k2F/Pbft/GtKxvUeFN+B2x+NAEptsWpZSdo9etZe8su2X
 7pPFdULeOazKqVwevNYt7pw5EA5HIxQBQA8tAIeGz1NWIJvJlhW5OQBzjrUMR/eN9pwoXjB4qQ
 3ERJeYcy9P8AZoA0jf8AmybVxsHAFS6jp63ixmwjIwOfrWfaou12GcDpmt/w5qJhXc6hh2GM0A
 ZkHiRpblVlG0RjGMdxXQ+H/E0Rm+bjdw1crqEHm3EksY4Y9PTmq0cskc42qUOfpmgDovHOhLBO
 Z9O+aEnIUdRWQZft1sgum/1Ywua3fDfiFDL5WoEPEwxzzirPizwTFPZC60kYUjcAp4NAHPSq91
 EoRS3061DHD9nb94Mkfw020v57GbcCRt4IIqzNcedIH2jc3JyOaAIYrRZmJxtNdB4fkGn2hluB
 gBR+NZ2n2X9ozAQD5qvaxGbKIRXkuFU4C96AMDxBKZdQkuEUkStuUegpNM1eWScAkqpHTHNPlw
 bjMzExZ4Pal1PS/s6+dY/6vuwPSgC9G8c0A+1xEknrnpUVxaeXNm2dVUfjVazvEZAEkMrccZzV
 1YYyBIhJP8SZ6fhQBSmV4JfMVT+96UJdSQdcMO4A6fjVmTUoJiqTOMJ/q+elRyQs0TtaxF0PVh
 zmgCzpd55r7YI2HHPTmrV0sDTF7gnJXGO4OKyNKgn80NbFhjoBzWjqdg6SISPmIBOaAKVnI1le
 yhsMJOD7CqOqRtZqotjiFulWrhsSMshKH1ogsZbmF475TKifdf0oApabevHIAhCYOdxp0t59lu
 S0I+995uxqpdRyWsrqmXGeCR/KrVlZfaogqv8AvD/CaAIY42kV3K5zzn1p9jNLp6u/A80YPNWW
 sJNPAVpC4JAZT2HfFWJoVmVVjhVkHTPrQBPoi2wsoo4APtBHL+tP1mS5uVEFxgJGNqH15plp5W
 myBriMRsowM8UybXTNdbrpd6A/KKADxbJAGs44FIPlnd9c/wD16ynt/LiDW2SR2qa5vP7RnMs6
 BNuQMd6jhkAUb2K8+tADYp0fhj8w6itCyQ3CFYeAOoqi8Uew+UMuf4u9T2NwIW+UgMetO4FmS6
 RJ1ik6HqxHAqC+gimUiA8DvjrU0kcE8ieYitu+8c0+bShaWxksSZoM4b0SkBTgha0cq33Cuc1S
 vrrLFV6jpWqbuGe1HnnDdAKy7i3WSY7OT2NNAMulWSV8ZDNzxV7SlbaFjClx69Kpww7W3ct7jp
 UtnNJHd5UjZnt1NIDdt7h7NQ7qGfpt7VR1XVEhdhEpP94/4VpafexTy7ZlbBGDVHxFbQh1j04H
 aOTkdKAM5ZVlYso3E+tVp4w8gx0Bqd7QxNu+6D6VDIoVySxAx2NAFyNmli2pjYBz61paW3lWrF
 S3BwP8/hWJbTBFJy2D6HgfWtiTWPsqxraBHyOeBg0ARSoLSTdIepzz0606exTWyQGMXljORTNT
 1B7+ECZR5fHzDqapfbHjbFkTsIwSTQA43ptyyS44Paun8N64Z7Bre4YlZBtU5+7XLTQbjwN4Pb
 +IfWn2lw9uyrIw2Z5HpQBv3GirHc7LxWVZOVI71FNp7WDgQYlIIGD6VvaPdi+tljb5yeAzcn8D
 T9YtbPSpVhDM87jJ3Htjnn6UAUIrJreD7Si7MDoKhv8AUxqtpGt5GqIOr9zRfLM8ZFgZGtex2n
 Ge4zWKN8rsDhYx2JpJ3Atx+HxcRSzWcpcL/CRwaj0zW1sQy3cSnsFPSoYJpbIl7dm8tT8wzV7+
 0hqEO1Y4lQ9cqMn9KoCp9kW7kaaxU+Yx+5j5etWrb/RGxfr5bkdulW7KFILpfspDbVyc1fjNnr
 LtHqOYWP8AFjGfxpAc/e6Ql/GzW4AfqBWfpupS6Xer5vPlHmMjg10V5pp0u4JhYNGvAYHrUn2W
 LWrVo41AvSMRZAC/8CPr1oAvafdWOuNG+lqDekY+zg8MPXPX/wDXWZrFtcWNw0erKElB4Rf4R6
 c1BpqyaBdbrnEcwyAc4x06H0rQS9a9jUTgOXPzMwycexoAw7u1jYb3zkU3Srtgdk54PFamv2C2
 pDQbWjcfKCeSa56aJld23YA6ZOKFqBrXGjjULuOKxKuZOTn+H/OKwr/ztOvsuCrg7RgVLYapPb
 XAEW4EkHJNdBNBH4gtgyhFmXuw60AVpbT7VpiPJ94jLetQWsDRSIYz8mec1c0+1nexdrw7GjJX
 k/epsFtDPG0bOdw+b5SaAKWsXA+14Y71FQi5S4RvlAC8A0y5hHmHarhvQ9BVGSQxsUXPHX3oAm
 DCJ8rzgHg96gQ+ZGWbg9vahNRG7EnalkkF6hEXyD270MCWF3aEhdue1OsmNnMAih/rVaBgAUY8
 561PaubdnMxJXseuKANhIY5Assp2v12itZtAgubEi2nb5xuKYHWubstQaO6SVzujTqpPX8K2rX
 WLRF8xZJPMfjAzgUAcxcNiaRSpUocc96sW+yNgZCMVF4lvJdRvTOYkj52jbgZ98D6VWmlY2qCU
 nJOKaVwCzviibANwYc8Utkdl7tbKhjxmpUspvm8tgn16ipigSEG4G4pxu9TSA27GeFbRlGGmP3
 cdhUN8GEP2hV3JjafrWfpU/wBmuAcZLA4/Sr1trkarJHcRmSEZO3uTQBmrcbZCLoDZ2x1qOHSi
 yebJIAPQipp4kmbzI1EQJ6GtCxsoHP8Ap91GB2yDQBlSWO+M/ZsBHHzZ71XkfMIWNgGU9vSt3U
 9Nt9m21uonz0Iz/hVCfRkjg82FhtHDGgCuZ8EMjDZjBzSZ8pAwU7XbGT0pWtEjjAZgV4PFOml2
 QKqkOoOcU1qBNYRSrdkrhw3BIrah8KwXoV/m3PyVzyDWNp999kccgZq/ea7PFAGgZlJ6EUgN23
 thpdi4V1Eucr7ev9K53V/ER1a/MkuWdBtG04zioLrXJ5wDK2XAxmqVqmZ2YPtHJ/GgDsvC3i0p
 pr2d2ishyFAHIz706bRLNdOPnErKw4y3NcvZ3pjA8o4kB61o3OpSX9nbx3QIkU/MwoAj/sGaPz
 FjlWSJjk46ioYYwqssjIHHAHpWm4ESN9nYDIFZV+I7uVI1wrY5b1oAtafcvb3W4MM9Nx6U/VZp
 NRys54ToU4zWKXaDKrJuC8cVdtpi1gzs43HNAD9N195bdYtRIUR4wD1NX2KuA9uThuSQelcsZw
 zq9xyzfezV/SdXe3m8pXJhkPKkUAdYZk8RywjVVJES7U2cE/WtA+HDHohuY3Uxg7RF/GeaPBlx
 aawMW6rHKnAU9SOOlX/FFv8A2bpzTQk+cpAAz93nrQBx+r4c5CODEOA3Y+wrKu5V1C1GFKznkk
 9K6Wzv49fs8Xf7y7DYMhGNgrmtX0s2t66WknnKvUp0/WgCnbrJFdot0NwJxkDFdDYp86oMjjIA
 rJivxbR7LuMyEjKitS21MW8auuW44H93/PFAG15aXdr5Uv7uULkA/wCFc+Yvstw0at8+eoq/p+
 rm6vRJMNwIx9KranYySXSyWEZZHOCw7UARXFyj5STAk7ntWVf2gALLyfUVoataLbfLO2SO/Ws2
 c+VwhLK3QDpQBmz2xAyCG56d6uWPlnCkFcjoTzUBkMc/3cZpwn8oZkDFs8HsKALN1apDIHOeai
 LkRkMOtSXE6yxAsRUcdxldswIJHANMCuJW8xQgOP51oacWPPGAeRUUOIZQzDhecd6mbIcbPusM
 0gLmq6bHPohlhDeZuH4c1zzF1+RsHByDXTae0s0IhjjZg3GPWqOs+HpLCTbNGyb+cHrQBZitjP
 EzW/LL97vinw2v2m2aORec9AKXQbswygBBiX72TWxfaS8kiGFQAwz8vWkncDlbqNraT5cjb/n+
 lMGckx8kjOa1tU2TxkPkMpxyKyrhJ4WaKIDbTAkgvIp7URzgBwe/BpZYrd4vmZWNZ81x5cgBXD
 dzVlIvtUOGIBHpQA2aEROpR8DsB2q3bvG9iySzEsTkLnrVMqViCZzt7nrT7GBVuQRnODQA6Q+S
 x80A4HApEJB3BAR9K19EmhkvCJ0ZsKe3tUc8Mc1yy7cpn6YoAzoUiclnYYY8AHpUl8zRxqpPy9
 qtC2tULgSMAvQ460lzIl9b7YiDt4GaAKMMQlJ5z9Kj8gIW5yKnS3Crlzhh6d6k0mbyZT565Q5z
 60ANtrRpPmhzWhbwy7DJcDhhwMdKlt7aK+gb+z33yKdxVuMCqaz5cqGYfWgB6yu8rBB8o6Gs/U
 pjGQXBGPTvVmSfyImyepqrqjbIw3WgCDz1ib9yOTg4NbVlNBJYvlVBHt1rBaPzQWU4IHSn2FwR
 JslJxQA6e3M0O4oAzdB6VXR2iKGQENGOK0ms1eAkFjF/BjrVGaAo371smgC7pety2kwl06Vo5A
 OWXmuwm+Itv4g8Ota30aWlySAJQfmkP/1zXIeG4Y5SVBB3evamXGly2tydwG0nKkHpQBZ86fRb
 pBLI252y4PGRWhO8Ml1IbJhHn+BTnNU9O1oRwvDqqhB2lHJP4U6awb+z4JdKbzdh5ZurDHtQBa
 t5LaRHiaOP7QejEZKD/Oauy+FI7W3Bsroyhxkq3QH8q5a7ujM8nWOQnBqTR9burCT98xdR60Ab
 baHc6ZG3ymJsZC/3hVnw/fNIXt7hygHzZp2oeIBqCxzqfmCgEe3+RVdrmLVAEtf3bxfOW/ve36
 UAV7+7DXMu5Q4/Os2e3eRWkiAGOijtWrPodxfQmeNVAPOPWsppJIpiJxsKcY9aAMwRyTSbpflx
 68VOYvOXb97OKtXAiZdzkqT0AGc037BIIRLHjsR60AVprZrZwGj4qTY0xyRj3PUVMJDduFfqvF
 RzxJCzrCzEr60ALEu+YI53c4qeGB7lGCnBU4FUopTBLvfk1at9R2sAMjNAGtaXsnhy2FzPHvC4
 6jgnNQ33imTXrkz3oVFAwo9Kfrtq03hAzEfJ5gyc81hWM5hhKrhgT0NPcBySP5g2uVI98Vp6X4
 uuNGlyzCQIQR0bI7/1rNQxqW+05J7Y4qK5ZYUP2ZCW9TSA7SR9M8V30X9nMFZwWfcNi5qPWPDt
 jo0pE7O03U/Mf055rmtFmN9E0DEox+atPWbiW7lSO8Ja4jQbcDC4A9PXFADYtM0+6nc3u7aOm3
 IP6Vnak9tYt/xL/M445zTIbieOdmWNsE46cip42EkyC4hYx469KAFsrT7XEJgFPOT61s+H9PD3
 XlzxnL/MDtqn9pghgb7GjL/eJORWqfEnmrA9oFRoxjJ5BoAp6NqDW2pzRXtuyIAw3FMfrVS4iF
 08pydmeCDxWvqeuC+Ro9qglcMw71mwReXD5aAlFJPPU0AZ0cEsbkSZKH15FD2xJJiJVj6cVfnz
 LGEXAA71PFpDPaebE6/KOh60AYVws8TBgrFe57CmHUG25RVJA7AVozzSLbNvX5T1AHNY/m/ZnP
 lqwDetAEtvqzJNu3FZBwQBjI96vPqkd3mRtokH31UYx+VZqWruxaFl+frkZxT1tvs1ujJgEH5m
 PR/pQAXl2S371XAHI+Wkaf7VD8hGR2arKySylRccQ98DmiS0jifdsdgeODQBQd9x3IBx1xTYlB
 m3En86sXUAwPswKg9QeaBErIEj6nrQC0NHRtUjt0K3AHzDABGcVW1fTzJL51jyOpz0NVooispe
 bBI4wK2YFEthk8qR07igDAgJil+TKtnnHFaP2h5yI3ZsgdSfaqd2P3im3BGM9aktsjmRgCOaAJ
 ZrMwR73A5PT0pdMvZtOning+byzuVDyh/A8VHczSzDPy7RwOKgiuHEewjKeoFAzp7TUNM8XXEw
 8RhYNQmP7ny18uNeOM7cCtMfDiS8uY0tDEYghyynjPbn864htP8ANhLIehzWzovxDvtFsDB9+P
 I4I/rQI0r3wNc6DO0N2VaQqW2q24YxmqFhYRgE/vkkDfMGBBP4GrSeJ7tZd6SxvIfmK4yQP84p
 0XiyC71gS65G00zAKGX5Qv4UAbFpd28WnIsBLsDzmub1+AXt1LJEoQqfu4xu+lbWsWgs4/NsCX
 jPIbqK5+5kklmErDD54BFAGb5cjybCrAnnB6ipEvXil2sM4GMVpFY7m4UNmNyOWJ4qteaM0BIS
 VZe+RQBFHC2/zISgB69KlIVhIHA3HuR70lqotlBulY5P4Vcls44k3u6N5oyoHb60wM6O1SRir5
 LemOKv2vhuW4iLg7VA6k4FTR2ax4aaVIwR3HWqGua5PcQm1WRBH6jqaQFzWbE2nhzynuIi+8Ha
 HyKweJSEQEN6jpVcKyOwcMVznOeKmtZvOPDKuOKAJbi0JYFf4eue9IW8sncfvdqnlvVFyFyu09
 abI0bysMZx0oArC4eCTcgbjuK2dNvE1N1M0ohljGQzc5A7cfSs6aweWAk7kTuapQysIT9mOSvG
 49aAOkvzLMxk06QNuG1l7j3rPlnnJAuGJij+nNQ6XqT7wEYqyn5v9utLULaW7j321uiEjLqMkK
 KAIotbghb/AI8hKGPIBHNXLG6t7uzk3RLbKG/iP+Fc+8f2d1eFztzyD2q5p2oCFWRoxOX52nPF
 AGgLyC2lyZFKdB70r69buxRJBHjrnvWVdeXLE7xE8fwnoPpVKZUnQPkBhwRmgDq7a9tLyARWii
 WYngL1qG4gurJ28+NowO2a5a3v3smDaa5WUd1HNbC6zI0KSX13JO7D5lbHFAE4V7pi0b5x1Gaz
 dUtXSM7v4iPw5rQ0/XrcXX75FgUdxzuq/qFrp+sWRe3uDkc4BFAHLRDY42ycd6uPOXiiV+RGPl
 WnXOg3IQvEmIB/Ft6/jUUEZmMcgydvzECgC1G2+Ly3YAvyM9qY88kaFcmmp807uwPJ4FS3do+F
 zn5ulAFVrjbgS8Z4yah2C03SMffNWZdPknVAiluQOnHWmX9pILvyY13HHK46UAVre7LSyOCTmt
 jSiy7VijLeZ0IqO08OzPIUiTI74Ga6bRP7O01Fh1KYJOv3V4BoA4zU1lExMrkbOAvpVcSifhjg
 rzmtjxPp7pO7SggOcqfUViy25hG5fSgC8rrLAojbd7d6SexlEgwpRfTNV7e5LFBbKAwPNWHeX7
 TguxI7GmBPBExhaNVIJ6egqOVknO1fkx1J61aj1gLCUEKlk4LVWvozC67kCFxkD1pAQ24e3uDL
 C3z9CR3H/wCqrczJdOGiOxvYc5/CocMYhtUBj3xU8QjkXbKPIZOjqclvzoAu2HiO60xPKvd7wY
 /1fGBWnJo8WuW6y6XIPMYZEAzuH9KxISonAuzuRzgk9qtR79KmMuhTt5cRyxznFADLzS2tMw6p
 AY5OoDEZ/Sm20TQQ74YwVQckGtMatB4kUpqreVIRw5+8aqXFjc6bAsbD9yThWz94UAOmmjvrRC
 MJjOQRVS0sD9pLyABM5Of6Vdtrdn+RUGcZqO6uRBG0MuFI79KAMfV7r7ZqDI7kohAVT6U2eJNi
 mJQOuTnpSXFussrMvBz1pJov3YUsR9O9ABblRncQ3bAqY2EUwIiAVqr20ojfYqZx3q9bSKAGcY
 JPIoAoq7OCEQBffrRDGEcleM8nNPjuGkhHmbB74ApvmxltsuTnuDQA+SFEjDwu5buD0qpLL5vM
 g2kEdOlXECMAyZGOMMePyprQRI5N0rt3BXO326UAV4b0Wt0pC5HrXS2Wqq9zE7jcO+OhFc81kb
 g7iMqeAFHSpLa8eymaNOUIwD6UAavjPQYYybq1bBmXcF9O39Kw4iXdDKcEDAxW3q7NdWELISdi
 YIz71kz6ZNZNHI0cjqQfujIFAEtzAtu/7vODzmqlyzNyAo9vWp7uWSWJd+AMjjGGqOWCSWRVVW
 2+uKAKskpWU5TP0p8c+ExsPPNTmCVD+5U/QrzRJHJGymeOQc45HFAFczh497KRjirWlEsAudvI
 I9znitEeBp7yAPZvEVPJUsP5ZqCO3j0yYDUNwliI6dOPpQBt/wDCR3Wj6eHFujvIdo3DIX9KoH
 XoL6J11CJYZAONlaWueIYtY8Nwx6ZHu2MdxVeTXKG0eaXKRuCeuBQB0mn+HRe2YezeMqRkFmwf
 yra0rwsIrRmvZICcgDLVw7xXFuFd2uEQfeAJAxUkkjSxh4J7gjPAErf40Abvjq1i0y4SKByCdr
 fL+FUI7SR4Wc+WzMOCW5qhf3Mt9cCV2ZiihRk5qpdTSBgRI+R2DnFAFw2k6AqJZMjuD1qncxzy
 yAkPuiP3ieT/AJzV+01R7a2RpMZPVmGQ1WVuTqLDCptcfMBwRQBEkst/YMCSTH8vJqtJaoYQJP
 v1o+ZDZKAo+UnBpmrCBpRNp4/0crgZ9f8A9dAzCdGgkOynxSus2xjkj+L1qW5/fxYj+8D+NRWz
 R4fzCd2O9Ai0lzI6mPaMOcZqW4uI7rbtJ3IMc1XScKqncQT0olPlKWfBz6UATKjSDcmdoFWtPC
 yRkzckHiqUV0623lKVIPzHHWp7Ic/vSRz0zQBcCqdyT4J7YqC3uZdKv1a2UupO7B6H2NMglMUs
 mcnd0Lc4q3BmaMBiDjr60AWJRBfyb9P2RueWJ6KfQVLHqMdtcEysxJXayN0x0yKyWihWQBdwTO
 SdxHNbzWEF5ErXhX7QQAMNge2f0oAnhs4rq2kksHwirkg9SfauXnJnmL3AbL9jXSRWh0N28x1c
 EfMqtnA/Cs+70+O9/fWRIb+76fhSTuBimbyyyKDgnipLk7AML1pZbCWO7Hnjn26U6ZykRL+veq
 Aryuvm/JwfSk3mo2AyHyCT6Ux5pLU5Gwg88gGkBPNAILUO3KmooyjL8ueegzTvPMsRjG4qBwKr
 W1sxJZzsIPGaAJbmfp5q7MZx71NZawEi8qZSyHg4NRGLzCPtB3eme1R3Nutocodyd8UAaVtqEU
 DlI8/N3PaqV2HtX2x4lIOSwHFSWkEFyo+cD1BpbmNbNdkh20AMh1UiJ1c9RzWj/wAJa1vYiK1R
 mRvvetY5gDENxgnpUlhN5TiI4O4845oAmu51lXzFDGQ8jnpTra4uJkBAOQavXvhG8tIhPawvJA
 fmY9gKE1COwgIiAZiO3rQBV866T52Qsw6YrXguZNTs0WSJ8IPnHr9KwZNamNumZSpPU4pbPxBe
 Ry/uJjtXqfWgDodMtnXKQjYeo3VnalpiXjMzXMKS9O9VV1ydCXkmLY/SorWwTVJTmQEt81AHTe
 CY49Mik+0SJKmOg71W1bxHHLdgaXaSRNnjdzWapGlBBG2ec4GKtQ6yZD5hjLMvbIzQBfutWC2a
 jV4ywwN2OM/Sql/JY2kKGzU/McnBBqlf3Lam5e8lKMv3Yz2FU4VjgzsGQ3WgDa0ya0u7kxzgqC
 Ccn1q43hizkEjRkOoXcAOua5Ka6Mc3ygEVb0nW57ac/ZC4Xuo5zQBBeZjcwuMxRn5fUUmnySx6
 kv2cgg98deK1LjT31pTLpymSVuWiXqv17U2GzFgFBUCVOo7igCTT7cnTp/ty5ZnyCvGOKz2uwi
 mOY7geQB0FWY7tzu8xiqk8A96qOvmyMSowOc0AVpkkgk3uAiP39KkjtonYtnO4cKOP1q1Z3K+X
 5V2N6OeM8gfWiewaxiKhDsAyJB2oAk0u1juAwniYshwoB61FLZfaJDv/AHWexpulXRNwpjkP7s
 8nu1Wd4uC7zfezxQBTjxZTHzlMigbdy8UpYXEv7nPvk1aNqbhDhgARnFZMCvbzuWZgc/nQBo2l
 6qs63AJA6VIsiG4DI4jXP8XeqcbrK5JH3xkH0pWhWVR52CF6UAa8kUd7H8rD5f1p5txHAfNPas
 WRCjgh8D0BrV0a+DgCdfM3DaB9RigCml/JFPyB159xV+C/wfNHAbtUN9orxO3k5dhycfw1XmT7
 JarIjb1k6U2BcuNSVGDSAPu6be1QTXcO0CVSwbPA7VRtpftEmxW2Mx6HvUv2V1J2jkdaQBFJB5
 jBVYemetRyW6SqTKCfTFNllCHBX5vWkLBPvk4NADTG0ePKB5qdLN5NjycqvNQIpZAFVj71LsaJ
 QBuGaAH3aCVwycKODUMsZgJjxv8AXIzUs0DpHhmBycjmgOd37wdRjNAFETeTcARAbSeTViApfr
 hjufHXNJNCsUu18Z61Xit3Q5JxQBdW0MYKyn5hSf2BPIjS24I29T6f5xUMMrs5HOF71ooVmtMy
 u3ynAAzQBqeCfG7aaPsmuYkiYFG3HseKq67YQW2rSNpLCS0lGQ5GSh74xWZc2SyxK4OZl5x7d/
 0rV0K+j+xPFOu4Pwpx0oAo3OnFreM7AR9Kp/2eYpxtyCx6VoXdg2nSlQzMh6UxJdjqSpKgfN6m
 gCOLSZGkKyYw/wCn+c1YltRodoWA+Y8Z+taPhWz866DQqxLdmq34x0ZbS23yY3NgkUAcZcSyrj
 cc7zw3YU62meOeTazdOhrZ07TYLkYvSFVfmqveQWkDj7CW9zg0AZs98wbO3L8ZpvmGRsyZQDsO
 9WLu0EwZojwMc1DJCrsA5we1AFmGVZLc7Y1bA6nvU1gIyNzgxtnoKr7INgHO8dx0pJ3AYG3UnH
 egDRS+NpL5lsxh3dQverj38OtL/pKCKSPhWU/f+tYEt98xMnC9qgludrrJGzFl7DvQBq6pYNGd
 zHGO3aqS33kEBhlSME0+01z7OcXGXRupJ5H0q5fafFqNuJLLnofmGDRsBmJeDzMEZGevpW7o8s
 N/bzLqTBML8oB71k/2YYh83FQRqbdtr7sDv60AX7jSo4ZsiVo067hj9anuNHeyjVizMj8gkdaq
 Qyi+UxjO7O0A96tXDz6rEFucp5HygUANGEQKjDJGaqzWbzgyn5QOPY1p2xZtOaGNVMo5BPoKqx
 a1NHHtmij+Q4xkUAUraZFiYScMOgNMf76CIZHf2q5KRq8arEjK4OTsGaki0oKwAEhPuDmgCohE
 sqq/O6rrMNMj3AEdgfQmn3tqUgEcaYz1JFMtLdn0wpFGxYHhjQBa026M0XM2WQ/NnHzU6Yw6tC
 Pt6rbpH0CdvzrPtrZ45ceU4cHk9qtzW6XLOjqwY9+1AEa+HWun8zR28xU5LAZx+VLaGSV9jrkr
 145amvEY4hGkjKMg5XoPY/571vaHFDr95HHqDMkoU4C9G+uKAOevoo5iSBjBxVYwLdRkL1XtXS
 eK/CdzpkjRMqyJ95SjbsD3rmJbUwoeuGOCfSgC9eWc9rcbbdA0KHPmhcq39Ka8e9DkBS5zk1X0
 /wAR3dvEtuTm3AwVzW/D4w0xIEivbOaSTAVWBAH40AYMu6CZDkFcHcTz6UrtkYlwVHIwOtb91o
 lrqtuRZSL5h5EX8VY97pc1jKAqZ2jB/wA/nQBRJhubjE4YOOnNMC+S+DzmrMkIA819wPTbjmqw
 fzcM4w3vQA9mbYwgIz/ENvSm2t+6jZsYKeTkVYjn/eqwGAOp9aeW+2sdkgVf5UAQLKY5MHGfer
 Nv+6IMXT07CmyaeZIS1vtmkUdQKbZ+akOZoyqMe45oAvRzjUJPLLgSds8/zqyPDzwETagy4U8Y
 wARWMbcwNuDDePenPrbXEfkTn5hwrdqAO709LPSbbzlZdvqD0Ncnr/iufX793uWQrGdmFGBjpm
 stdQeFRHKx2Nn5f73+f61E7iLCxDnrjvQBaubtNypAxyRzg0q263DMsJIzzyc1mwyDeSD82e9X
 IGUIrSyBNw+X2+tAD3tSpcFvufrVZbdL2XbnDdjnGKnhs2nkYtcIEJ6461HMiJIApBVe5HWgB8
 mmtpzDzSrrkZYU65mRGYoBgirEkCStiJlC7c5IqjLNsYhtu0d6AKkshbAZcAdc81Gdwb5SD6cV
 ZjYy5WXBVu/pWppnh63urfdLdxR47MDk0AYjnhehxntVq11OVANuTj8q2/8AhBZ7mwkm00CYKQ
 BtHXrWe+kTWS7J4zE+OQ1ACQX/ANrkC3DD0wODV280KQwM0jxheueKdZWcCrvkjYYHUHvRe6jF
 LapHtLKeDjg0AVrDQ5xdxuhIUEMHx8pH1roZtH+2W+dPIbHDMOcms+81YNoqWltlFKhQD1HNP0
 e5udHsHFkcyMRkDoaALUPhaa1n8yUgqRgjPOO/eq+reDkvHzoQYIB85JzzW5HBLqWmCSWQJM3U
 EdB3/Sk0S3uNPmIkBlgJyXAwo/Ci4EHh3QYfDsfm3mHklGGLdFqS91HSYpvMw0jjkhTx/KqXjL
 Ug8hihYiMn746H6Vg+QYxuV9vH1oA3xrem38TNe28rqp+VUyD+gpbTU7O6ylvEYoEBPzjDAjp2
 HeuUk1aeyfNqMH+8BTrvVhqEAMuPO7n1oA3X1Q3U0klp5S7OGHFZt7rj4DwxlTJ6riqMTiDZsH
 Tn6/WpbfU5EP8AxMVMqdFIOMfWgCZblpEO/GDgn9K6bwZpktjcC7lUsAMYPvj/AArBi0lrpc2s
 qbZsHbjkV20SvDp8UUZBcDp60AY+ueIZdIu3Frh0lbD+YNxAPXBPSqLrpuunyNPBSSM7mZyQpJ
 /KtWQ2uqvNDcjypQjAFjnJx0rhNYhntbvy7jcucgIe9AEUMOy5ImYgg4xViVVa4UFSoToc9a6D
 xZoEdqv2rTsHzDlx/dFcujFpG27vlPGe9AEianPpV359o7b143jqo/yP0rWs/FSavF9l1JltlB
 3tOerd+axl3XGfMXC9896iu7UbtyYIxg0AdTc2Vrqe3+zZxIF4Uj+I1S1Hwpexu0kts8aL7Vg2
 t9JZ8REjJ+UD+Guh0TxjeaW3/EwAuFAxh260AY8yujfLkBOCOuabHcqgCxYAbrz0rsbSysfHdz
 ks1rO33Y0AwTWd4h+D2r6M5mmt0ER5D85P1oAxLfWZLSYrbnAb5eKnudVnyELFkHOcCqUmjzRz
 BWyD9K6W38JtLo6TtkLzmgDHtryGZiZUDZqDU1Vl3wp8g+9jsf8AOKmGnw2cpE8jFR1I7VdGjR
 XMQa0kdoSPmHrQBn6bYnWz5NydjgZVgORWeztBK8ZBJQldx6nFdZ4ZtoNI1QPI7O+OB7VX8faO
 9rdC7ESrC4BJHqaAOcgUTtuORiraW0M9yiXLAIeoPc+1RWaru6Haxq7e6ekEZkBGzGVz1ptgVp
 rUw3ku3iJDgDPUYFEzAwZRN2CDgUw3JEkezD7+xolvytwn2pVVRkADv060gLVlMk4aLIDHp7+1
 Vbu1+yzgThiHOOelElyIZl8v5CDkVtxWkGtaYs0bMblCcr/KgDCe3LzsN20L2HepUQJnHI9KsX
 +gT29pHKCd79qWw0u4aPcwU4796AL+meIr2G1aDSbiWHOMhR1qxZXzxXBl1n/iYBBlg/FR6VZW
 1nciS9mdJADgYGO1Q3pIOOu5hz60AO1vxLDqluP7Pt47eJSQ2KzvtiSgeWuPpU89gsfzH5cc+1
 ZaSpbXRZT8tAGjjz237gNuPwrc0O48uUPOM4GBXORXC3HmJD1bB/QVZivZfLwp+71oA6fVfEiw
 XC+UBGjfKTj14qZbi7gtJWjkY2zx5C9s4rnbCRdZiaOUkFQTke3P9KbYa1c6XcBARLEWxhzwBU
 2AotqzH5Ls5YdFPOKmiu1KgxfvCOqHrXTL4EXxLbl9MO6bGRkYzXPal4TuNLu2ju/3csfUD9Ko
 DO19yChhO3OcqO1VoZEUbHVckZL9x3q09s8a5uDkZxUDWX2i4OzgHvQBLCwkwyEFc4z6VNDZm7
 utkROCfwqCzAhuGRhhV/WtR5okjjkQ7ST2oAlSRtMdUjHzR1p2OuOI2Ly4kHQViS3KiYBMsW5z
 SNF9klEjPnPSgC1dzm4uVKSMZd4JP41oeJPD8+r6ZHLbwmW5H3yCMqvr/Os6xu/tDfvUCqSOfW
 uj0yf7OxLO2CAG9x6UAZs6vcIqSiVw3GQMisR7RVvpFkGFU46e1dN4c1hYmCXm0quDIO9c54qu
 Vl16drdDHGzZX6UAV5bTzWIi4Ws6/DQEoQSpI5q9BfywxkS7WU9OOlMa3F8hG7bj5sn86AKcEr
 ggKVA96lFwLcYHX3NQPAHnYD5e26pAnluA/JoAu6JevFqsEqs4YN0HQV39p8aL+CJVnWKWOP5c
 OAf6VwCzrbxAIMMefpT48zEFD9RQB6hZ+PNE8YqsfiJFt5GOC0abcH6ioPF+i2/hiGK50xmuLO
 Q4AjO9s/T8a8wlzLIdxKkHIwcc1s6R43vdJi2xurxsdriQbto9RnpQBal1C1urtzcIVjfqu3FR
 MNM8zbpplViehyAKnuU0/X4N+ixtFdR/67e2fN+g4xzWPcWzWFyDL8gP3Qw+9+NAGhqulSWzpJ
 Ht/wBnBzj2NejeHLG28f8Ahox6/HsmA2DHBGO9eTrrksUTKSOD0Par+n/EnVdMRVsZYgpHIK9u
 9KwEvjn4eTeF9UY2Jie3HI+bJFc6b6eMkt909j2rsrTxpYa7bGHWYpXlc8Ord/yrOu/B8gEjQu
 l3Ao6RjLL9cGhaAcu0skr7mK8HtTjEAcMMk881Zm0l7JXxg7uQBywqqzysygDBPr1qgHSWqzAN
 L6UunXjWBOxWKsaZcggbu4HSlindrf5ANxNIDqblPteiWrESNC2fujJ7Vd0bRY7KLfZswWYZYS
 dT2/pWJ4Q8ST211b2krIYj8pBFdd4k024ht0nsdpjA4AHNAHO6npkSs2SwPase6ieJcSYdenB+
 atGbWykgF9G2cHviqGqMxiWW0GFyCSRnFAFeSN4yGiLE9we1QXYEhzMo+bnAqaC9YzbpSGY8Co
 L/ACwDQ80AV1mxdJwQq9h1qd71WHU/QdqgDO0gJAyevFE4WI8dW60AafhzUHt5v3ZAzxVzXNFk
 u/38Odg9KwbK4ELA4z+NddourgQKJsMv92gCr4Y8Qy6VGUmkdLcDjn5/8a6vS5tM8SWTG3kkaZ
 eP3xIyfxrmPEuk/ZXF9akGCY/LHj7tZy38tvcxSwnYw7DpQB0viLwrIigwhcHqAeKxDpbmcgJt
 KjOfStXRPHgjlEeuAzZ6bf4elajX+navE4gZIyQcFmxQBxd5ZPG+9iuDxmqitHGR5oO09M+tdD
 qmjNsDl90YPBHSsJ4N7uH7dOOtMByxj+EkE/d5qwYGkUNu+VetUgxVz6gVNAryx7Y84J5PpSAe
 ZWjG8A/Lg1sabqn2hF8wnniqPkK6qk/z/TilaEWo/cgqKANPSbRba8zM6MXGDzVPxHYPPOzOOV
 Py471R03XmSRXlQEHv6VstqaakgJKhh0X1oA5jBjYrP8uTkA9TQ0qoxLHqPyrQ1+z6TMu104x6
 5/8A1ViSsVc5GdwoAseWbkDyQWC01QVvS+5WGcbe9OguTFZqIjhxnPHWnWTCO6LyKjPnpQBDfs
 4n3sMc8Y7VPBKWT922498U7X0RCjRnJmALKP4aq2rtA/ycBu5HXFAGkYg0GT8rY5J5qIw5jyMO
 RxU28zwAou5jxj1pnktAzCUlT1xQBHFP/Z8wdpNsg6ccj8a6jQPFNjqdqbfxJbvPM/yxTE/LF9
 c1zsNsJ1U3EYIP8VPe1iicCORsnnHTBoAtat4ZmS92Wn79WBK7aw0ia3uXW4jdChxkjvW/Z+KL
 jTZFd4hKwyAc44qy+nwazpxEOPNdvMdx1UdTQBzbAbSNyqGPf+lWvDPiW58IXDtZzOIpRiVVON
 4qS/0ePcG04/aYV4Z8YwaoPGJrgq2AqnAPY0AdVdwweJLX7XoxSKfbnyRwzn61zGooyMzsreYp
 wQTyn+P/ANap9NvX0S4DQtzu7dhW/rel2viWzWfRiPtCL88a/wAfuaAOQEvyDepIOOamtbFJZW
 KzrH7Gpk02QRBLgYYHkDtSTaf5LBgM7u1AEVxbS2aiSNfmxw3St7RfiTLFZi2vUe4VRt44xWJD
 czTzoLoFgvO096bMomlkaJfI5ztFAG7Jqdlrcm2WNYHA+82CKidbiCAoVLWzfKoHOawo1dyGO4
 bQcc9frWppOvSwQLDcDzQSOvbmgCjcWBQsqDYwOTmo44BdAZfGOeuK1NYdZLjzCdu8dAKzpLYQ
 t+6OKAK88ciXREQ3AY5/Ckmt3dlMoznPSrMU2zJxgD2zSSRmX5kYgdiO9AFWO3KSDgqMjrXQ6f
 YuUAjG3HO7rWRawNeSDLYKnHPeunVG0bR4ruTnc20g96AHxn7ZbNA7qzgcVzup2s2mzOl0CAT8
 jYzvrb1TxpZ3tgr6fBFFL/EUqpp+pJqpxeqJAPulucfSgDDfcjgxAqSPmB60xXXlZFBPXpV2+t
 ms5W2oTnpk1nht0uZCAfTFAG9oOvCJBb6jueJj8qj+Grer6XFCqvHMvHTAzmuajlMUmWHznoKv
 Q6tLDEPtKeZnsT0oAkaBVLGX7x54qOG6NvkEEA/rV2dYLi08y3fMhH3e4rMRmkDLOMkHg9KALc
 N7vXI4Iq9ZyG5jw7An1rFuWMWMAopxTzqMkIxZAuOpINAD7ZAcg9F6VqaXdRFgpX5h92sPzRbf
 KQdvr61c0+4MjDyxsYHkkUAdA2lvdQ+ZcDIPGOuawNY0wWNywjwVbocdK2E1ubTF+T5gw5yM1L
 c2kOqaX5kXMxG4nPT8KAOSUSKu5VGM03aZmRo22k9Tird26Fgp+6hwcVAZfNmCnBVumKAJp7N7
 1FDcuOI8d6pJlLlt+d44PoK0dTZLKCI2HmCZQCd33c+1R6iqXKpJBu34+bPQGmBNpzNDbgH7zH
 jPapLiXMhEvzMRwarQXG+ILcfMP7w7VZjdHj+QgMOmaQCRF7AsVBZO2am2G5t2kIAJ9O1V2vzM
 21l+UU9Cjj5M8eh4NAAIXjUeRl8/pUa6k1hGFtWyG6n+lWYX25Y8dsUs9t5tkVkK7Tz7+tAE9l
 4hAj8q/RUf+Db0P1qZ/DUWrTO0paK9cfLGg+Qn61zc0SeYc53DgVr+HNfk0u623LgwSDaxHLY9
 QaYFa80a60G58vU1VmbqF5AFWdC1k6PqaTW6qyEbSD+FdRJd2s8IikZJbO46MTmRB7nr2/Wsrx
 D4QjtohLo+9kHXPb0pAd6uh6Lrekm6hkkQSRgNtQfK/p+dc1f/AAsuGUnSWSVScgynbisHQfGF
 xpkiRKw8tRyD0z/nNWPFHji/1lFihkCxKMAocUAaNt8NNSt3bzYrYsnT5xTLvwZYQTIuqzlLh/
 vqigqPxrk/7QuIwRHcXG4jnMpP9ary3kzhvtUkrSH7p3E0AdXqPgvT1vI47K4kfcCcYAx0/wAa
 r2ngu2uWZIJX3pnjHFc3DqUikfPIGHU5PFb2ka3PDe7dPZGGzGW7/wCc0AX7LRLSzcxb3eXrhh
 xVG78JeVcAbvvcVfEgudqaoyrOrbiV9Pwpmo311pMnmWmySH3w1AGRrXh6TRfLMq8yfcHGPxqx
 Z6fpmnmNddmljlk5+RQRx/8ArqO51ptT3vMwWU9iOF/CsOZHnkIkYu3YnmgDo7qPTtPszcWTu5
 LcAr1ycVl6p4hk1BRbsCEXkCqEGqz20wEWGEZGAeRxVy+vRqV2JpUVJiACQMAUAZ0+mvaNuuz8
 8hwAOmaktbt7C4Ubc8jvW5rGkp/YUEsRM0nLSf7PFYogSWEF/lJ6CgDWcjXyuMhwOAO9Y09hLb
 SyKy9+pqzpM9xo90Jrco2OMMM5ropr2PxBYGK7VVXBbIXG4jnrQByUI8xSADs6HPWpPLIjGxss
 vr3pxQmcqx+VGwFHenJIgOF5oAW0jZB5nQnnH6Usnzjrg0rW2/8AeISD1x2pWR5VySNo60AQBX
 2EzHIXpSQJ5kjOOFpLgrtIiLFvWi2Y3CFYuoNAEt4myTBBQ46Gq6OyHKjGTzSyyyXUm+/cnHc0
 +PY42RtuDcDigDS03UzdQlHGWHFSw3/2CX99lo+hA64NUorOeyG9FJA68VJFaLqNu0hkIlXkge
 lAF3VtEjvNMF1pKOctyPTFc/bwtGVeMfMRzW54f119M8yJ2IjlGzk9B/k1p6f4fsmi2xXsUmeP
 88U7gYV5Et3aQlWCsox+NR2eUnWG7bdvrZ1TRY7FXjuQsatzHJ7VkyeXbxnz38xl6NmkBFfiXR
 3MDKQjHI9xUMV0ijMnNdBZWbeJbUcCSZU+U454rFu/DF7byNJcW0qxqeeOtAE0EcbI+4nax49q
 nKNY7CCG46Vjw3DRHO1gtaNrqPnBRKu1R0Y80AXYDHPAzlPmzzTWG2Evn8KafMMWIsFfamKxcA
 yjAHbNAFSeRJpOBg0xrXykVjyp6VLqFv5bAqwTI6dal02ZZ5VjuMNGentQBJZxXFtFuUZDcitD
 SPFrwOYrkFkfj6Vl30l7p87RpKRDn92eoIqG31gRxk3qMzqRnmgC/wCJtIa2uzLYfMjgEj2rNs
 70woyIMjPLHtW7Y3y38gkUnGBke1R6p4dS/mNxobeZgfvIVH3Pf3oAz7W3EmGzgrSSRqszF13+
 4/hqOOLdGSrk5HO0d6WCUxYaUMYhw4HegCM6TLcyZtkd0wckd6jtZZbPiI+aqnlem2tTStXNvc
 bYZyiSA4QcdMf41Y8Taf8A2dZieGMR7sAkc7s8H+dAGVJqTT3AKtjIxtrStNVy/kyLuUj1rAlh
 G4NtKqOc/wB+l+2SpP8AcKMn3s07gdJdeHPtLRS2zpCrcsD171laro72bGSFWZRwzHpQdUe8hT
 DEMg5xU0N7Pcx7GVpIf4lzSAwlk2yAoevUDpWpa2hvYeTg0mo2UM8w8lPs4HUDvRpsFz9oYW6N
 KB07U0BbjvptGhkgJDRMu01VLRyyIYQSgA3HstVdVMiSlZyxbPKiksbyS1hdWUmKQ5K0gJpt8U
 gAw69iKn0/UyJdrdOmKIPIvW/cyLEqj7p4zUEUIEr+blHXJBx1oAk1O28q6VoSFVhk1GbZQ25T
 zUlvcfakIucKAcAnqaWK1cyFkQlB70AJvJdNq5I4+tBcbCnCjv71LIVcAowVhxj0qO2t9zkXHK
 t0bsKAIpbPIHlKWUjk06wgaNiqIBzViF/kKKwBHA9aguI5oX3REk9jTQErWypGPOGc/pTLTy47
 gMFyob5fetB7EmcG3G6N8hSTjNWRpgsws/y7ouWB70gKd5dGSRcfKnIPHFXrHSYL61e4kfyVVc
 YA61lC7OrxurAKxbIHtUtxfC2sTDA/A49KAEazRmkEw+TqG9as+H7YSTeXbvu7ccYrIt7qRdob
 PLc59K6jw9pf2KUXcJBVjuI/z9aALF88MsJh1AiRoPl54Iqt5GmXUG3ABx1x0/WneMbGfTryO8
 VB5d2N6qfTJHP5VBoNtFqUb/b28uU/d2d6AJLPV4dGtP8AQyokHGKgu/Fwu9wlPXgj0pmpaSmn
 OxmYEdu5rOht2knZ4FX3oAimiju3AtlAznrVWSAW7OC2HQ/d7VdNjLaMjurbSeMCs+4WS41Bjy
 EB5zQBcgnk2ARnJbqKZcydmZt3fFVxB+9DRkjHfNWLh/KKGTp/6FQBGLg3C5PzFeBTLeT5yEzl
 B0p1zb7wGtzt9RTNhWVQOHPWgDc0iUajbPbTgM5GE9aydTtPKk8sKcDrk9adZX5+0FLcFZM/K1
 dPpmgReJLR2nOyZDhQT1z60AYWgXYtrvy5cFXBXA9+OtGpLceH9YIsZ3BwGI4+YHsaNR099C1E
 RTFTMjBgE6YyO9S+IoDqHlag5++RGPfGKALelpb+IbtA+Ldk+ZkXofxqHxFpn2Vpv7OXdGOW56
 Vk3GpCBQB8pB429a0bHXN8kX2gKY1ILju1AGakfmFfJXLN0/z+VdZYQG503yda5xyPp/8AqqXw
 2LKJJvsqbjIdwDL936Viarq8u9nhA8sNg88/TFAGrdeFbeWBHscSL/AM9DWRqnhObyS7KUYdfe
 tHwkx1Gdnm3rECAB6Vu674psYbIRxeZuHBJHWgDzZw2nybQMluDVnT9T2PsJK56Ve1OS1vJ/Oh
 OfXjpWVdWctu/mJhgTxQBeYrOS0xAxTojJHKHspCQ3GPSqaXCTuqpnf+lTQIJ5XRXwy0AaN7Yx
 zWzT3I/fSHp6VnS2LI8Yt13kj5ucAU17me4hYbvkHXJ5qvJfDMYDNlevqeaAJTAVJGBuHPFSWu
 oMN32iNWUgjOelVo5vNUvg8HGKVollOIG4HNAGhb6dHewhrVy8gPK4qaFTZZRssT1GKzLWd7C5
 zDlS1a9rq5vU2uFAIznuaAK93po2GSIEjqefu1C8QZApc+uBxWnbQpeyCG1OB1cnjmi5sUuTlx
 gpTQFBAYCWEQbjrmmsHvDypH0qYqYGPlk56DPSnWFuz3BN2MCkB0niGK10bw/ExCyMxwhVskH8
 K5O98SPfWixqPmAxkjBNEkkz2iQSzgqn3U54rPm4RkY4YEfhQBd0gPBMGnwc8fSpvElpFBIGU5
 Y4Ix0qjcanIkKBG57VGzPdIHvF3P9aAHpGtymc4Ira0fU5YYUG7KA5P0rAEgjOFjfHtVqzndD8
 ilFkGKAPTri4h1fRrWDVAojmjwjdwPY/XNcJK6aTfubdjhDgc9a19PnbUYLW2upsRJ8o61S8We
 H1sryKJ2AeRSUb1oApTXTXpaQMWJGcdal8PSf6UTcj5WOKz5YW0zgTKZG44Bq4THLpSqj7LhWJ
 dsdfSgDo9e16OGFba0ji3pwZCBzXOoYZp2N2u0Mecd6Zp12cIbkfIBzTbwRG53W4wp5oAbeWVm
 gY2ZYeuTVC4SWFAzjdGO5qwsHmK28jaTVi1vhaR+XfRGeJhtVR69jz6dfwpgZEcrPcAp92pl2I
 zMxLuRwamfSJZCXtnRhnLgcFR6VWc7J9mNpbtikAW9w0MheQj5ea3NG1Y2sPmWhCvjuf5Vk7Ua
 dY48RseW960rDS11C3b7EMzL3oAt6hpn9pZu4GzGq7djH5g2PzpPDsMV/Y3Fveg/uVZl+vNJYR
 y2KhXfcB972q5aRw310/2eZLbcuCWHX8qaA4yTeT845B4qaEqjZlVtzflV+80qY31z/Z8T3ENq
 Ms8ZAAGcd6zoZMncEwH6H0pAdDpusLZQ7Rjc3ApkFoZJHmY4iAPXpms8R7oh/Gc5HtXQaALbUt
 GMN6ApPHrzQA/TvEdsdOWD92rRk8gcmud8QXkl1cZzlfapr3QP7NujGjfKTlSKzr2Jmdgx/wBX
 096AIkn8ucBQQjdat/bWMLZKOOnOOKzdjL0PBoiXe2Cu7vQBpxC0KAyK2488Hiql3LskbaDtbp
 jrV+3tlubYC2TExGBVe+tJNOAF4PmHNAFO0meGR1bI9jU0iK23zcbsdagWYO+xOH7mrkMWYcNg
 kUAQwKGA4JC5pzyFmPlEADt61asYIgSJWA3dOKv6zosFpdxPaBGVlG445BwKAMwuWADAbqs6eI
 /3hl++Pu1cj8NFyrRncAdxb0psElpY37NMhljD4YKepoAsWmm/aIjKknlsvUnoalhtHLcbiueu
 cA1Uu9UMs8wt4SsOfkUnkCrOmXcotj9rkV0HSLnmgDoD4JSXSzPNNFJhdwCkZX9a5+K9gD+XPg
 DdjNTpez6ZZywwPskcZbk/KK5qZ2llPmvvYnrQATr8zE5DN1zxRbou7951anhZNYuUVFw7dvSp
 59IltXdZ1IZKAGvpLNGfLAfufaqDCSKUEkgdMkVd07VWs7oGXLL0x60+7ePUjyCpByMUAV3bBG
 xsk1ZikV4gAMkHOKpzW5SUmN849qjjnlil3KODxj0oA6KykW7tyJW8pk4BFdxrGhwax4TS5JWW
 aEBEY9QDn/CvNrPUfJmBcZDHLV0s2vsfDMwt2ZYy4z7cGgDHv9NKyjfD+8bgYFUNRtTps4S6Hl
 kjIBPU/wCcVeN86xKZmJlyMc5p/ifU5L/RYVmto9wJUyZ5oAy01DfbqZV2xnoKbfX6NEv2ZcHH
 WmPLFJYQx2ZLTL1U1EIJA+2bAJ6Y5oAIboyDb0PU1c8xLkBJLna4Hy445x06VAbZbdcyZ3elNB
 XeCRjnOaAG2808N5syYmJ7fx+5q7tW5QCZQso/iqsULT7rXLr6k4xVi0dX+9kmgBlxpbI7SxqZ
 AoGWz0p+i3txZ3AezJAHXjrWlZ26mFyzEnPC+vStzTLO3vZ1M8Yjwp6Hr0oA5/xFqyrIggQKrL
 lsdc96xpQZ5wySbu2DVnVYQ9/MJCSitxVOQFW4G1aAOm+H3iGPSbie1upBDBqCCKRugwOfwrI8
 VWsenazNHZtvs0fEb/3h6j171Elg02N65x6Gt200i18VwwwXcjQ3Fou2NQMiTvye3WgDn4riKE
 hkfKf3h6+9aFlGLeyS8eT5DIMoDnv3FXZ9I0iwhJFxJLMpwY2ACg1TvvISzMs77S5wEUcUAW9d
 H9qW6y6ZKBgcgdawoNOu7iWMmNiWOMDtT4Jxb5e1bKuMEHsfWpNM1ZrG4WWFmct0BHSgCprWiv
 p0u193mMeR6VHa2jmQbVH0zV3WNRkv5mkn5YnjFRJGBMjRMScdKANvR7OO1u4pS+SGGV68d61/
 GnhSHUYReQyqsZXiPI64rK0S5hRNzfePXvWr5w1KIwwucAccUAefW1q8kqiT+WK0RpdzFFuEbF
 T0bHBqxrFj/Z87LjDZ/Km2ctw7Kgk3KO3SgDPQPuHmqNynv2rRs7hrhjDIcDqD6VPeafDfWbbC
 UnUjav8AeHfn8qsaL4bl2pLcYWJT85PYdzQBq6dfjRtKX7QnmC4JQH07f1rIl0SztbsSrcoQnJ
 QHqaseJ7mBVT7PIXtDwrYwQ3esOO4RrxvLZmjI+90P5UAXrm881T9lHOeAOareXPH+8BKOB19K
 b9rFpcq0ILDPc8mp7m+S6k3fdKj7vWgB8Gtj7Oq3AZ3fCs7DmorqxQTbl+oAqJJlu4gJMKwIxT
 3kNq+HG5/7o7D1zTA7Pwpd6NBrk5vQwMv3Pl+7UnjAwwXX7tFe3l5UjBbHvXP3GnCOxhuo2IL1
 G+qPcFYXcknoT/n2pbgVZtGFxZvNbH5VOBk+vt+FZ8lrPakrcqyHGcEYzWidWS3lCxAlVPUdDW
 xf6pa6nLH/AGlH99QoI4wTwKbA45pHEirjk1asbxYZCsoDYH1rV17wyumSKVbeGG4Y6gVk/wBn
 7UdgCpPc0gLwaEwtLKMDtWhoNykVwHdd8JGCjDIrDkSW1g2zOhVhkVLo+puSVlKlccYoA6Dxf4
 PbSLRb21wto7DGW7ntj61mpKdXtxaOQvlfMCSBuJrqLfWIfEvhg2muKzQoN4CnBJHT9cVyU5hE
 jNbB0CHABPNAGTPafZriQONjqcZ6flUtqqB1SRmMr/dJzWlDaLrEUh1Qbnx+628ZNZE1s9nfct
 xEccjpQBO9tLcy7ZjwvfNQ31q9oee3A75qe2Yyzby5OKiutRMsjKQDg4FG4EVvEyfM5xnsD1q5
 bbzKHBAB9KrCJN4YMd3pV+wt8szRZUCnYDXsWSGPz7jGI+SMVVuvErXKEWuRk9QMYqXVyLXTUy
 RmRcmsSC4EAO8D2pAXxbmaIMR8w7+tVdRtkUAT9ew71as7wsF2nFGsKodDOMzHo/YU0rgULe7j
 098qW545Gaki1FIbwzeYyzfwEdvyqkyGSfaw+bvRcQLayqyEnAyaQHR6gi6/pXnBER0IGFHzN1
 5rnmlXyTGRuQHByeQau2GrS20G9OhO3H1//VWhf6RprXbXmnrMtuYsOjNk78DkfiDQBi2rpHIV
 Qjb1otHPnBZAMAdRVUQiW6Bgyis2Buq29q2nXJjn/eDsycUAOLCG8yg9zkcVCzeVIZY+cenekN
 0LqYRSHAHA9aLMCOTy5BlTyPegCxa6ltkL2+ORzxjFWbTXpLSV3Y84+XFVJvLilKjgVFMpAyBx
 QBq6prEF7bQSzA+ZJ97jpVRGjDbUJAB+U+tUywlJUdE6VteHLK3kuoDqQZ0zyAcYFAG3feVo+i
 o90u2d13R/LyR35rm77VZNSmzC5SEj5hnH14/Otu+hv/FN3gTWywW4KRqQM4/OsUeFZp5miaVA
 c9R0oAaXWa0EUWCIjuA9PeqEMbCYM3G77oArbi8Gz2YDmeLc3ygev61X1CxnnuTE8TvPb9fKXi
 gDMuIJFlBdtzHnAPSrEF0IwDCm5hw2VNRzxTWt0BeKVMnTIxj8KZ/ahtgY49uT7UAX7VH1K63o
 ERVOTxiuu0ex0nS7L7chJkm+R1kwwyPQZrh4JJDwzbVbk4/OrNpefLsnyyg5UUAf/9k=
END:VCARD

