BEGIN:VCARD
VERSION:2.1
PHOTO;JPEG;ENCODING=BASE64:/9j/4AAQSkZJRgABAQAAAQABAAD/4QBYRXhpZgAATU0AKgAA
 AAgAAgESAAMAAAABAAEAAIdpAAQAAAABAAAAJgAAAAAAA6ABAAMAAAABAAEAAKACAAQAAAABAA
 ABQKADAAQAAAABAAABQAAAAAD/2wBDAAIBAQIBAQICAQICAgICAwUDAwMDAwYEBAMFBwYHBwcG
 BgYHCAsJBwgKCAYGCQ0JCgsLDAwMBwkNDg0MDgsMDAv/2wBDAQICAgMCAwUDAwULCAYICwsLCw
 sLCwsLCwsLCwsLCwsLCwsLCwsLCwsLCwsLCwsLCwsLCwsLCwsLCwsLCwsLCwv/wAARCAFAAUAD
 ASIAAhEBAxEB/8QAHwAAAQUBAQEBAQEAAAAAAAAAAAECAwQFBgcICQoL/8QAtRAAAgEDAwIEAw
 UFBAQAAAF9AQIDAAQRBRIhMUEGE1FhByJxFDKBkaEII0KxwRVS0fAkM2JyggkKFhcYGRolJico
 KSo0NTY3ODk6Q0RFRkdISUpTVFVWV1hZWmNkZWZnaGlqc3R1dnd4eXqDhIWGh4iJipKTlJWWl5
 iZmqKjpKWmp6ipqrKztLW2t7i5usLDxMXGx8jJytLT1NXW19jZ2uHi4+Tl5ufo6erx8vP09fb3
 +Pn6/8QAHwEAAwEBAQEBAQEBAQAAAAAAAAECAwQFBgcICQoL/8QAtREAAgECBAQDBAcFBAQAAQ
 J3AAECAxEEBSExBhJBUQdhcRMiMoEIFEKRobHBCSMzUvAVYnLRChYkNOEl8RcYGRomJygpKjU2
 Nzg5OkNERUZHSElKU1RVVldYWVpjZGVmZ2hpanN0dXZ3eHl6goOEhYaHiImKkpOUlZaXmJmaoq
 OkpaanqKmqsrO0tba3uLm6wsPExcbHyMnK0tPU1dbX2Nna4uPk5ebn6Onq8vP09fb3+Pn6/9oA
 DAMBAAIRAxEAPwD8J7JbO8tYo1tIFCDLOVG5qfdaVZRwmSOFWzyAF4H1rLt5WViMhdp6HgmtKK
 8O3B+4Rhx6fSgBI9FtjaNN5aErwRjilSys7lFAt41xyTtqc2yJCVlY7eqgGqv2jyLcebjZnGPW
 ncdzT0+w0u5eQXtrGiBcIyoPmNMXwpb/AGMTSRRbH6YAyPwqK21GKdfLBAVfu+1SQX4jnjKFsp
 03dPypCKN9oEaKSkC7R0bGKpnSlSPdHErZOORXV3Ouy337sCLB6kpx+FY0t+VfyrgcbuCB1oAf
 oMemrcImq2sZX+I7ATXS618PdK1DRlvvDEaMq5LoV2nisx4LVrUfu5BOePaum8EQS6PY3HmFXj
 ljKhTzjOf1oA4mz8OxvMrLbW5RD8wbByKg1LRrRriRYY408w/KAMba1pRaWt/Ha6a7CVm2u7N8
 lUPEujzaRekzSK6tgqVNAGNBZJauY5Yon92GTRJp0ROY0Un0A4q3c2odkaYOMjiiKL7NIDGcj1
 NDAZBplmmWv1xnoFHStfS/DFpewqYoYm3DutZ8lv8AapdyOqk8EVteEbSe3KBSrDrQBT8S+Hba
 wiiWGCAPjsuMnPesqHS4JSFlSMP7DitbXbvfrkkM2eGw3p+FMfTh5X+hr8w7t3oAhOhWu8MkMZ
 UY3fL0Heo9UsrN5FFrbxKmMBgoG41fWFra0Acjpzg9aoXjtgRoo29vagCoun27kbY059qnbwyk
 skYjRArdTT7GEl2UqMr2q/JtVU27iR15NADdK8DC/wBPle2iicxNg5ALH6Umm6FZ/a3ttQt4g2
 Cqnb0PbJ+tamn3j6ZCW0nILfeBORWVfO4dhLw7fMW7560AZuqeHf7MuTFcRpv6qVGVx70q2Eci
 QwyW0SsPvOqjJrUtb6S9tHQKGeMZYuM8VUs7gRxbrncy9mWgB1x4QtTHvsQWkHJVhhax3tkhug
 HhUkfeAXIFdPZ3v2uxkQ9G4jI6/j+tYun3r2Fy6yxeb2Py5IoAqXenJ5xaGNNvXH/1qcLSGeBd
 kSg9CcdaswC3be0pfexOMnpn2qaS1KQkQASKoydvLCgDNi09RKTNCuO2BxVjSobc6gqXMERQHk
 leDUscu9VADbG6qOWAp11bLbptkjlCkZRsde9AFi5sbO3kKfZYTnkHaOlVbuO2F5thtYcADjaK
 XUpHj8kuCo2VDFL5wLeg696YFwQ2z7Qtlb8HJO0c1Zsr7T7a9kL6XazZ4CmMFRWfHdkEgjGRjP
 pU9raP5LSPj5h2pAWdQ0+z1KdG+y21qvcRqBn8qXSvC+iTu63ssqyE/IAuR+NQwSrGm1g+c8E9
 qiSQW9wPNYYPOR2oAW68GNa28k3lwGNHwvzDJGfSqM9nHBgm3j59QMVdmma4zIjsUBHy5OKp6o
 8s2BJjZjjAoAro/nysbgYY9zWmLPCR+WQQwyaz4k2F/Pbft/GtKxvUeFN+B2x+NAEptsWpZSdo
 9etZe8su2X7pPFdULeOazKqVwevNYt7pw5EA5HIxQBQA8tAIeGz1NWIJvJlhW5OQBzjrUMR/eN
 9pwoXjB4qQ3ERJeYcy9P8AZoA0jf8AmybVxsHAFS6jp63ixmwjIwOfrWfaou12GcDpmt/w5qJh
 Xc6hh2GM0AZkHiRpblVlG0RjGMdxXQ+H/E0Rm+bjdw1crqEHm3EksY4Y9PTmq0cskc42qUOfpm
 gDovHOhLBOZ9O+aEnIUdRWQZft1sgum/1Ywua3fDfiFDL5WoEPEwxzzirPizwTFPZC60kYUjcA
 p4NAHPSq91EoRS3061DHD9nb94Mkfw020v57GbcCRt4IIqzNcedIH2jc3JyOaAIYrRZmJxtNdB
 4fkGn2hluBgBR+NZ2n2X9ozAQD5qvaxGbKIRXkuFU4C96AMDxBKZdQkuEUkStuUegpNM1eWScA
 kqpHTHNPlwbjMzExZ4Pal1PS/s6+dY/6vuwPSgC9G8c0A+1xEknrnpUVxaeXNm2dVUfjVazvEZ
 AEkMrccZzV1YYyBIhJP8SZ6fhQBSmV4JfMVT+96UJdSQdcMO4A6fjVmTUoJiqTOMJ/q+elRyQs
 0TtaxF0PVhzmgCzpd55r7YI2HHPTmrV0sDTF7gnJXGO4OKyNKgn80NbFhjoBzWjqdg6SISPmIB
 OaAKVnI1leyhsMJOD7CqOqRtZqotjiFulWrhsSMshKH1ogsZbmF475TKifdf0oApabevHIAhCY
 Odxp0t59luS0I+995uxqpdRyWsrqmXGeCR/KrVlZfaogqv8AvD/CaAIY42kV3K5zzn1p9jNLp6
 u/A80YPNWWsJNPAVpC4JAZT2HfFWJoVmVVjhVkHTPrQBPoi2wsoo4APtBHL+tP1mS5uVEFxgJG
 NqH15plp5WmyBriMRsowM8UybXTNdbrpd6A/KKADxbJAGs44FIPlnd9c/wD16ynt/LiDW2SR2q
 a5vP7RnMs6BNuQMd6jhkAUb2K8+tADYp0fhj8w6itCyQ3CFYeAOoqi8Uew+UMuf4u9T2NwIW+U
 gMetO4FmS6RJ1ik6HqxHAqC+gimUiA8DvjrU0kcE8ieYitu+8c0+bShaWxksSZoM4b0SkBTgha
 0cq33Cuc1SvrrLFV6jpWqbuGe1HnnDdAKy7i3WSY7OT2NNAMulWSV8ZDNzxV7SlbaFjClx69Kp
 ww7W3ct7jpUtnNJHd5UjZnt1NIDdt7h7NQ7qGfpt7VR1XVEhdhEpP94/4VpafexTy7ZlbBGDVH
 xFbQh1j04HaOTkdKAM5ZVlYso3E+tVp4w8gx0Bqd7QxNu+6D6VDIoVySxAx2NAFyNmli2pjYBz
 61paW3lWrFS3BwP8/hWJbTBFJy2D6HgfWtiTWPsqxraBHyOeBg0ARSoLSTdIepzz0606exTWyQ
 GMXljORTNT1B7+ECZR5fHzDqapfbHjbFkTsIwSTQA43ptyyS44Paun8N64Z7Bre4YlZBtU5+7X
 LTQbjwN4Pb+IfWn2lw9uyrIw2Z5HpQBv3GirHc7LxWVZOVI71FNp7WDgQYlIIGD6VvaPdi+tlj
 b5yeAzcn8DT9YtbPSpVhDM87jJ3Htjnn6UAUIrJreD7Si7MDoKhv8AUxqtpGt5GqIOr9zRfLM8
 ZFgZGtex2nGe4zWKN8rsDhYx2JpJ3Atx+HxcRSzWcpcL/CRwaj0zW1sQy3cSnsFPSoYJpbIl7d
 m8tT8wzV7+0hqEO1Y4lQ9cqMn9KoCp9kW7kaaxU+Yx+5j5etWrb/RGxfr5bkdulW7KFILpfspD
 bVyc1fjNnrLtHqOYWP8AFjGfxpAc/e6Ql/GzW4AfqBWfpupS6Xer5vPlHmMjg10V5pp0u4JhYN
 GvAYHrUn2WLWrVo41AvSMRZAC/8CPr1oAvafdWOuNG+lqDekY+zg8MPXPX/wDXWZrFtcWNw0er
 KElB4Rf4R6c1BpqyaBdbrnEcwyAc4x06H0rQS9a9jUTgOXPzMwycexoAw7u1jYb3zkU3Srtgdk
 54PFamv2C2pDQbWjcfKCeSa56aJld23YA6ZOKFqBrXGjjULuOKxKuZOTn+H/OKwr/ztOvsuCrg
 7RgVLYapPbXAEW4EkHJNdBNBH4gtgyhFmXuw60AVpbT7VpiPJ94jLetQWsDRSIYz8mec1c0+1n
 exdrw7GjJXk/epsFtDPG0bOdw+b5SaAKWsXA+14Y71FQi5S4RvlAC8A0y5hHmHarhvQ9BVGSQx
 sUXPHX3oAmDCJ8rzgHg96gQ+ZGWbg9vahNRG7EnalkkF6hEXyD270MCWF3aEhdue1OsmNnMAih
 /rVaBgAUY8561PaubdnMxJXseuKANhIY5Assp2v12itZtAgubEi2nb5xuKYHWubstQaO6SVzuj
 TqpPX8K2rXWLRF8xZJPMfjAzgUAcxcNiaRSpUocc96sW+yNgZCMVF4lvJdRvTOYkj52jbgZ98D
 6VWmlY2qCUnJOKaVwCzviibANwYc8Utkdl7tbKhjxmpUspvm8tgn16ipigSEG4G4pxu9TSA27G
 eFbRlGGmP3cdhUN8GEP2hV3JjafrWfpU/wBmuAcZLA4/Sr1trkarJHcRmSEZO3uTQBmrcbZCLo
 DZ2x1qOHSiyebJIAPQipp4kmbzI1EQJ6GtCxsoHP8Ap91GB2yDQBlSWO+M/ZsBHHzZ71XkfMIW
 NgGU9vSt3U9Nt9m21uonz0Iz/hVCfRkjg82FhtHDGgCuZ8EMjDZjBzSZ8pAwU7XbGT0pWtEjjA
 ZgV4PFOml2QKqkOoOcU1qBNYRSrdkrhw3BIrah8KwXoV/m3PyVzyDWNp999kccgZq/ea7PFAGg
 ZlJ6EUgN23thpdi4V1Eucr7ev9K53V/ER1a/MkuWdBtG04zioLrXJ5wDK2XAxmqVqmZ2YPtHJ/
 GgDsvC3i0ppr2d2ishyFAHIz706bRLNdOPnErKw4y3NcvZ3pjA8o4kB61o3OpSX9nbx3QIkU/M
 woAj/sGaPzFjlWSJjk46ioYYwqssjIHHAHpWm4ESN9nYDIFZV+I7uVI1wrY5b1oAtafcvb3W4M
 M9Nx6U/VZpNRys54ToU4zWKXaDKrJuC8cVdtpi1gzs43HNAD9N195bdYtRIUR4wD1NX2KuA9uT
 huSQelcsZwzq9xyzfezV/SdXe3m8pXJhkPKkUAdYZk8RywjVVJES7U2cE/WtA+HDHohuY3Uxg7
 RF/GeaPBlxaawMW6rHKnAU9SOOlX/FFv8A2bpzTQk+cpAAz93nrQBx+r4c5CODEOA3Y+wrKu5V
 1C1GFKznkk9K6Wzv49fs8Xf7y7DYMhGNgrmtX0s2t66WknnKvUp0/WgCnbrJFdot0NwJxkDFdD
 Yp86oMjjIArJivxbR7LuMyEjKitS21MW8auuW44H93/PFAG15aXdr5Uv7uULkA/wCFc+Yvstw0
 at8+eoq/p+rm6vRJMNwIx9KranYySXSyWEZZHOCw7UARXFyj5STAk7ntWVf2gALLyfUVoataLb
 fLO2SO/Ws2c+VwhLK3QDpQBmz2xAyCG56d6uWPlnCkFcjoTzUBkMc/3cZpwn8oZkDFs8HsKALN
 1apDIHOeaiLkRkMOtSXE6yxAsRUcdxldswIJHANMCuJW8xQgOP51oacWPPGAeRUUOIZQzDhecd
 6mbIcbPusM0gLmq6bHPohlhDeZuH4c1zzF1+RsHByDXTae0s0IhjjZg3GPWqOs+HpLCTbNGyb+
 cHrQBZitjPEzW/LL97vinw2v2m2aORec9AKXQbswygBBiX72TWxfaS8kiGFQAwz8vWkncDlbqN
 raT5cjb/n+lMGckx8kjOa1tU2TxkPkMpxyKyrhJ4WaKIDbTAkgvIp7URzgBwe/BpZYrd4vmZWN
 Z81x5cgBXDdzVlIvtUOGIBHpQA2aEROpR8DsB2q3bvG9iySzEsTkLnrVMqViCZzt7nrT7GBVuQ
 RnODQA6Q+Sx80A4HApEJB3BAR9K19EmhkvCJ0ZsKe3tUc8Mc1yy7cpn6YoAzoUiclnYYY8AHpU
 l8zRxqpPy9qtC2tULgSMAvQ460lzIl9b7YiDt4GaAKMMQlJ5z9Kj8gIW5yKnS3Crlzhh6d6k0m
 byZT565Q5z60ANtrRpPmhzWhbwy7DJcDhhwMdKlt7aK+gb+z33yKdxVuMCqaz5cqGYfWgB6yu8
 rBB8o6Gs/UpjGQXBGPTvVmSfyImyepqrqjbIw3WgCDz1ib9yOTg4NbVlNBJYvlVBHt1rBaPzQW
 U4IHSn2FwRJslJxQA6e3M0O4oAzdB6VXR2iKGQENGOK0ms1eAkFjF/BjrVGaAo371smgC7pety
 2kwl06Vo5AOWXmuwm+Itv4g8Ota30aWlySAJQfmkP/1zXIeG4Y5SVBB3evamXGly2tydwG0nKk
 HpQBZ86fRbpBLI252y4PGRWhO8Ml1IbJhHn+BTnNU9O1oRwvDqqhB2lHJP4U6awb+z4JdKbzdh
 5ZurDHtQBat5LaRHiaOP7QejEZKD/Oauy+FI7W3Bsroyhxkq3QH8q5a7ujM8nWOQnBqTR9burC
 T98xdR60AbbaHc6ZG3ymJsZC/3hVnw/fNIXt7hygHzZp2oeIBqCxzqfmCgEe3+RVdrmLVAEtf3
 bxfOW/ve36UAV7+7DXMu5Q4/Os2e3eRWkiAGOijtWrPodxfQmeNVAPOPWsppJIpiJxsKcY9aAM
 wRyTSbpflx68VOYvOXb97OKtXAiZdzkqT0AGc037BIIRLHjsR60AVprZrZwGj4qTY0xyRj3PUV
 MJDduFfqvFRzxJCzrCzEr60ALEu+YI53c4qeGB7lGCnBU4FUopTBLvfk1at9R2sAMjNAGtaXsn
 hy2FzPHvC46jgnNQ33imTXrkz3oVFAwo9Kfrtq03hAzEfJ5gyc81hWM5hhKrhgT0NPcBySP5g2
 uVI98Vp6X4uuNGlyzCQIQR0bI7/1rNQxqW+05J7Y4qK5ZYUP2ZCW9TSA7SR9M8V30X9nMFZwWf
 cNi5qPWPDtjo0pE7O03U/Mf055rmtFmN9E0DEox+atPWbiW7lSO8Ja4jQbcDC4A9PXFADYtM0+
 6nc3u7aOm3IP6Vnak9tYt/xL/M445zTIbieOdmWNsE46cip42EkyC4hYx469KAFsrT7XEJgFPO
 T61s+H9PD3XlzxnL/MDtqn9pghgb7GjL/eJORWqfEnmrA9oFRoxjJ5BoAp6NqDW2pzRXtuyIAw
 3FMfrVS4iF08pydmeCDxWvqeuC+Ro9qglcMw71mwReXD5aAlFJPPU0AZ0cEsbkSZKH15FD2xJJ
 iJVj6cVfnzLGEXAA71PFpDPaebE6/KOh60AYVws8TBgrFe57CmHUG25RVJA7AVozzSLbNvX5T1
 AHNY/m/ZnPlqwDetAEtvqzJNu3FZBwQBjI96vPqkd3mRtokH31UYx+VZqWruxaFl+frkZxT1tv
 s1ujJgEH5mPR/pQAXl2S371XAHI+Wkaf7VD8hGR2arKySylRccQ98DmiS0jifdsdgeODQBQd9x
 3IBx1xTYlBm3En86sXUAwPswKg9QeaBErIEj6nrQC0NHRtUjt0K3AHzDABGcVW1fTzJL51jyOp
 z0NVooispebBI4wK2YFEthk8qR07igDAgJil+TKtnnHFaP2h5yI3ZsgdSfaqd2P3im3BGM9akt
 sjmRgCOaAJZrMwR73A5PT0pdMvZtOning+byzuVDyh/A8VHczSzDPy7RwOKgiuHEewjKeoFAzp
 7TUNM8XXEw8RhYNQmP7ny18uNeOM7cCtMfDiS8uY0tDEYghyynjPbn864htP8ANhLIehzWzovx
 DvtFsDB9+PI4I/rQI0r3wNc6DO0N2VaQqW2q24YxmqFhYRgE/vkkDfMGBBP4GrSeJ7tZd6SxvI
 fmK4yQP84p0XiyC71gS65G00zAKGX5Qv4UAbFpd28WnIsBLsDzmub1+AXt1LJEoQqfu4xu+lbW
 sWgs4/NsCXjPIbqK5+5kklmErDD54BFAGb5cjybCrAnnB6ipEvXil2sM4GMVpFY7m4UNmNyOWJ
 4qteaM0BISVZe+RQBFHC2/zISgB69KlIVhIHA3HuR70lqotlBulY5P4Vcls44k3u6N5oyoHb60
 wM6O1SRir5LemOKv2vhuW4iLg7VA6k4FTR2ax4aaVIwR3HWqGua5PcQm1WRBH6jqaQFzWbE2nh
 zynuIi+8HaHyKweJSEQEN6jpVcKyOwcMVznOeKmtZvOPDKuOKAJbi0JYFf4eue9IW8sncfvdqn
 lvVFyFyu09abI0bysMZx0oArC4eCTcgbjuK2dNvE1N1M0ohljGQzc5A7cfSs6aweWAk7kTuapQ
 ysIT9mOSvG49aAOkvzLMxk06QNuG1l7j3rPlnnJAuGJij+nNQ6XqT7wEYqyn5v9utLULaW7j32
 1uiEjLqMkKKAIotbghb/AI8hKGPIBHNXLG6t7uzk3RLbKG/iP+Fc+8f2d1eFztzyD2q5p2oCFW
 RoxOX52nPFAGgLyC2lyZFKdB70r69buxRJBHjrnvWVdeXLE7xE8fwnoPpVKZUnQPkBhwRmgDq7
 a9tLyARWiiWYngL1qG4gurJ28+NowO2a5a3v3smDaa5WUd1HNbC6zI0KSX13JO7D5lbHFAE4V7
 pi0b5x1GazdUtXSM7v4iPw5rQ0/XrcXX75FgUdxzuq/qFrp+sWRe3uDkc4BFAHLRDY42ycd6uP
 OXiiV+RGPlWnXOg3IQvEmIB/Ft6/jUUEZmMcgydvzECgC1G2+Ly3YAvyM9qY88kaFcmmp807uw
 PJ4FS3do+Fzn5ulAFVrjbgS8Z4yah2C03SMffNWZdPknVAiluQOnHWmX9pILvyY13HHK46UAVr
 e7LSyOCTmtjSiy7VijLeZ0IqO08OzPIUiTI74Ga6bRP7O01Fh1KYJOv3V4BoA4zU1lExMrkbOA
 vpVcSifhjgrzmtjxPp7pO7SggOcqfUViy25hG5fSgC8rrLAojbd7d6SexlEgwpRfTNV7e5LFBb
 KAwPNWHeX7TguxI7GmBPBExhaNVIJ6egqOVknO1fkx1J61aj1gLCUEKlk4LVWvozC67kCFxkD1
 pAQ24e3uDLC3z9CR3H/wCqrczJdOGiOxvYc5/CocMYhtUBj3xU8QjkXbKPIZOjqclvzoAu2HiO
 60xPKvd7wY/1fGBWnJo8WuW6y6XIPMYZEAzuH9KxISonAuzuRzgk9qtR79KmMuhTt5cRyxznFA
 DLzS2tMw6pAY5OoDEZ/Sm20TQQ74YwVQckGtMatB4kUpqreVIRw5+8aqXFjc6bAsbD9yThWz94
 UAOmmjvrRCMJjOQRVS0sD9pLyABM5Of6Vdtrdn+RUGcZqO6uRBG0MuFI79KAMfV7r7ZqDI7koh
 AVT6U2eJNimJQOuTnpSXFussrMvBz1pJov3YUsR9O9ABblRncQ3bAqY2EUwIiAVqr20ojfYqZx
 3q9bSKAGcYJPIoAoq7OCEQBffrRDGEcleM8nNPjuGkhHmbB74ApvmxltsuTnuDQA+SFEjDwu5b
 uD0qpLL5vMg2kEdOlXECMAyZGOMMePyprQRI5N0rt3BXO326UAV4b0Wt0pC5HrXS2Wqq9zE7jc
 O+OhFc81kbg7iMqeAFHSpLa8eymaNOUIwD6UAavjPQYYybq1bBmXcF9O39Kw4iXdDKcEDAxW3q
 7NdWELISdiYIz71kz6ZNZNHI0cjqQfujIFAEtzAtu/7vODzmqlyzNyAo9vWp7uWSWJd+AMjjGG
 qOWCSWRVVW2+uKAKskpWU5TP0p8c+ExsPPNTmCVD+5U/QrzRJHJGymeOQc45HFAFczh497KRji
 rWlEsAudvII9znitEeBp7yAPZvEVPJUsP5ZqCO3j0yYDUNwliI6dOPpQBt/wDCR3Wj6eHFujvI
 do3DIX9KoHXoL6J11CJYZAONlaWueIYtY8Nwx6ZHu2MdxVeTXKG0eaXKRuCeuBQB0mn+HRe2Ye
 zeMqRkFmwfyra0rwsIrRmvZICcgDLVw7xXFuFd2uEQfeAJAxUkkjSxh4J7gjPAErf40Abvjq1i
 0y4SKByCdrfL+FUI7SR4Wc+WzMOCW5qhf3Mt9cCV2ZiihRk5qpdTSBgRI+R2DnFAFw2k6AqJZM
 juD1qncxzyyAkPuiP3ieT/AJzV+01R7a2RpMZPVmGQ1WVuTqLDCptcfMBwRQBEkst/YMCSTH8v
 JqtJaoYQJPv1o+ZDZKAo+UnBpmrCBpRNp4/0crgZ9f8A9dAzCdGgkOynxSus2xjkj+L1qW5/fx
 Yj+8D+NRWzR4fzCd2O9Ai0lzI6mPaMOcZqW4uI7rbtJ3IMc1XScKqncQT0olPlKWfBz6UATKjS
 DcmdoFWtPCyRkzckHiqUV0623lKVIPzHHWp7Ic/vSRz0zQBcCqdyT4J7YqC3uZdKv1a2UupO7B
 6H2NMglMUsmcnd0Lc4q3BmaMBiDjr60AWJRBfyb9P2RueWJ6KfQVLHqMdtcEysxJXayN0x0yKy
 WihWQBdwTOSdxHNbzWEF5ErXhX7QQAMNge2f0oAnhs4rq2kksHwirkg9SfauXnJnmL3AbL9jXS
 RWh0N28x1cEfMqtnA/Cs+70+O9/fWRIb+76fhSTuBimbyyyKDgnipLk7AML1pZbCWO7Hnjn26U
 6ZykRL+veqAryuvm/JwfSk3mo2AyHyCT6Ux5pLU5Gwg88gGkBPNAILUO3KmooyjL8ueegzTvPM
 sRjG4qBwKrW1sxJZzsIPGaAJbmfp5q7MZx71NZawEi8qZSyHg4NRGLzCPtB3eme1R3Nutocody
 d8UAaVtqEUDlI8/N3PaqV2HtX2x4lIOSwHFSWkEFyo+cD1BpbmNbNdkh20AMh1UiJ1c9RzWj/w
 AJa1vYiK1RmRvvetY5gDENxgnpUlhN5TiI4O4845oAmu51lXzFDGQ8jnpTra4uJkBAOQavXvhG
 8tIhPawvJAfmY9gKE1COwgIiAZiO3rQBV866T52Qsw6YrXguZNTs0WSJ8IPnHr9KwZNamNumZS
 pPU4pbPxBeRy/uJjtXqfWgDodMtnXKQjYeo3VnalpiXjMzXMKS9O9VV1ydCXkmLY/SorWwTVJT
 mQEt81AHTeCY49Mik+0SJKmOg71W1bxHHLdgaXaSRNnjdzWapGlBBG2ec4GKtQ6yZD5hjLMvbI
 zQBfutWC2ajV4ywwN2OM/Sql/JY2kKGzU/McnBBqlf3Lam5e8lKMv3Yz2FU4VjgzsGQ3WgDa0y
 a0u7kxzgqCCcn1q43hizkEjRkOoXcAOua5Ka6Mc3ygEVb0nW57ac/ZC4Xuo5zQBBeZjcwuMxRn
 5fUUmnySx6kv2cgg98deK1LjT31pTLpymSVuWiXqv17U2GzFgFBUCVOo7igCTT7cnTp/ty5Zny
 CvGOKz2uwimOY7geQB0FWY7tzu8xiqk8A96qOvmyMSowOc0AVpkkgk3uAiP39KkjtonYtnO4cK
 OP1q1Z3K+X5V2N6OeM8gfWiewaxiKhDsAyJB2oAk0u1juAwniYshwoB61FLZfaJDv/AHWexpul
 XRNwpjkP7s8nu1Wd4uC7zfezxQBTjxZTHzlMigbdy8UpYXEv7nPvk1aNqbhDhgARnFZMCvbzuW
 Zgc/nQBo2l6qs63AJA6VIsiG4DI4jXP8XeqcbrK5JH3xkH0pWhWVR52CF6UAa8kUd7H8rD5f1p
 5txHAfNPasWRCjgh8D0BrV0a+DgCdfM3DaB9RigCml/JFPyB159xV+C/wfNHAbtUN9orxO3k5d
 hycfw1XmT7JarIjb1k6U2BcuNSVGDSAPu6be1QTXcO0CVSwbPA7VRtpftEmxW2Mx6HvUv2V1J2
 jkdaQBFJB5jBVYemetRyW6SqTKCfTFNllCHBX5vWkLBPvk4NADTG0ePKB5qdLN5NjycqvNQIpZ
 AFVj71LsaJQBuGaAH3aCVwycKODUMsZgJjxv8AXIzUs0DpHhmBycjmgOd37wdRjNAFETeTcARA
 bSeTViApfrhjufHXNJNCsUu18Z61Xit3Q5JxQBdW0MYKyn5hSf2BPIjS24I29T6f5xUMMrs5HO
 F71ooVmtMyu3ynAAzQBqeCfG7aaPsmuYkiYFG3HseKq67YQW2rSNpLCS0lGQ5GSh74xWZc2Syx
 K4OZl5x7d/0rV0K+j+xPFOu4Pwpx0oAo3OnFreM7AR9Kp/2eYpxtyCx6VoXdg2nSlQzMh6UxJd
 jqSpKgfN6mgCOLSZGkKyYw/wCn+c1YltRodoWA+Y8Z+taPhWz866DQqxLdmq34x0ZbS23yY3Ng
 kUAcZcSyrjcc7zw3YU62meOeTazdOhrZ07TYLkYvSFVfmqveQWkDj7CW9zg0AZs98wbO3L8Zpv
 mGRsyZQDsO9WLu0EwZojwMc1DJCrsA5we1AFmGVZLc7Y1bA6nvU1gIyNzgxtnoKr7INgHO8dx0
 pJ3AYG3UnHegDRS+NpL5lsxh3dQverj38OtL/pKCKSPhWU/f+tYEt98xMnC9qgludrrJGzFl7D
 vQBq6pYNGdzHGO3aqS33kEBhlSME0+01z7OcXGXRupJ5H0q5fafFqNuJLLnofmGDRsBmJeDzME
 ZGevpW7o8sN/bzLqTBML8oB71k/2YYh83FQRqbdtr7sDv60AX7jSo4ZsiVo067hj9anuNHeyjV
 izMj8gkdaqQyi+UxjO7O0A96tXDz6rEFucp5HygUANGEQKjDJGaqzWbzgyn5QOPY1p2xZtOaGN
 VMo5BPoKqxa1NHHtmij+Q4xkUAUraZFiYScMOgNMf76CIZHf2q5KRq8arEjK4OTsGaki0oKwAE
 hPuDmgCohEsqq/O6rrMNMj3AEdgfQmn3tqUgEcaYz1JFMtLdn0wpFGxYHhjQBa026M0XM2WQ/N
 nHzU6Yw6tCPt6rbpH0CdvzrPtrZ45ceU4cHk9qtzW6XLOjqwY9+1AEa+HWun8zR28xU5LAZx+V
 LaGSV9jrkr145amvEY4hGkjKMg5XoPY/571vaHFDr95HHqDMkoU4C9G+uKAOevoo5iSBjBxVYw
 LdRkL1XtXSeK/CdzpkjRMqyJ95SjbsD3rmJbUwoeuGOCfSgC9eWc9rcbbdA0KHPmhcq39Ka8e9
 DkBS5zk1X0/wAR3dvEtuTm3AwVzW/D4w0xIEivbOaSTAVWBAH40AYMu6CZDkFcHcTz6UrtkYlw
 VHIwOtb91olrqtuRZSL5h5EX8VY97pc1jKAqZ2jB/wA/nQBRJhubjE4YOOnNMC+S+DzmrMkIA8
 19wPTbjmqwfzcM4w3vQA9mbYwgIz/ENvSm2t+6jZsYKeTkVYjn/eqwGAOp9aeW+2sdkgVf5UAQ
 LKY5MHGferNv+6IMXT07CmyaeZIS1vtmkUdQKbZ+akOZoyqMe45oAvRzjUJPLLgSds8/zqyPDz
 wETagy4U8YwARWMbcwNuDDePenPrbXEfkTn5hwrdqAO709LPSbbzlZdvqD0Ncnr/iufX793uWQ
 rGdmFGBjpmstdQeFRHKx2Nn5f73+f61E7iLCxDnrjvQBaubtNypAxyRzg0q263DMsJIzzyc1mw
 yDeSD82e9XIGUIrSyBNw+X2+tAD3tSpcFvufrVZbdL2XbnDdjnGKnhs2nkYtcIEJ6461HMiJIA
 pBVe5HWgB8mmtpzDzSrrkZYU65mRGYoBgirEkCStiJlC7c5IqjLNsYhtu0d6AKkshbAZcAdc81
 Gdwb5SD6cVZjYy5WXBVu/pWppnh63urfdLdxR47MDk0AYjnhehxntVq11OVANuTj8q2/8AhBZ7
 mwkm00CYKQBtHXrWe+kTWS7J4zE+OQ1ACQX/ANrkC3DD0wODV280KQwM0jxheueKdZWcCrvkjY
 YHUHvRe6jFLapHtLKeDjg0AVrDQ5xdxuhIUEMHx8pH1roZtH+2W+dPIbHDMOcms+81YNoqWltl
 FKhQD1HNP0e5udHsHFkcyMRkDoaALUPhaa1n8yUgqRgjPOO/eq+reDkvHzoQYIB85JzzW5HBLq
 WmCSWQJM3UEdB3/Sk0S3uNPmIkBlgJyXAwo/Ci4EHh3QYfDsfm3mHklGGLdFqS91HSYpvMw0jj
 khTx/KqXjLUg8hihYiMn746H6Vg+QYxuV9vH1oA3xrem38TNe28rqp+VUyD+gpbTU7O6ylvEYo
 EBPzjDAjp2HeuUk1aeyfNqMH+8BTrvVhqEAMuPO7n1oA3X1Q3U0klp5S7OGHFZt7rj4DwxlTJ6
 riqMTiDZsHTn6/WpbfU5EP8AxMVMqdFIOMfWgCZblpEO/GDgn9K6bwZpktjcC7lUsAMYPvj/AA
 rBi0lrpc2sqbZsHbjkV20SvDp8UUZBcDp60AY+ueIZdIu3Frh0lbD+YNxAPXBPSqLrpuunyNPB
 SSM7mZyQpJ/KtWQ2uqvNDcjypQjAFjnJx0rhNYhntbvy7jcucgIe9AEUMOy5ImYgg4xViVVa4U
 FSoToc9a6DxZoEdqv2rTsHzDlx/dFcujFpG27vlPGe9AEianPpV359o7b143jqo/yP0rWs/FSa
 vF9l1JltlB3tOerd+axl3XGfMXC9896iu7UbtyYIxg0AdTc2Vrqe3+zZxIF4Uj+I1S1Hwpexu0
 kts8aL7Vg2t9JZ8REjJ+UD+Guh0TxjeaW3/EwAuFAxh260AY8yujfLkBOCOuabHcqgCxYAbrz0
 rsbSysfHdzks1rO33Y0AwTWd4h+D2r6M5mmt0ER5D85P1oAxLfWZLSYrbnAb5eKnudVnyELFkH
 OcCqUmjzRzBWyD9K6W38JtLo6TtkLzmgDHtryGZiZUDZqDU1Vl3wp8g+9jsf8AOKmGnw2cpE8j
 FR1I7VdGjRXMQa0kdoSPmHrQBn6bYnWz5NydjgZVgORWeztBK8ZBJQldx6nFdZ4ZtoNI1QPI7O
 +OB7VX8faO9rdC7ESrC4BJHqaAOcgUTtuORiraW0M9yiXLAIeoPc+1RWaru6Haxq7e6ekEZkBG
 zGVz1ptgVprUw3ku3iJDgDPUYFEzAwZRN2CDgUw3JEkezD7+xolvytwn2pVVRkADv060gLVlMk
 4aLIDHp7+1Vbu1+yzgThiHOOelElyIZl8v5CDkVtxWkGtaYs0bMblCcr/KgDCe3LzsN20L2Hep
 UQJnHI9KsX+gT29pHKCd79qWw0u4aPcwU4796AL+meIr2G1aDSbiWHOMhR1qxZXzxXBl1n/iYB
 Blg/FR6VZW1nciS9mdJADgYGO1Q3pIOOu5hz60AO1vxLDqluP7Pt47eJSQ2KzvtiSgeWuPpU89
 gsfzH5cc+1ZaSpbXRZT8tAGjjz237gNuPwrc0O48uUPOM4GBXORXC3HmJD1bB/QVZivZfLwp+7
 1oA6fVfEiwXC+UBGjfKTj14qZbi7gtJWjkY2zx5C9s4rnbCRdZiaOUkFQTke3P9KbYa1c6XcBA
 RLEWxhzwBU2AotqzH5Ls5YdFPOKmiu1KgxfvCOqHrXTL4EXxLbl9MO6bGRkYzXPal4TuNLu2ju
 /3csfUD9KoDO19yChhO3OcqO1VoZEUbHVckZL9x3q09s8a5uDkZxUDWX2i4OzgHvQBLCwkwyEF
 c4z6VNDZm7utkROCfwqCzAhuGRhhV/WtR5okjjkQ7ST2oAlSRtMdUjHzR1p2OuOI2Ly4kHQViS
 3KiYBMsW5zSNF9klEjPnPSgC1dzm4uVKSMZd4JP41oeJPD8+r6ZHLbwmW5H3yCMqvr/Os6xu/t
 DfvUCqSOfWuj0yf7OxLO2CAG9x6UAZs6vcIqSiVw3GQMisR7RVvpFkGFU46e1dN4c1hYmCXm0q
 uDIO9c54quVl16drdDHGzZX6UAV5bTzWIi4Ws6/DQEoQSpI5q9BfywxkS7WU9OOlMa3F8hG7bj
 5sn86AKcErggKVA96lFwLcYHX3NQPAHnYD5e26pAnluA/JoAu6JevFqsEqs4YN0HQV39p8aL+C
 JVnWKWOP5cOAf6VwCzrbxAIMMefpT48zEFD9RQB6hZ+PNE8YqsfiJFt5GOC0abcH6ioPF+i2/h
 iGK50xmuLOQ4AjO9s/T8a8wlzLIdxKkHIwcc1s6R43vdJi2xurxsdriQbto9RnpQBal1C1urtz
 cIVjfqu3FRMNM8zbpplViehyAKnuU0/X4N+ixtFdR/67e2fN+g4xzWPcWzWFyDL8gP3Qw+9+NA
 GhqulSWzpJHt/wBnBzj2NejeHLG28f8Ahox6/HsmA2DHBGO9eTrrksUTKSOD0Par+n/EnVdMRV
 sZYgpHIK9u9KwEvjn4eTeF9UY2Jie3HI+bJFc6b6eMkt909j2rsrTxpYa7bGHWYpXlc8Ord/yr
 Ou/B8gEjQul3Ao6RjLL9cGhaAcu0skr7mK8HtTjEAcMMk881Zm0l7JXxg7uQBywqqzysygDBPr
 1qgHSWqzANL6UunXjWBOxWKsaZcggbu4HSlindrf5ANxNIDqblPteiWrESNC2fujJ7Vd0bRY7K
 LfZswWYZYSdT2/pWJ4Q8ST211b2krIYj8pBFdd4k024ht0nsdpjA4AHNAHO6npkSs2SwPase6i
 eJcSYdenB+atGbWykgF9G2cHviqGqMxiWW0GFyCSRnFAFeSN4yGiLE9we1QXYEhzMo+bnAqaC9
 YzbpSGY8CoL/ACwDQ80AV1mxdJwQq9h1qd71WHU/QdqgDO0gJAyevFE4WI8dW60AafhzUHt5v3
 ZAzxVzXNFku/38Odg9KwbK4ELA4z+NddourgQKJsMv92gCr4Y8Qy6VGUmkdLcDjn5/8a6vS5tM
 8SWTG3kkaZeP3xIyfxrmPEuk/ZXF9akGCY/LHj7tZy38tvcxSwnYw7DpQB0viLwrIigwhcHqAe
 KxDpbmcgJtKjOfStXRPHgjlEeuAzZ6bf4elajX+navE4gZIyQcFmxQBxd5ZPG+9iuDxmqitHGR
 5oO09M+tdDqmjNsDl90YPBHSsJ4N7uH7dOOtMByxj+EkE/d5qwYGkUNu+VetUgxVz6gVNAryx7
 Y84J5PpSAeZWjG8A/Lg1sabqn2hF8wnniqPkK6qk/z/TilaEWo/cgqKANPSbRba8zM6MXGDzVP
 xHYPPOzOOVPy471R03XmSRXlQEHv6VstqaakgJKhh0X1oA5jBjYrP8uTkA9TQ0qoxLHqPyrQ1+
 z6TMu104x65/8A1ViSsVc5GdwoAseWbkDyQWC01QVvS+5WGcbe9OguTFZqIjhxnPHWnWTCO6Ly
 KjPnpQBDfs4n3sMc8Y7VPBKWT922498U7X0RCjRnJmALKP4aq2rtA/ycBu5HXFAGkYg0GT8rY5
 J5qIw5jyMORxU28zwAou5jxj1pnktAzCUlT1xQBHFP/Z8wdpNsg6ccj8a6jQPFNjqdqbfxJbvP
 M/yxTE/LF9c1zsNsJ1U3EYIP8VPe1iicCORsnnHTBoAtat4ZmS92Wn79WBK7aw0ia3uXW4jdCh
 xkjvW/Z+KLjTZFd4hKwyAc44qy+nwazpxEOPNdvMdx1UdTQBzbAbSNyqGPf+lWvDPiW58IXDtZ
 zOIpRiVVON4qS/0ePcG04/aYV4Z8YwaoPGJrgq2AqnAPY0AdVdwweJLX7XoxSKfbnyRwzn61zG
 ooyMzsreYpwQTyn+P/ANap9NvX0S4DQtzu7dhW/rel2viWzWfRiPtCL88a/wAfuaAOQEvyDepI
 OOamtbFJZWKzrH7Gpk02QRBLgYYHkDtSTaf5LBgM7u1AEVxbS2aiSNfmxw3St7RfiTLFZi2vUe
 4VRt44xWJDczTzoLoFgvO096bMomlkaJfI5ztFAG7Jqdlrcm2WNYHA+82CKidbiCAoVLWzfKoH
 Oawo1dyGO4bQcc9frWppOvSwQLDcDzQSOvbmgCjcWBQsqDYwOTmo44BdAZfGOeuK1NYdZLjzCd
 u8dAKzpLYQt+6OKAK88ciXREQ3AY5/Ckmt3dlMoznPSrMU2zJxgD2zSSRmX5kYgdiO9AFWO3KS
 DgqMjrXQ6fYuUAjG3HO7rWRawNeSDLYKnHPeunVG0bR4ruTnc20g96AHxn7ZbNA7qzgcVzup2s
 2mzOl0CAT8jYzvrb1TxpZ3tgr6fBFFL/EUqpp+pJqpxeqJAPulucfSgDDfcjgxAqSPmB60xXXl
 ZFBPXpV2+tms5W2oTnpk1nht0uZCAfTFAG9oOvCJBb6jueJj8qj+Grer6XFCqvHMvHTAzmuajl
 MUmWHznoKvQ6tLDEPtKeZnsT0oAkaBVLGX7x54qOG6NvkEEA/rV2dYLi08y3fMhH3e4rMRmkDL
 OMkHg9KALcN7vXI4Iq9ZyG5jw7An1rFuWMWMAopxTzqMkIxZAuOpINAD7ZAcg9F6VqaXdRFgpX
 5h92sPzRbfKQdvr61c0+4MjDyxsYHkkUAdA2lvdQ+ZcDIPGOuawNY0wWNywjwVbocdK2E1ubTF
 +T5gw5yM1Lc2kOqaX5kXMxG4nPT8KAOSUSKu5VGM03aZmRo22k9Tird26Fgp+6hwcVAZfNmCnB
 VumKAJp7N71FDcuOI8d6pJlLlt+d44PoK0dTZLKCI2HmCZQCd33c+1R6iqXKpJBu34+bPQGmBN
 pzNDbgH7zHjPapLiXMhEvzMRwarQXG+ILcfMP7w7VZjdHj+QgMOmaQCRF7AsVBZO2am2G5t2kI
 AJ9O1V2vzM21l+UU9Cjj5M8eh4NAAIXjUeRl8/pUa6k1hGFtWyG6n+lWYX25Y8dsUs9t5tkVkK
 7Tz7+tAE9l4hAj8q/RUf+Db0P1qZ/DUWrTO0paK9cfLGg+Qn61zc0SeYc53DgVr+HNfk0u623L
 gwSDaxHLY9QaYFa80a60G58vU1VmbqF5AFWdC1k6PqaTW6qyEbSD+FdRJd2s8IikZJbO46MTmR
 B7nr2/WsrxD4QjtohLo+9kHXPb0pAd6uh6Lrekm6hkkQSRgNtQfK/p+dc1f/AAsuGUnSWSVScg
 ynbisHQfGFxpkiRKw8tRyD0z/nNWPFHji/1lFihkCxKMAocUAaNt8NNSt3bzYrYsnT5xTLvwZY
 QTIuqzlLh/vqigqPxrk/7QuIwRHcXG4jnMpP9ary3kzhvtUkrSH7p3E0AdXqPgvT1vI47K4kfc
 CcYAx0/wAar2ngu2uWZIJX3pnjHFc3DqUikfPIGHU5PFb2ka3PDe7dPZGGzGW7/wCc0AX7LRLS
 zcxb3eXrhhxVG78JeVcAbvvcVfEgudqaoyrOrbiV9Pwpmo311pMnmWmySH3w1AGRrXh6TRfLMq
 8yfcHGPxqxZ6fpmnmNddmljlk5+RQRx/8ArqO51ptT3vMwWU9iOF/CsOZHnkIkYu3YnmgDo7qP
 TtPszcWTu5LcAr1ycVl6p4hk1BRbsCEXkCqEGqz20wEWGEZGAeRxVy+vRqV2JpUVJiACQMAUAZ
 0+mvaNuuz88hwAOmaktbt7C4Ubc8jvW5rGkp/YUEsRM0nLSf7PFYogSWEF/lJ6CgDWcjXyuMhw
 OAO9Y09hLbSyKy9+pqzpM9xo90Jrco2OMMM5ropr2PxBYGK7VVXBbIXG4jnrQByUI8xSADs6HP
 WpPLIjGxssvr3pxQmcqx+VGwFHenJIgOF5oAW0jZB5nQnnH6Usnzjrg0rW2/8AeISD1x2pWR5V
 ySNo60AQBX2EzHIXpSQJ5kjOOFpLgrtIiLFvWi2Y3CFYuoNAEt4myTBBQ46Gq6OyHKjGTzSyyy
 XUm+/cnHc0+PY42RtuDcDigDS03UzdQlHGWHFSw3/2CX99lo+hA64NUorOeyG9FJA68VJFaLqN
 u0hkIlXkgelAF3VtEjvNMF1pKOctyPTFc/bwtGVeMfMRzW54f119M8yJ2IjlGzk9B/k1p6f4fs
 mi2xXsUmeP88U7gYV5Et3aQlWCsox+NR2eUnWG7bdvrZ1TRY7FXjuQsatzHJ7VkyeXbxnz38xl
 6NmkBFfiXR3MDKQjHI9xUMV0ijMnNdBZWbeJbUcCSZU+U454rFu/DF7byNJcW0qxqeeOtAE0Ec
 bI+4nax49qnKNY7CCG46Vjw3DRHO1gtaNrqPnBRKu1R0Y80AXYDHPAzlPmzzTWG2Evn8KafMMW
 IsFfamKxcAyjAHbNAFSeRJpOBg0xrXykVjyp6VLqFv5bAqwTI6dal02ZZ5VjuMNGentQBJZxXF
 tFuUZDcitDSPFrwOYrkFkfj6Vl30l7p87RpKRDn92eoIqG31gRxk3qMzqRnmgC/wCJtIa2uzLY
 fMjgEj2rNs70woyIMjPLHtW7Y3y38gkUnGBke1R6p4dS/mNxobeZgfvIVH3Pf3oAz7W3EmGzgr
 SSRqszF13+4/hqOOLdGSrk5HO0d6WCUxYaUMYhw4HegCM6TLcyZtkd0wckd6jtZZbPiI+aqnle
 m2tTStXNvcbYZyiSA4QcdMf41Y8Taf8A2dZieGMR7sAkc7s8H+dAGVJqTT3AKtjIxtrStNVy/k
 yLuUj1rAlhG4NtKqOc/wB+l+2SpP8AcKMn3s07gdJdeHPtLRS2zpCrcsD171laro72bGSFWZRw
 zHpQdUe8hTDEMg5xU0N7Pcx7GVpIf4lzSAwlk2yAoevUDpWpa2hvYeTg0mo2UM8w8lPs4HUDvR
 psFz9oYW6NKB07U0BbjvptGhkgJDRMu01VLRyyIYQSgA3HstVdVMiSlZyxbPKiksbyS1hdWUmK
 Q5K0gJpt8UgAw69iKn0/UyJdrdOmKIPIvW/cyLEqj7p4zUEUIEr+blHXJBx1oAk1O28q6VoSFV
 hk1GbZQ25TzUlvcfakIucKAcAnqaWK1cyFkQlB70AJvJdNq5I4+tBcbCnCjv71LIVcAowVhxj0
 qO2t9zkXHKt0bsKAIpbPIHlKWUjk06wgaNiqIBzViF/kKKwBHA9aguI5oX3REk9jTQErWypGPO
 Gc/pTLTy47gMFyob5fetB7EmcG3G6N8hSTjNWRpgsws/y7ouWB70gKd5dGSRcfKnIPHFXrHSYL
 61e4kfyVVcYA61lC7OrxurAKxbIHtUtxfC2sTDA/A49KAEazRmkEw+TqG9as+H7YSTeXbvu7cc
 YrIt7qRdobPLc59K6jw9pf2KUXcJBVjuI/z9aALF88MsJh1AiRoPl54Iqt5GmXUG3ABx1x0/Wn
 eMbGfTryO8VB5d2N6qfTJHP5VBoNtFqUb/b28uU/d2d6AJLPV4dGtP8AQyokHGKgu/Fwu9wlPX
 gj0pmpaSmnOxmYEdu5rOht2knZ4FX3oAimiju3AtlAznrVWSAW7OC2HQ/d7VdNjLaMjurbSeMC
 s+4WS41BjyEB5zQBcgnk2ARnJbqKZcydmZt3fFVxB+9DRkjHfNWLh/KKGTp/6FQBGLg3C5PzFe
 BTLeT5yEzlB0p1zb7wGtzt9RTNhWVQOHPWgDc0iUajbPbTgM5GE9aydTtPKk8sKcDrk9adZX5+
 0FLcFZM/K1dPpmgReJLR2nOyZDhQT1z60AYWgXYtrvy5cFXBXA9+OtGpLceH9YIsZ3BwGI4+YH
 saNR099C1ERTFTMjBgE6YyO9S+IoDqHlag5++RGPfGKALelpb+IbtA+Ldk+ZkXofxqHxFpn2Vp
 v7OXdGOW56Vk3GpCBQB8pB429a0bHXN8kX2gKY1ILju1AGakfmFfJXLN0/z+VdZYQG503yda5x
 yPp/8AqqXw2LKJJvsqbjIdwDL936Viarq8u9nhA8sNg88/TFAGrdeFbeWBHscSL/AM9DWRqnhO
 byS7KUYdfetHwkx1Gdnm3rECAB6Vu674psYbIRxeZuHBJHWgDzZw2nybQMluDVnT9T2PsJK56V
 e1OS1vJ/OhOfXjpWVdWctu/mJhgTxQBeYrOS0xAxTojJHKHspCQ3GPSqaXCTuqpnf+lTQIJ5XR
 Xwy0AaN7YxzWzT3I/fSHp6VnS2LI8Yt13kj5ucAU17me4hYbvkHXJ5qvJfDMYDNlevqeaAJTAV
 JGBuHPFSWuoMN32iNWUgjOelVo5vNUvg8HGKVollOIG4HNAGhb6dHewhrVy8gPK4qaFTZZRssT
 1GKzLWd7C5zDlS1a9rq5vU2uFAIznuaAK93po2GSIEjqefu1C8QZApc+uBxWnbQpeyCG1OB1cn
 jmi5sUuTlxgpTQFBAYCWEQbjrmmsHvDypH0qYqYGPlk56DPSnWFuz3BN2MCkB0niGK10bw/ExC
 yMxwhVskH8K5O98SPfWixqPmAxkjBNEkkz2iQSzgqn3U54rPm4RkY4YEfhQBd0gPBMGnwc8fSp
 vElpFBIGU5Y4Ix0qjcanIkKBG57VGzPdIHvF3P9aAHpGtymc4Ira0fU5YYUG7KA5P0rAEgjOFj
 fHtVqzndD8ilFkGKAPTri4h1fRrWDVAojmjwjdwPY/XNcJK6aTfubdjhDgc9a19PnbUYLW2ups
 RJ8o61S8WeH1sryKJ2AeRSUb1oApTXTXpaQMWJGcdal8PSf6UTcj5WOKz5YW0zgTKZG44Bq4TH
 LpSqj7LhWJdsdfSgDo9e16OGFba0ji3pwZCBzXOoYZp2N2u0Mecd6Zp12cIbkfIBzTbwRG53W4
 wp5oAbeWVmgY2ZYeuTVC4SWFAzjdGO5qwsHmK28jaTVi1vhaR+XfRGeJhtVR69jz6dfwpgZEcr
 PcAp92pl2IzMxLuRwamfSJZCXtnRhnLgcFR6VWc7J9mNpbtikAW9w0MheQj5ea3NG1Y2sPmWhC
 vjuf5Vk7UadY48RseW960rDS11C3b7EMzL3oAt6hpn9pZu4GzGq7djH5g2PzpPDsMV/Y3Fveg/
 uVZl+vNJYRy2KhXfcB972q5aRw310/2eZLbcuCWHX8qaA4yTeT845B4qaEqjZlVtzflV+80qY3
 1z/Z8T3ENqMs8ZAAGcd6zoZMncEwH6H0pAdDpusLZQ7Rjc3ApkFoZJHmY4iAPXpms8R7oh/Gc5
 HtXQaALbUtGMN6ApPHrzQA/TvEdsdOWD92rRk8gcmud8QXkl1cZzlfapr3QP7NujGjfKTlSKzr
 2Jmdgx/wBX096AIkn8ucBQQjdat/bWMLZKOOnOOKzdjL0PBoiXe2Cu7vQBpxC0KAyK2488Hiql
 3LskbaDtbpjrV+3tlubYC2TExGBVe+tJNOAF4PmHNAFO0meGR1bI9jU0iK23zcbsdagWYO+xOH
 7mrkMWYcNgkUAQwKGA4JC5pzyFmPlEADt61asYIgSJWA3dOKv6zosFpdxPaBGVlG445BwKAMwu
 WADAbqs6eI/3hl++Pu1cj8NFyrRncAdxb0psElpY37NMhljD4YKepoAsWmm/aIjKknlsvUnoal
 htHLcbiueucA1Uu9UMs8wt4SsOfkUnkCrOmXcotj9rkV0HSLnmgDoD4JSXSzPNNFJhdwCkZX9a
 5+K9gD+XPgDdjNTpez6ZZywwPskcZbk/KK5qZ2llPmvvYnrQATr8zE5DN1zxRbou7951anhZNY
 uUVFw7dvSp59IltXdZ1IZKAGvpLNGfLAfufaqDCSKUEkgdMkVd07VWs7oGXLL0x60+7ePUjyCp
 ByMUAV3bBGxsk1ZikV4gAMkHOKpzW5SUmN849qjjnlil3KODxj0oA6KykW7tyJW8pk4BFdxrGh
 wax4TS5JWWaEBEY9QDn/CvNrPUfJmBcZDHLV0s2vsfDMwt2ZYy4z7cGgDHv9NKyjfD+8bgYFUN
 RtTps4S6HlkjIBPU/wCcVeN86xKZmJlyMc5p/ifU5L/RYVmto9wJUyZ5oAy01DfbqZV2xnoKbf
 X6NEv2ZcHHWmPLFJYQx2ZLTL1U1EIJA+2bAJ6Y5oAIboyDb0PU1c8xLkBJLna4Hy445x06VAbZ
 bdcyZ3elNBXeCRjnOaAG2808N5syYmJ7fx+5q7tW5QCZQso/iqsULT7rXLr6k4xVi0dX+9kmgB
 lxpbI7SxqZAoGWz0p+i3txZ3AezJAHXjrWlZ26mFyzEnPC+vStzTLO3vZ1M8Yjwp6Hr0oA5/xF
 qyrIggQKrLlsdc96xpQZ5wySbu2DVnVYQ9/MJCSitxVOQFW4G1aAOm+H3iGPSbie1upBDBqCCK
 RugwOfwrI8VWsenazNHZtvs0fEb/3h6j171Elg02N65x6Gt200i18VwwwXcjQ3Fou2NQMiTvye
 3WgDn4riKEhkfKf3h6+9aFlGLeyS8eT5DIMoDnv3FXZ9I0iwhJFxJLMpwY2ACg1TvvISzMs77S
 5wEUcUAW9dH9qW6y6ZKBgcgdawoNOu7iWMmNiWOMDtT4Jxb5e1bKuMEHsfWpNM1ZrG4WWFmct0
 BHSgCprWivp0u193mMeR6VHa2jmQbVH0zV3WNRkv5mkn5YnjFRJGBMjRMScdKANvR7OO1u4pS+
 SGGV68d61/GnhSHUYReQyqsZXiPI64rK0S5hRNzfePXvWr5w1KIwwucAccUAefW1q8kqiT+WK0
 RpdzFFuEbFT0bHBqxrFj/Z87LjDZ/Km2ctw7Kgk3KO3SgDPQPuHmqNynv2rRs7hrhjDIcDqD6V
 PeafDfWbbCUnUjav8AeHfn8qsaL4bl2pLcYWJT85PYdzQBq6dfjRtKX7QnmC4JQH07f1rIl0Sz
 tbsSrcoQnJQHqaseJ7mBVT7PIXtDwrYwQ3esOO4RrxvLZmjI+90P5UAXrm881T9lHOeAOareXP
 H+8BKOB19Kb9rFpcq0ILDPc8mp7m+S6k3fdKj7vWgB8Gtj7Oq3AZ3fCs7DmorqxQTbl+oAqJJl
 u4gJMKwIxT3kNq+HG5/7o7D1zTA7Pwpd6NBrk5vQwMv3Pl+7UnjAwwXX7tFe3l5UjBbHvXP3Gn
 COxhuo2IL1G+qPcFYXcknoT/n2pbgVZtGFxZvNbH5VOBk+vt+FZ8lrPakrcqyHGcEYzWidWS3l
 CxAlVPUdDWxf6pa6nLH/AGlH99QoI4wTwKbA45pHEirjk1asbxYZCsoDYH1rV17wyumSKVbeGG
 4Y6gVk/wBn7UdgCpPc0gLwaEwtLKMDtWhoNykVwHdd8JGCjDIrDkSW1g2zOhVhkVLo+puSVlKl
 ccYoA6Dxf4PbSLRb21wto7DGW7ntj61mpKdXtxaOQvlfMCSBuJrqLfWIfEvhg2muKzQoN4CnBJ
 HT9cVyU5hEjNbB0CHABPNAGTPafZriQONjqcZ6flUtqqB1SRmMr/dJzWlDaLrEUh1Qbnx+628Z
 NZE1s9nfctxEccjpQBO9tLcy7ZjwvfNQ31q9oee3A75qe2Yyzby5OKiutRMsjKQDg4FG4EVvEy
 fM5xnsD1q5bbzKHBAB9KrCJN4YMd3pV+wt8szRZUCnYDXsWSGPz7jGI+SMVVuvErXKEWuRk9QM
 YqXVyLXTUyRmRcmsSC4EAO8D2pAXxbmaIMR8w7+tVdRtkUAT9ew71as7wsF2nFGsKodDOMzHo/
 YU0rgULe7j098qW545Gaki1FIbwzeYyzfwEdvyqkyGSfaw+bvRcQLayqyEnAyaQHR6gi6/pXnB
 ER0IGFHzN15rnmlXyTGRuQHByeQau2GrS20G9OhO3H1//VWhf6RprXbXmnrMtuYsOjNk78Dkfi
 DQBi2rpHIVQjb1otHPnBZAMAdRVUQiW6Bgyis2Buq29q2nXJjn/eDsycUAOLCG8yg9zkcVCzeV
 IZY+cenekN0LqYRSHAHA9aLMCOTy5BlTyPegCxa6ltkL2+ORzxjFWbTXpLSV3Y84+XFVJvLilK
 jgVFMpAyBxQBq6prEF7bQSzA+ZJ97jpVRGjDbUJAB+U+tUywlJUdE6VteHLK3kuoDqQZ0zyAcY
 FAG3feVo+io90u2d13R/LyR35rm77VZNSmzC5SEj5hnH14/Otu+hv/FN3gTWywW4KRqQM4/OsU
 eFZp5miaVAc9R0oAaXWa0EUWCIjuA9PeqEMbCYM3G77oArbi8Gz2YDmeLc3ygev61X1CxnnuTE
 8TvPb9fKXigDMuIJFlBdtzHnAPSrEF0IwDCm5hw2VNRzxTWt0BeKVMnTIxj8KZ/ahtgY49uT7U
 AX7VH1K63oERVOTxiuu0ex0nS7L7chJkm+R1kwwyPQZrh4JJDwzbVbk4/OrNpefLsnyyg5UUAf
 /9k=

END:VCARD

